###############################################################################
#
# IAR ELF Linker V9.32.1.338/W64 for ARM                  09/Mar/2023  13:24:25
# Copyright 2007-2022 IAR Systems AB.
#
#    Output file  =
#        C:\Users\IoT21\Documents\iar\0309
#        sampleUart2_project_split_ksh_v3_pb7_counter\Debug\Exe\sampleUart2.out
#    Map file     =
#        C:\Users\IoT21\Documents\iar\0309
#        sampleUart2_project_split_ksh_v3_pb7_counter\Debug\List\sampleUart2.map
#    Command line =
#        -f "C:\Users\IoT21\Documents\iar\0309
#        sampleUart2_project_split_ksh_v3_pb7_counter\Debug\Exe\sampleUart2.out.rsp"
#        ("C:\Users\IoT21\Documents\iar\0309
#        sampleUart2_project_split_ksh_v3_pb7_counter\Debug\Obj\adc1.o"
#        "C:\Users\IoT21\Documents\iar\0309
#        sampleUart2_project_split_ksh_v3_pb7_counter\Debug\Obj\key.o"
#        "C:\Users\IoT21\Documents\iar\0309
#        sampleUart2_project_split_ksh_v3_pb7_counter\Debug\Obj\lcd.o"
#        "C:\Users\IoT21\Documents\iar\0309
#        sampleUart2_project_split_ksh_v3_pb7_counter\Debug\Obj\main.o"
#        "C:\Users\IoT21\Documents\iar\0309
#        sampleUart2_project_split_ksh_v3_pb7_counter\Debug\Obj\STM32\misc.o"
#        "C:\Users\IoT21\Documents\iar\0309
#        sampleUart2_project_split_ksh_v3_pb7_counter\Debug\Obj\CMSIS\startup_stm32f40_41xxx.o"
#        "C:\Users\IoT21\Documents\iar\0309
#        sampleUart2_project_split_ksh_v3_pb7_counter\Debug\Obj\STM32\stm32f4xx_adc.o"
#        "C:\Users\IoT21\Documents\iar\0309
#        sampleUart2_project_split_ksh_v3_pb7_counter\Debug\Obj\STM32\stm32f4xx_exti.o"
#        "C:\Users\IoT21\Documents\iar\0309
#        sampleUart2_project_split_ksh_v3_pb7_counter\Debug\Obj\STM32\stm32f4xx_gpio.o"
#        "C:\Users\IoT21\Documents\iar\0309
#        sampleUart2_project_split_ksh_v3_pb7_counter\Debug\Obj\COMM\stm32f4xx_it.o"
#        "C:\Users\IoT21\Documents\iar\0309
#        sampleUart2_project_split_ksh_v3_pb7_counter\Debug\Obj\STM32\stm32f4xx_rcc.o"
#        "C:\Users\IoT21\Documents\iar\0309
#        sampleUart2_project_split_ksh_v3_pb7_counter\Debug\Obj\STM32\stm32f4xx_syscfg.o"
#        "C:\Users\IoT21\Documents\iar\0309
#        sampleUart2_project_split_ksh_v3_pb7_counter\Debug\Obj\STM32\stm32f4xx_tim.o"
#        "C:\Users\IoT21\Documents\iar\0309
#        sampleUart2_project_split_ksh_v3_pb7_counter\Debug\Obj\STM32\stm32f4xx_usart.o"
#        "C:\Users\IoT21\Documents\iar\0309
#        sampleUart2_project_split_ksh_v3_pb7_counter\Debug\Obj\COMM\system_stm32f4xx.o"
#        "C:\Users\IoT21\Documents\iar\0309
#        sampleUart2_project_split_ksh_v3_pb7_counter\Debug\Obj\tim10_motor.o"
#        "C:\Users\IoT21\Documents\iar\0309
#        sampleUart2_project_split_ksh_v3_pb7_counter\Debug\Obj\tim4_counter.o"
#        "C:\Users\IoT21\Documents\iar\0309
#        sampleUart2_project_split_ksh_v3_pb7_counter\Debug\Obj\STM32\tim7_fnd.o"
#        "C:\Users\IoT21\Documents\iar\0309
#        sampleUart2_project_split_ksh_v3_pb7_counter\Debug\Obj\uart2.o"
#        "C:\Users\IoT21\Documents\iar\0309
#        sampleUart2_project_split_ksh_v3_pb7_counter\Debug\Obj\uart4.o"
#        --no_out_extension -o "C:\Users\IoT21\Documents\iar\0309
#        sampleUart2_project_split_ksh_v3_pb7_counter\Debug\Exe\sampleUart2.out"
#        --redirect _Printf=_PrintfFullNoMb --redirect _Scanf=_ScanfFullNoMb
#        --map "C:\Users\IoT21\Documents\iar\0309
#        sampleUart2_project_split_ksh_v3_pb7_counter\Debug\List\sampleUart2.map"
#        --config "C:\Users\IoT21\Documents\iar\0309
#        sampleUart2_project_split_ksh_v3_pb7_counter\stm32f405xG.icf"
#        --semihosting --entry __iar_program_start --vfe --text_out locale
#        --cpu=Cortex-M4 --fpu=VFPv4_sp)
#
###############################################################################

*******************************************************************************
*** RUNTIME MODEL ATTRIBUTES
***

CppFlavor       = *
__CPP_Runtime   = 1
__SystemLibrary = DLib
__dlib_version  = 6


*******************************************************************************
*** HEAP SELECTION
***

The basic heap was selected because --advanced_heap
was not specified and the application did not appear to
be primarily optimized for speed.


*******************************************************************************
*** PLACEMENT SUMMARY
***

"A0":  place at address 0x800'0000 { ro section .intvec };
"P1":  place in [from 0x800'0000 to 0x80f'ffff] { ro };
define block CSTACK with size = 8K, alignment = 8 { };
define block HEAP with size = 8K, alignment = 8 { };
"P2":  place in [from 0x2000'0000 to 0x2001'ffff] {
          rw, block CSTACK, block HEAP };
initialize by copy { rw };

No sections matched the following patterns:

  section .sram  in "P3"


  Section            Kind         Address    Size  Object
  -------            ----         -------    ----  ------
"A0":                                       0x188
  .intvec            ro code   0x800'0000   0x188  startup_stm32f40_41xxx.o [2]
                             - 0x800'0188   0x188

"P1":                                      0x3c4f
  .text              ro code   0x800'0188   0xeca  xprintffull_nomb.o [5]
  .text              ro code   0x800'1052    0x7e  lz77_init_single.o [7]
  .text              ro code   0x800'10d0    0x16  strchr.o [7]
  .text              ro code   0x800'10e6    0x12  stm32f4xx_it.o [3]
  .text              ro code   0x800'10f8    0x40  xfail_s.o [5]
  .text              ro code   0x800'1138    0x36  strlen.o [7]
  .text              ro code   0x800'116e     0xa  xsprout.o [5]
  .text              ro code   0x800'1178    0x58  memchr.o [7]
  .text              ro code   0x800'11d0    0xa6  ABImemcpy.o [7]
  .rodata            const     0x800'1276     0x2  xlocale_c.o [5]
  .text              ro code   0x800'1278    0x70  frexp.o [6]
  .text              ro code   0x800'12e8    0x34  DblCmpLe.o [6]
  .text              ro code   0x800'131c    0x34  DblCmpGe.o [6]
  .text              ro code   0x800'1350   0x13a  ldexp.o [6]
  .rodata            const     0x800'148a     0x2  xlocale_c.o [5]
  .text              ro code   0x800'148c    0x36  DblToS32.o [6]
  .rodata            const     0x800'14c2     0x1  xlocale_c.o [5]
  .text              ro code   0x800'14c4    0x22  S32ToDbl.o [6]
  .text              ro code   0x800'14e8   0x24e  DblAddSub.o [6]
  .text              ro code   0x800'1738   0x246  DblDiv.o [6]
  .text              ro code   0x800'1980    0x22  DblToU32.o [6]
  .text              ro code   0x800'19a4    0x1c  U32ToDbl.o [6]
  .text              ro code   0x800'19c0   0x1aa  DblMul.o [6]
  .text              ro code   0x800'1b6c    0x3c  xlocale_c.o [5]
  .text              ro code   0x800'1ba8   0x230  I64DivMod.o [7]
  .text              ro code   0x800'1dd8     0x6  abort.o [5]
  .text              ro code   0x800'1de0     0x2  I64DivZer.o [7]
  .text              ro code   0x800'1de4    0x14  exit.o [8]
  .text              ro code   0x800'1df8   0x3cc  main.o [1]
  .text              ro code   0x800'21c4   0x11c  key.o [1]
  .text              ro code   0x800'22e0   0x224  tim7_fnd.o [4]
  .text              ro code   0x800'2504   0x168  uart2.o [1]
  .text              ro code   0x800'266c   0x148  uart4.o [1]
  .text              ro code   0x800'27b4    0xc4  tim10_motor.o [1]
  .text              ro code   0x800'2878    0xc8  tim4_counter.o [1]
  .text              ro code   0x800'2940   0x1a6  lcd.o [1]
  .text              ro code   0x800'2ae8   0x104  adc1.o [1]
  .text              ro code   0x800'2bec    0x28  printf.o [5]
  .text              ro code   0x800'2c14   0x1d8  stm32f4xx_adc.o [4]
  .text              ro code   0x800'2dec     0x8  abs.o [5]
  .text              ro code   0x800'2df4     0x6  ABImemclr4.o [7]
  .text              ro code   0x800'2dfc    0x66  ABImemset.o [7]
  .text              ro code   0x800'2e64    0x18  strcpy.o [7]
  .text              ro code   0x800'2e7c    0x4c  strtok.o [5]
  .text              ro code   0x800'2ec8    0x12  strcmp.o [7]
  .text              ro code   0x800'2edc   0x14e  iar_Stoulx.o [5]
  .text              ro code   0x800'302c   0x102  stm32f4xx_gpio.o [4]
  .text              ro code   0x800'3130    0x40  sprintf.o [5]
  .text              ro code   0x800'3170    0x2a  strncmp.o [5]
  .text              ro code   0x800'319c   0x130  stm32f4xx_rcc.o [4]
  .text              ro code   0x800'32cc    0xa8  stm32f4xx_exti.o [4]
  .text              ro code   0x800'3374    0x50  stm32f4xx_syscfg.o [4]
  .text              ro code   0x800'33c4    0x80  misc.o [4]
  .text              ro code   0x800'3444   0x248  stm32f4xx_tim.o [4]
  .text              ro code   0x800'368c   0x1c6  stm32f4xx_usart.o [4]
  .text              ro code   0x800'3854    0x32  ABImemset48.o [7]
  .text              ro code   0x800'3886    0x22  strspn.o [5]
  .text              ro code   0x800'38a8    0x22  strcspn.o [5]
  .text              ro code   0x800'38ca    0x14  isspace.o [5]
  .text              ro code   0x800'38de    0x14  tolower.o [5]
  .text              ro code   0x800'38f4   0x124  system_stm32f4xx.o [3]
  .rodata            const     0x800'3a18    0x50  iar_Stoulx.o [5]
  .text              ro code   0x800'3a68    0x38  zero_init3.o [7]
  .text              ro code   0x800'3aa0    0x28  data_init.o [7]
  .text              ro code   0x800'3ac8    0x22  fpinit_M.o [6]
  .iar.init_table    const     0x800'3aec    0x20  - Linker created -
  .text              ro code   0x800'3b0c    0x1e  cmain.o [7]
  .text              ro code   0x800'3b2a     0x4  low_level_init.o [5]
  .text              ro code   0x800'3b2e     0x4  exit.o [5]
  .text              ro code   0x800'3b34     0xa  cexit.o [7]
  .text              ro code   0x800'3b40    0x1c  cstartup_M.o [7]
  .text              ro code   0x800'3b5c    0x16  xprout.o [5]
  .rodata            const     0x800'3b74    0x14  main.o [1]
  .rodata            const     0x800'3b88    0x10  main.o [1]
  .rodata            const     0x800'3b98    0x10  main.o [1]
  .rodata            const     0x800'3ba8    0x10  main.o [1]
  .rodata            const     0x800'3bb8    0x10  main.o [1]
  .rodata            const     0x800'3bc8    0x10  main.o [1]
  .rodata            const     0x800'3bd8    0x10  main.o [1]
  .rodata            const     0x800'3be8    0x10  main.o [1]
  .rodata            const     0x800'3bf8    0x10  main.o [1]
  .text              ro code   0x800'3c08    0x10  startup_stm32f40_41xxx.o [2]
  .rodata            const     0x800'3c18     0xc  main.o [1]
  .rodata            const     0x800'3c24     0xc  main.o [1]
  .rodata            const     0x800'3c30     0x8  main.o [1]
  .rodata            const     0x800'3c38     0x8  main.o [1]
  .rodata            const     0x800'3c40     0x8  main.o [1]
  .rodata            const     0x800'3c48     0x8  main.o [1]
  .text              ro code   0x800'3c50     0x4  startup_stm32f40_41xxx.o [2]
  .text              ro code   0x800'3c54     0x4  startup_stm32f40_41xxx.o [2]
  .text              ro code   0x800'3c58     0x4  startup_stm32f40_41xxx.o [2]
  .text              ro code   0x800'3c5c     0x4  startup_stm32f40_41xxx.o [2]
  .text              ro code   0x800'3c60     0x4  startup_stm32f40_41xxx.o [2]
  .text              ro code   0x800'3c64     0x4  startup_stm32f40_41xxx.o [2]
  .text              ro code   0x800'3c68     0x4  startup_stm32f40_41xxx.o [2]
  .text              ro code   0x800'3c6c     0x4  startup_stm32f40_41xxx.o [2]
  .text              ro code   0x800'3c70     0x4  startup_stm32f40_41xxx.o [2]
  .text              ro code   0x800'3c74     0x4  startup_stm32f40_41xxx.o [2]
  .text              ro code   0x800'3c78     0x4  startup_stm32f40_41xxx.o [2]
  .text              ro code   0x800'3c7c     0x4  startup_stm32f40_41xxx.o [2]
  .text              ro code   0x800'3c80     0x4  startup_stm32f40_41xxx.o [2]
  .text              ro code   0x800'3c84     0x4  startup_stm32f40_41xxx.o [2]
  .text              ro code   0x800'3c88     0x4  startup_stm32f40_41xxx.o [2]
  .text              ro code   0x800'3c8c     0x4  startup_stm32f40_41xxx.o [2]
  .text              ro code   0x800'3c90     0x4  startup_stm32f40_41xxx.o [2]
  .text              ro code   0x800'3c94     0x4  startup_stm32f40_41xxx.o [2]
  .text              ro code   0x800'3c98     0x4  startup_stm32f40_41xxx.o [2]
  .text              ro code   0x800'3c9c     0x4  startup_stm32f40_41xxx.o [2]
  .text              ro code   0x800'3ca0     0x4  startup_stm32f40_41xxx.o [2]
  .text              ro code   0x800'3ca4     0x4  startup_stm32f40_41xxx.o [2]
  .text              ro code   0x800'3ca8     0x4  startup_stm32f40_41xxx.o [2]
  .text              ro code   0x800'3cac     0x4  startup_stm32f40_41xxx.o [2]
  .text              ro code   0x800'3cb0     0x4  startup_stm32f40_41xxx.o [2]
  .text              ro code   0x800'3cb4     0x4  startup_stm32f40_41xxx.o [2]
  .text              ro code   0x800'3cb8     0x4  startup_stm32f40_41xxx.o [2]
  .text              ro code   0x800'3cbc     0x4  startup_stm32f40_41xxx.o [2]
  .text              ro code   0x800'3cc0     0x4  startup_stm32f40_41xxx.o [2]
  .text              ro code   0x800'3cc4     0x4  startup_stm32f40_41xxx.o [2]
  .text              ro code   0x800'3cc8     0x4  startup_stm32f40_41xxx.o [2]
  .text              ro code   0x800'3ccc     0x4  startup_stm32f40_41xxx.o [2]
  .text              ro code   0x800'3cd0     0x4  startup_stm32f40_41xxx.o [2]
  .text              ro code   0x800'3cd4     0x4  startup_stm32f40_41xxx.o [2]
  .text              ro code   0x800'3cd8     0x4  startup_stm32f40_41xxx.o [2]
  .text              ro code   0x800'3cdc     0x4  startup_stm32f40_41xxx.o [2]
  .text              ro code   0x800'3ce0     0x4  startup_stm32f40_41xxx.o [2]
  .text              ro code   0x800'3ce4     0x4  startup_stm32f40_41xxx.o [2]
  .text              ro code   0x800'3ce8     0x4  startup_stm32f40_41xxx.o [2]
  .text              ro code   0x800'3cec     0x4  startup_stm32f40_41xxx.o [2]
  .text              ro code   0x800'3cf0     0x4  startup_stm32f40_41xxx.o [2]
  .text              ro code   0x800'3cf4     0x4  startup_stm32f40_41xxx.o [2]
  .text              ro code   0x800'3cf8     0x4  startup_stm32f40_41xxx.o [2]
  .text              ro code   0x800'3cfc     0x4  startup_stm32f40_41xxx.o [2]
  .text              ro code   0x800'3d00     0x4  startup_stm32f40_41xxx.o [2]
  .text              ro code   0x800'3d04     0x4  startup_stm32f40_41xxx.o [2]
  .text              ro code   0x800'3d08     0x4  startup_stm32f40_41xxx.o [2]
  .text              ro code   0x800'3d0c     0x4  startup_stm32f40_41xxx.o [2]
  .text              ro code   0x800'3d10     0x4  startup_stm32f40_41xxx.o [2]
  .text              ro code   0x800'3d14     0x4  startup_stm32f40_41xxx.o [2]
  .text              ro code   0x800'3d18     0x4  startup_stm32f40_41xxx.o [2]
  .text              ro code   0x800'3d1c     0x4  startup_stm32f40_41xxx.o [2]
  .text              ro code   0x800'3d20     0x4  startup_stm32f40_41xxx.o [2]
  .text              ro code   0x800'3d24     0x4  startup_stm32f40_41xxx.o [2]
  .text              ro code   0x800'3d28     0x4  startup_stm32f40_41xxx.o [2]
  .text              ro code   0x800'3d2c     0x4  startup_stm32f40_41xxx.o [2]
  .text              ro code   0x800'3d30     0x4  startup_stm32f40_41xxx.o [2]
  .text              ro code   0x800'3d34     0x4  startup_stm32f40_41xxx.o [2]
  .text              ro code   0x800'3d38     0x4  startup_stm32f40_41xxx.o [2]
  .text              ro code   0x800'3d3c     0x4  startup_stm32f40_41xxx.o [2]
  .text              ro code   0x800'3d40     0x4  startup_stm32f40_41xxx.o [2]
  .text              ro code   0x800'3d44     0x4  startup_stm32f40_41xxx.o [2]
  .text              ro code   0x800'3d48     0x4  startup_stm32f40_41xxx.o [2]
  .text              ro code   0x800'3d4c     0x4  startup_stm32f40_41xxx.o [2]
  .text              ro code   0x800'3d50     0x4  startup_stm32f40_41xxx.o [2]
  .text              ro code   0x800'3d54     0x4  startup_stm32f40_41xxx.o [2]
  .text              ro code   0x800'3d58     0x4  startup_stm32f40_41xxx.o [2]
  .text              ro code   0x800'3d5c     0x4  startup_stm32f40_41xxx.o [2]
  .text              ro code   0x800'3d60     0x4  startup_stm32f40_41xxx.o [2]
  .text              ro code   0x800'3d64     0x4  startup_stm32f40_41xxx.o [2]
  .text              ro code   0x800'3d68     0x4  startup_stm32f40_41xxx.o [2]
  .text              ro code   0x800'3d6c     0x4  startup_stm32f40_41xxx.o [2]
  .text              ro code   0x800'3d70     0x4  startup_stm32f40_41xxx.o [2]
  .text              ro code   0x800'3d74     0x4  startup_stm32f40_41xxx.o [2]
  .text              ro code   0x800'3d78     0x4  startup_stm32f40_41xxx.o [2]
  .text              ro code   0x800'3d7c     0x4  startup_stm32f40_41xxx.o [2]
  .rodata            const     0x800'3d80     0x0  zero_init3.o [7]
  .rodata            const     0x800'3d80     0x0  lz77_init_single.o [7]
  Initializer bytes  const     0x800'3d80    0x57  <for P2-1>
                             - 0x800'3dd7  0x3c4f

"P2", part 1 of 3:                           0xac
  P2-1                        0x2000'0000    0xac  <Init block>
    .data            inited   0x2000'0000     0x4  main.o [1]
    .data            inited   0x2000'0004    0x10  stm32f4xx_rcc.o [4]
    .data            inited   0x2000'0014    0x14  tim7_fnd.o [4]
    .data            inited   0x2000'0028     0x4  tim7_fnd.o [4]
    .data            inited   0x2000'002c    0x38  xlocale_c.o [5]
    .data            inited   0x2000'0064    0x48  xlocale_c.o [5]
                            - 0x2000'00ac    0xac

"P2", part 2 of 3:                           0xb0
  .bss               zero     0x2000'00ac    0x34  uart2.o [1]
  .bss               zero     0x2000'00e0    0x34  uart4.o [1]
  .bss               zero     0x2000'0114     0x4  adc1.o [1]
  .bss               zero     0x2000'0118     0x4  key.o [1]
  .bss               zero     0x2000'011c     0x4  tim4_counter.o [1]
  .bss               zero     0x2000'0120     0x4  tim7_fnd.o [4]
  .bss               zero     0x2000'0124     0x4  tim7_fnd.o [4]
  .bss               zero     0x2000'0128     0x4  tim7_fnd.o [4]
  .bss               zero     0x2000'012c     0x4  tim7_fnd.o [4]
  .bss               zero     0x2000'0130     0x4  tim7_fnd.o [4]
  .bss               zero     0x2000'0134     0x4  tim7_fnd.o [4]
  .bss               zero     0x2000'0138     0x4  tim7_fnd.o [4]
  .bss               zero     0x2000'013c     0x4  tim7_fnd.o [4]
  .bss               zero     0x2000'0140     0x4  tim7_fnd.o [4]
  .bss               zero     0x2000'0144     0x4  tim7_fnd.o [4]
  .bss               zero     0x2000'0148     0x4  uart2.o [1]
  .bss               zero     0x2000'014c     0x4  uart4.o [1]
  .bss               zero     0x2000'0150     0x4  strtok.o [5]
  .bss               zero     0x2000'0154     0x4  xfail_s.o [5]
  .bss               zero     0x2000'0158     0x2  adc1.o [1]
  .bss               zero     0x2000'015a     0x1  uart2.o [1]
  .bss               zero     0x2000'015b     0x1  uart4.o [1]
                            - 0x2000'015c    0xb0

"P2", part 3 of 3:                         0x2000
  CSTACK                      0x2000'0160  0x2000  <Block>
    CSTACK           uninit   0x2000'0160  0x2000  <Block tail>
                            - 0x2000'2160  0x2000

Unused ranges:

         From           To      Size
         ----           --      ----
   0x800'3dd7   0x80f'ffff  0xf'c229
  0x2000'015c  0x2000'015f       0x4
  0x2000'2160  0x2001'ffff  0x1'dea0


*******************************************************************************
*** INIT TABLE
***

          Address      Size
          -------      ----
Zero (__iar_zero_init3)
    1 destination range, total size 0xb0:
          0x2000'00ac  0xb0

Copy/lz77 (__iar_lz77_init_single3)
    1 source range, total size 0x57 (50% of destination):
           0x800'3d80  0x57
    1 destination range, total size 0xac:
          0x2000'0000  0xac



*******************************************************************************
*** MODULE SUMMARY
***

    Module                    ro code  ro data  rw data
    ------                    -------  -------  -------
command line/config:
    ---------------------------------------------------
    Total:

C:\Users\IoT21\Documents\iar\0309 sampleUart2_project_split_ksh_v3_pb7_counter\Debug\Obj: [1]
    adc1.o                        260                 6
    key.o                         284                 4
    lcd.o                         422
    main.o                        972      206        4
    tim10_motor.o                 196
    tim4_counter.o                200                 4
    uart2.o                       360                57
    uart4.o                       328                57
    ---------------------------------------------------
    Total:                      3'022      206      132

C:\Users\IoT21\Documents\iar\0309 sampleUart2_project_split_ksh_v3_pb7_counter\Debug\Obj\CMSIS: [2]
    startup_stm32f40_41xxx.o      712
    ---------------------------------------------------
    Total:                        712

C:\Users\IoT21\Documents\iar\0309 sampleUart2_project_split_ksh_v3_pb7_counter\Debug\Obj\COMM: [3]
    stm32f4xx_it.o                 18
    system_stm32f4xx.o            292
    ---------------------------------------------------
    Total:                        310

C:\Users\IoT21\Documents\iar\0309 sampleUart2_project_split_ksh_v3_pb7_counter\Debug\Obj\STM32: [4]
    misc.o                        128
    stm32f4xx_adc.o               472
    stm32f4xx_exti.o              168
    stm32f4xx_gpio.o              258
    stm32f4xx_rcc.o               304        8       16
    stm32f4xx_syscfg.o             80
    stm32f4xx_tim.o               584
    stm32f4xx_usart.o             454
    tim7_fnd.o                    548       12       64
    ---------------------------------------------------
    Total:                      2'996       20       80

dl7M_tlf.a: [5]
    abort.o                         6
    abs.o                           8
    exit.o                          4
    iar_Stoulx.o                  334       80
    isspace.o                      20
    low_level_init.o                4
    printf.o                       40
    sprintf.o                      64
    strcspn.o                      34
    strncmp.o                      42
    strspn.o                       34
    strtok.o                       76                 4
    tolower.o                      20
    xfail_s.o                      64                 4
    xlocale_c.o                    60       70      128
    xprintffull_nomb.o          3'786
    xprout.o                       22
    xsprout.o                      10
    ---------------------------------------------------
    Total:                      4'628      150      136

m7M_tls.a: [6]
    DblAddSub.o                   590
    DblCmpGe.o                     52
    DblCmpLe.o                     52
    DblDiv.o                      582
    DblMul.o                      426
    DblToS32.o                     54
    DblToU32.o                     34
    S32ToDbl.o                     34
    U32ToDbl.o                     28
    fpinit_M.o                     34
    frexp.o                       112
    ldexp.o                       314
    ---------------------------------------------------
    Total:                      2'312

rt7M_tl.a: [7]
    ABImemclr4.o                    6
    ABImemcpy.o                   166
    ABImemset.o                   102
    ABImemset48.o                  50
    I64DivMod.o                   560
    I64DivZer.o                     2
    cexit.o                        10
    cmain.o                        30
    cstartup_M.o                   28
    data_init.o                    40
    lz77_init_single.o            126
    memchr.o                       88
    strchr.o                       22
    strcmp.o                       18
    strcpy.o                       24
    strlen.o                       54
    zero_init3.o                   56
    ---------------------------------------------------
    Total:                      1'382

shb_l.a: [8]
    exit.o                         20
    ---------------------------------------------------
    Total:                         20

    Gaps                           37        4
    Linker created                          32    8'192
-------------------------------------------------------
    Grand Total:               15'419      412    8'540


*******************************************************************************
*** ENTRY LIST
***

Entry                       Address   Size  Type      Object
-----                       -------   ----  ----      ------
.iar.init_table$$Base    0x800'3aec          --   Gb  - Linker created -
.iar.init_table$$Limit   0x800'3b0c          --   Gb  - Linker created -
?main                    0x800'3b0d         Code  Gb  cmain.o [7]
ADC_ClearITPendingBit    0x800'2ddf    0xe  Code  Gb  stm32f4xx_adc.o [4]
ADC_Cmd                  0x800'2c7d   0x1a  Code  Gb  stm32f4xx_adc.o [4]
ADC_CommonInit           0x800'2c5f   0x1e  Code  Gb  stm32f4xx_adc.o [4]
ADC_GetConversionValue   0x800'2d75    0x6  Code  Gb  stm32f4xx_adc.o [4]
ADC_GetITStatus          0x800'2daf   0x30  Code  Gb  stm32f4xx_adc.o [4]
ADC_IRQHandler           0x800'2baf   0x2e  Code  Gb  adc1.o [1]
ADC_ITConfig             0x800'2d8d   0x22  Code  Gb  stm32f4xx_adc.o [4]
ADC_Init                 0x800'2c15   0x4a  Code  Gb  stm32f4xx_adc.o [4]
ADC_RegularChannelConfig
                         0x800'2c97   0xd4  Code  Gb  stm32f4xx_adc.o [4]
ADC_SoftwareStartConv    0x800'2d6b    0xa  Code  Gb  stm32f4xx_adc.o [4]
APBAHBPrescTable        0x2000'0004   0x10  Data  Lc  stm32f4xx_rcc.o [4]
BusFault_Handler         0x800'10ed    0x2  Code  Gb  stm32f4xx_it.o [3]
CAN1_RX0_IRQHandler      0x800'3c9d         Code  Wk  startup_stm32f40_41xxx.o [2]
CAN1_RX1_IRQHandler      0x800'3ca1         Code  Wk  startup_stm32f40_41xxx.o [2]
CAN1_SCE_IRQHandler      0x800'3ca5         Code  Wk  startup_stm32f40_41xxx.o [2]
CAN1_TX_IRQHandler       0x800'3c99         Code  Wk  startup_stm32f40_41xxx.o [2]
CAN2_RX0_IRQHandler      0x800'3d39         Code  Wk  startup_stm32f40_41xxx.o [2]
CAN2_RX1_IRQHandler      0x800'3d3d         Code  Wk  startup_stm32f40_41xxx.o [2]
CAN2_SCE_IRQHandler      0x800'3d41         Code  Wk  startup_stm32f40_41xxx.o [2]
CAN2_TX_IRQHandler       0x800'3d35         Code  Wk  startup_stm32f40_41xxx.o [2]
CRYP_IRQHandler          0x800'3d75         Code  Wk  startup_stm32f40_41xxx.o [2]
CSTACK$$Base            0x2000'0160          --   Gb  - Linker created -
CSTACK$$Limit           0x2000'2160          --   Gb  - Linker created -
DCMI_IRQHandler          0x800'3d71         Code  Wk  startup_stm32f40_41xxx.o [2]
DMA1_Stream0_IRQHandler
                         0x800'3c7d         Code  Wk  startup_stm32f40_41xxx.o [2]
DMA1_Stream1_IRQHandler
                         0x800'3c81         Code  Wk  startup_stm32f40_41xxx.o [2]
DMA1_Stream2_IRQHandler
                         0x800'3c85         Code  Wk  startup_stm32f40_41xxx.o [2]
DMA1_Stream3_IRQHandler
                         0x800'3c89         Code  Wk  startup_stm32f40_41xxx.o [2]
DMA1_Stream4_IRQHandler
                         0x800'3c8d         Code  Wk  startup_stm32f40_41xxx.o [2]
DMA1_Stream5_IRQHandler
                         0x800'3c91         Code  Wk  startup_stm32f40_41xxx.o [2]
DMA1_Stream6_IRQHandler
                         0x800'3c95         Code  Wk  startup_stm32f40_41xxx.o [2]
DMA1_Stream7_IRQHandler
                         0x800'3cfd         Code  Wk  startup_stm32f40_41xxx.o [2]
DMA2_Stream0_IRQHandler
                         0x800'3d19         Code  Wk  startup_stm32f40_41xxx.o [2]
DMA2_Stream1_IRQHandler
                         0x800'3d1d         Code  Wk  startup_stm32f40_41xxx.o [2]
DMA2_Stream2_IRQHandler
                         0x800'3d21         Code  Wk  startup_stm32f40_41xxx.o [2]
DMA2_Stream3_IRQHandler
                         0x800'3d25         Code  Wk  startup_stm32f40_41xxx.o [2]
DMA2_Stream4_IRQHandler
                         0x800'3d29         Code  Wk  startup_stm32f40_41xxx.o [2]
DMA2_Stream5_IRQHandler
                         0x800'3d49         Code  Wk  startup_stm32f40_41xxx.o [2]
DMA2_Stream6_IRQHandler
                         0x800'3d4d         Code  Wk  startup_stm32f40_41xxx.o [2]
DMA2_Stream7_IRQHandler
                         0x800'3d51         Code  Wk  startup_stm32f40_41xxx.o [2]
DebugMon_Handler         0x800'10f3    0x2  Code  Gb  stm32f4xx_it.o [3]
Delay                    0x800'2941   0x20  Code  Lc  lcd.o [1]
Delay_us                 0x800'2961   0x1c  Code  Lc  lcd.o [1]
ETH_IRQHandler           0x800'3d2d         Code  Wk  startup_stm32f40_41xxx.o [2]
ETH_WKUP_IRQHandler      0x800'3d31         Code  Wk  startup_stm32f40_41xxx.o [2]
EXTI0_IRQHandler         0x800'3c69         Code  Wk  startup_stm32f40_41xxx.o [2]
EXTI15_10_IRQHandler     0x800'2265   0x72  Code  Gb  key.o [1]
EXTI1_IRQHandler         0x800'3c6d         Code  Wk  startup_stm32f40_41xxx.o [2]
EXTI2_IRQHandler         0x800'3c71         Code  Wk  startup_stm32f40_41xxx.o [2]
EXTI3_IRQHandler         0x800'3c75         Code  Wk  startup_stm32f40_41xxx.o [2]
EXTI4_IRQHandler         0x800'3c79         Code  Wk  startup_stm32f40_41xxx.o [2]
EXTI9_5_IRQHandler       0x800'3ca9         Code  Wk  startup_stm32f40_41xxx.o [2]
EXTI_ClearITPendingBit   0x800'3359    0x6  Code  Gb  stm32f4xx_exti.o [4]
EXTI_GetITStatus         0x800'3345   0x14  Code  Gb  stm32f4xx_exti.o [4]
EXTI_Init                0x800'32cd   0x78  Code  Gb  stm32f4xx_exti.o [4]
E_Pulse                  0x800'29bf   0x1c  Code  Gb  lcd.o [1]
FLASH_IRQHandler         0x800'3c61         Code  Wk  startup_stm32f40_41xxx.o [2]
FPU_IRQHandler           0x800'3d7d         Code  Wk  startup_stm32f40_41xxx.o [2]
FSMC_IRQHandler          0x800'3d01         Code  Wk  startup_stm32f40_41xxx.o [2]
Font                    0x2000'0014   0x14  Data  Gb  tim7_fnd.o [4]
Func_Set                 0x800'29db   0x24  Code  Gb  lcd.o [1]
GPIOAB_LCD_Init          0x800'297d   0x42  Code  Gb  lcd.o [1]
GPIO_Init                0x800'302d   0x90  Code  Gb  stm32f4xx_gpio.o [4]
GPIO_PinAFConfig         0x800'30df   0x50  Code  Gb  stm32f4xx_gpio.o [4]
GPIO_ReadInputData       0x800'30bd    0x6  Code  Gb  stm32f4xx_gpio.o [4]
GPIO_ResetBits           0x800'30c7    0x4  Code  Gb  stm32f4xx_gpio.o [4]
GPIO_SetBits             0x800'30c3    0x4  Code  Gb  stm32f4xx_gpio.o [4]
GPIO_Write               0x800'30d9    0x6  Code  Gb  stm32f4xx_gpio.o [4]
GPIO_WriteBit            0x800'30cb    0xe  Code  Gb  stm32f4xx_gpio.o [4]
HASH_RNG_IRQHandler      0x800'3d79         Code  Wk  startup_stm32f40_41xxx.o [2]
HardFault_Handler        0x800'10e9    0x2  Code  Gb  stm32f4xx_it.o [3]
I2C1_ER_IRQHandler       0x800'3cc9         Code  Wk  startup_stm32f40_41xxx.o [2]
I2C1_EV_IRQHandler       0x800'3cc5         Code  Wk  startup_stm32f40_41xxx.o [2]
I2C2_ER_IRQHandler       0x800'3cd1         Code  Wk  startup_stm32f40_41xxx.o [2]
I2C2_EV_IRQHandler       0x800'3ccd         Code  Wk  startup_stm32f40_41xxx.o [2]
I2C3_ER_IRQHandler       0x800'3d5d         Code  Wk  startup_stm32f40_41xxx.o [2]
I2C3_EV_IRQHandler       0x800'3d59         Code  Wk  startup_stm32f40_41xxx.o [2]
Init_ADC1                0x800'2ae9   0xc6  Code  Gb  adc1.o [1]
Init_LCD                 0x800'29ff   0x52  Code  Gb  lcd.o [1]
Key_Init                 0x800'21c5   0xa0  Code  Gb  key.o [1]
MemManage_Handler        0x800'10eb    0x2  Code  Gb  stm32f4xx_it.o [3]
Motor_Left               0x800'20e3   0x1e  Code  Gb  main.o [1]
Motor_Pwm                0x800'211f    0x6  Code  Gb  main.o [1]
Motor_Right              0x800'20c5   0x1e  Code  Gb  main.o [1]
Motor_Stop               0x800'2101   0x1e  Code  Gb  main.o [1]
NMI_Handler              0x800'10e7    0x2  Code  Gb  stm32f4xx_it.o [3]
NVIC_Init                0x800'33cf   0x62  Code  Gb  misc.o [4]
NVIC_PriorityGroupConfig
                         0x800'33c5    0xa  Code  Gb  misc.o [4]
OTG_FS_IRQHandler        0x800'3d45         Code  Wk  startup_stm32f40_41xxx.o [2]
OTG_FS_WKUP_IRQHandler   0x800'3ce9         Code  Wk  startup_stm32f40_41xxx.o [2]
OTG_HS_EP1_IN_IRQHandler
                         0x800'3d65         Code  Wk  startup_stm32f40_41xxx.o [2]
OTG_HS_EP1_OUT_IRQHandler
                         0x800'3d61         Code  Wk  startup_stm32f40_41xxx.o [2]
OTG_HS_IRQHandler        0x800'3d6d         Code  Wk  startup_stm32f40_41xxx.o [2]
OTG_HS_WKUP_IRQHandler   0x800'3d69         Code  Wk  startup_stm32f40_41xxx.o [2]
PVD_IRQHandler           0x800'3c55         Code  Wk  startup_stm32f40_41xxx.o [2]
PendSV_Handler           0x800'10f5    0x2  Code  Gb  stm32f4xx_it.o [3]
RCC_AHB1PeriphClockCmd   0x800'3259   0x1c  Code  Gb  stm32f4xx_rcc.o [4]
RCC_APB1PeriphClockCmd   0x800'3275   0x1c  Code  Gb  stm32f4xx_rcc.o [4]
RCC_APB2PeriphClockCmd   0x800'3291   0x1c  Code  Gb  stm32f4xx_rcc.o [4]
RCC_GetClocksFreq        0x800'319d   0xbc  Code  Gb  stm32f4xx_rcc.o [4]
RCC_IRQHandler           0x800'3c65         Code  Wk  startup_stm32f40_41xxx.o [2]
RTC_Alarm_IRQHandler     0x800'3ce5         Code  Wk  startup_stm32f40_41xxx.o [2]
RTC_WKUP_IRQHandler      0x800'3c5d         Code  Wk  startup_stm32f40_41xxx.o [2]
Region$$Table$$Base      0x800'3aec          --   Gb  - Linker created -
Region$$Table$$Limit     0x800'3b0c          --   Gb  - Linker created -
Reset_Handler            0x800'3c09         Code  Wk  startup_stm32f40_41xxx.o [2]
SDIO_IRQHandler          0x800'3d05         Code  Wk  startup_stm32f40_41xxx.o [2]
SPI1_IRQHandler          0x800'3cd5         Code  Wk  startup_stm32f40_41xxx.o [2]
SPI2_IRQHandler          0x800'3cd9         Code  Wk  startup_stm32f40_41xxx.o [2]
SPI3_IRQHandler          0x800'3d0d         Code  Wk  startup_stm32f40_41xxx.o [2]
SVC_Handler              0x800'10f1    0x2  Code  Gb  stm32f4xx_it.o [3]
SYSCFG_EXTILineConfig    0x800'3375   0x4c  Code  Gb  stm32f4xx_syscfg.o [4]
Serial2_Send             0x800'25c1   0x1e  Code  Gb  uart2.o [1]
Serial2_Send_String      0x800'25df   0x16  Code  Gb  uart2.o [1]
Serial4_Event            0x800'1f7b  0x14a  Code  Gb  main.o [1]
Serial4_Send             0x800'2729   0x1e  Code  Gb  uart4.o [1]
Serial4_Send_String      0x800'2747   0x16  Code  Gb  uart4.o [1]
SetSysClock              0x800'393b   0xaa  Code  Lc  system_stm32f4xx.o [3]
SysTick_Handler          0x800'10f7    0x2  Code  Gb  stm32f4xx_it.o [3]
SystemInit               0x800'38f5   0x46  Code  Gb  system_stm32f4xx.o [3]
TAMP_STAMP_IRQHandler    0x800'3c59         Code  Wk  startup_stm32f40_41xxx.o [2]
TI1_Config               0x800'361f   0x34  Code  Lc  stm32f4xx_tim.o [4]
TI2_Config               0x800'3653   0x3a  Code  Lc  stm32f4xx_tim.o [4]
TIM10_Motor_Init         0x800'27b5   0xc4  Code  Gb  tim10_motor.o [1]
TIM1_BRK_TIM9_IRQHandler
                         0x800'3cad         Code  Wk  startup_stm32f40_41xxx.o [2]
TIM1_CC_IRQHandler       0x800'3cb9         Code  Wk  startup_stm32f40_41xxx.o [2]
TIM1_TRG_COM_TIM11_IRQHandler
                         0x800'3cb5         Code  Wk  startup_stm32f40_41xxx.o [2]
TIM1_UP_TIM10_IRQHandler
                         0x800'3cb1         Code  Wk  startup_stm32f40_41xxx.o [2]
TIM2_IRQHandler          0x800'3cbd         Code  Wk  startup_stm32f40_41xxx.o [2]
TIM3_IRQHandler          0x800'3cc1         Code  Wk  startup_stm32f40_41xxx.o [2]
TIM4_Counter_Init        0x800'2879   0x92  Code  Gb  tim4_counter.o [1]
TIM4_IRQHandler          0x800'290b   0x28  Code  Gb  tim4_counter.o [1]
TIM5_IRQHandler          0x800'3d09         Code  Wk  startup_stm32f40_41xxx.o [2]
TIM6_DAC_IRQHandler      0x800'3d15         Code  Wk  startup_stm32f40_41xxx.o [2]
TIM7_Fnd_Init            0x800'22e1   0xa0  Code  Gb  tim7_fnd.o [4]
TIM7_IRQHandler          0x800'2381   0x60  Code  Gb  tim7_fnd.o [4]
TIM7_IRQHandler::fnd_digit
                        0x2000'0028    0x4  Data  Lc  tim7_fnd.o [4]
TIM8_BRK_TIM12_IRQHandler
                         0x800'3ced         Code  Wk  startup_stm32f40_41xxx.o [2]
TIM8_CC_IRQHandler       0x800'3cf9         Code  Wk  startup_stm32f40_41xxx.o [2]
TIM8_TRG_COM_TIM14_IRQHandler
                         0x800'3cf5         Code  Wk  startup_stm32f40_41xxx.o [2]
TIM8_UP_TIM13_IRQHandler
                         0x800'3cf1         Code  Wk  startup_stm32f40_41xxx.o [2]
TIM_ARRPreloadConfig     0x800'34af   0x1c  Code  Gb  stm32f4xx_tim.o [4]
TIM_ClearITPendingBit    0x800'35c9    0x8  Code  Gb  stm32f4xx_tim.o [4]
TIM_Cmd                  0x800'34cb   0x1c  Code  Gb  stm32f4xx_tim.o [4]
TIM_GetITStatus          0x800'35a5   0x24  Code  Gb  stm32f4xx_tim.o [4]
TIM_ITConfig             0x800'358d   0x18  Code  Gb  stm32f4xx_tim.o [4]
TIM_OC1Init              0x800'34e7   0x78  Code  Gb  stm32f4xx_tim.o [4]
TIM_OC1PreloadConfig     0x800'357d   0x10  Code  Gb  stm32f4xx_tim.o [4]
TIM_SelectInputTrigger   0x800'360f   0x10  Code  Gb  stm32f4xx_tim.o [4]
TIM_TIxExternalClockConfig
                         0x800'35d1   0x3e  Code  Gb  stm32f4xx_tim.o [4]
TIM_TimeBaseInit         0x800'3445   0x6a  Code  Gb  stm32f4xx_tim.o [4]
UART2_init               0x800'2505   0xbc  Code  Gb  uart2.o [1]
UART4_IRQHandler         0x800'275d   0x42  Code  Gb  uart4.o [1]
UART4_IRQHandler{1}{2}::i
                        0x2000'014c    0x4  Data  Lc  uart4.o [1]
UART4_init               0x800'266d   0xbc  Code  Gb  uart4.o [1]
UART5_IRQHandler         0x800'3d11         Code  Wk  startup_stm32f40_41xxx.o [2]
USART1_IRQHandler        0x800'3cdd         Code  Wk  startup_stm32f40_41xxx.o [2]
USART2_IRQHandler        0x800'2617   0x42  Code  Gb  uart2.o [1]
USART2_IRQHandler{1}{2}::i
                        0x2000'0148    0x4  Data  Lc  uart2.o [1]
USART3_IRQHandler        0x800'3ce1         Code  Wk  startup_stm32f40_41xxx.o [2]
USART6_IRQHandler        0x800'3d55         Code  Wk  startup_stm32f40_41xxx.o [2]
USART_Cmd                0x800'3755   0x1c  Code  Gb  stm32f4xx_usart.o [4]
USART_GetFlagStatus      0x800'37d5   0x1a  Code  Gb  stm32f4xx_usart.o [4]
USART_GetITStatus        0x800'37ef   0x64  Code  Gb  stm32f4xx_usart.o [4]
USART_ITConfig           0x800'3781   0x54  Code  Gb  stm32f4xx_usart.o [4]
USART_Init               0x800'368d   0xba  Code  Gb  stm32f4xx_usart.o [4]
USART_ReceiveData        0x800'3779    0x8  Code  Gb  stm32f4xx_usart.o [4]
USART_SendData           0x800'3771    0x8  Code  Gb  stm32f4xx_usart.o [4]
UsageFault_Handler       0x800'10ef    0x2  Code  Gb  stm32f4xx_it.o [3]
WWDG_IRQHandler          0x800'3c51         Code  Wk  startup_stm32f40_41xxx.o [2]
_LC                      0x800'0189    0x6  Code  Lc  xprintffull_nomb.o [5]
_LitobFullNoMb           0x800'0e71  0x114  Code  Lc  xprintffull_nomb.o [5]
_LocaleC_isspace         0x800'1b79   0x14  Code  Gb  xlocale_c.o [5]
_LocaleC_isupper         0x800'1b6d    0x2  Code  Gb  xlocale_c.o [5]
_LocaleC_tolower         0x800'1b8d    0xc  Code  Gb  xlocale_c.o [5]
_Locale_lconv           0x2000'002c   0x38  Data  Lc  xlocale_c.o [5]
_PrintfFullNoMb          0x800'018f  0xcb4  Code  Gb  xprintffull_nomb.o [5]
_Prout                   0x800'3b5d   0x16  Code  Gb  xprout.o [5]
_PutcharsFullNoMb        0x800'0fdd   0x2e  Code  Lc  xprintffull_nomb.o [5]
_SProut                  0x800'116f    0xa  Code  Gb  xsprout.o [5]
_Strtok_ssave           0x2000'0150    0x4  Data  Lc  strtok.o [5]
__aeabi_cdcmple          0x800'12e9         Code  Gb  DblCmpLe.o [6]
__aeabi_cdrcmple         0x800'131d         Code  Gb  DblCmpGe.o [6]
__aeabi_d2iz             0x800'148d         Code  Gb  DblToS32.o [6]
__aeabi_d2uiz            0x800'1981         Code  Gb  DblToU32.o [6]
__aeabi_ddiv             0x800'1739         Code  Gb  DblDiv.o [6]
__aeabi_dmul             0x800'19c1         Code  Gb  DblMul.o [6]
__aeabi_dsub             0x800'1655         Code  Gb  DblAddSub.o [6]
__aeabi_i2d              0x800'14c5         Code  Gb  S32ToDbl.o [6]
__aeabi_ldiv0            0x800'1de1         Code  Gb  I64DivZer.o [7]
__aeabi_memclr4          0x800'2df5         Code  Gb  ABImemclr4.o [7]
__aeabi_memcpy           0x800'11d1         Code  Gb  ABImemcpy.o [7]
__aeabi_memcpy4          0x800'11f1         Code  Gb  ABImemcpy.o [7]
__aeabi_memcpy8          0x800'11f1         Code  Gb  ABImemcpy.o [7]
__aeabi_memset           0x800'2dfd         Code  Gb  ABImemset.o [7]
__aeabi_ui2d             0x800'19a5         Code  Gb  U32ToDbl.o [6]
__aeabi_uldivmod         0x800'1ba9         Code  Gb  I64DivMod.o [7]
__cmain                  0x800'3b0d         Code  Gb  cmain.o [7]
__exit                   0x800'1de5   0x14  Code  Gb  exit.o [8]
__iar_Fail_s             0x800'10f9   0x1c  Code  Gb  xfail_s.o [5]
__iar_Memchr             0x800'1179         Code  Gb  memchr.o [7]
__iar_Memset             0x800'2dfd         Code  Gb  ABImemset.o [7]
__iar_Memset4_word       0x800'3855         Code  Gb  ABImemset48.o [7]
__iar_Memset8_word       0x800'3855         Code  Gb  ABImemset48.o [7]
__iar_Memset_word        0x800'2e05         Code  Gb  ABImemset.o [7]
__iar_Stoul              0x800'301d    0x2  Code  Gb  iar_Stoulx.o [5]
__iar_Stoulx             0x800'2edd  0x13a  Code  Gb  iar_Stoulx.o [5]
__iar_Strchr             0x800'10d1         Code  Gb  strchr.o [7]
__iar_data_init3         0x800'3aa1   0x28  Code  Gb  data_init.o [7]
__iar_frexp              0x800'1285         Code  Gb  frexp.o [6]
__iar_frexpl             0x800'1285         Code  Gb  frexp.o [6]
__iar_globLocale        0x2000'0064   0x48  Data  Lc  xlocale_c.o [5]
__iar_global_Locale      0x800'1b99    0x4  Code  Gb  xlocale_c.o [5]
__iar_init_vfp           0x800'3ac9         Code  Gb  fpinit_M.o [6]
__iar_ldexp64            0x800'1351         Code  Gb  ldexp.o [6]
__iar_lz77_init_single3
                         0x800'1053   0x7e  Code  Gb  lz77_init_single.o [7]
__iar_program_start      0x800'3b41         Code  Gb  cstartup_M.o [7]
__iar_scalbln64          0x800'1351         Code  Gb  ldexp.o [6]
__iar_scalbn64           0x800'1351         Code  Gb  ldexp.o [6]
__iar_softfp___iar_frexp64
                         0x800'1279         Code  Gb  frexp.o [6]
__iar_softfp_frexp       0x800'1279         Code  Gb  frexp.o [6]
__iar_softfp_frexpl      0x800'1279         Code  Gb  frexp.o [6]
__iar_zero_init3         0x800'3a69   0x38  Code  Gb  zero_init3.o [7]
__low_level_init         0x800'3b2b    0x4  Code  Gb  low_level_init.o [5]
__vector_table           0x800'0000         Data  Gb  startup_stm32f40_41xxx.o [2]
_call_main               0x800'3b19         Code  Gb  cmain.o [7]
_exit                    0x800'3b35         Code  Gb  cexit.o [7]
abort                    0x800'1dd9    0x6  Code  Gb  abort.o [5]
abs                      0x800'2ded    0x8  Code  Wk  abs.o [5]
adc1Flag                0x2000'0114    0x4  Data  Gb  adc1.o [1]
adc_data                0x2000'0158    0x2  Data  Gb  adc1.o [1]
atoi                     0x800'301f    0x2  Code  Gb  iar_Stoulx.o [5]
digits                   0x800'3a40   0x28  Data  Lc  iar_Stoulx.o [5]
display_digit            0x800'2477   0x56  Code  Gb  tim7_fnd.o [4]
display_fnd              0x800'23e1   0x96  Code  Gb  tim7_fnd.o [4]
display_fnd::buff       0x2000'0144    0x4  Data  Lc  tim7_fnd.o [4]
display_fnd::n1         0x2000'0140    0x4  Data  Lc  tim7_fnd.o [4]
display_fnd::n10        0x2000'013c    0x4  Data  Lc  tim7_fnd.o [4]
display_fnd::n100       0x2000'0138    0x4  Data  Lc  tim7_fnd.o [4]
display_fnd::n1000      0x2000'0134    0x4  Data  Lc  tim7_fnd.o [4]
exit                     0x800'3b2f    0x4  Code  Gb  exit.o [5]
fndNumber               0x2000'012c    0x4  Data  Gb  tim7_fnd.o [4]
isspace                  0x800'38cb   0x14  Code  Gb  isspace.o [5]
key                     0x2000'0118    0x4  Data  Gb  key.o [1]
lcd                      0x800'2ac9   0x1e  Code  Gb  lcd.o [1]
lcd_char                 0x800'2a51   0x20  Code  Gb  lcd.o [1]
lcd_disp                 0x800'2a71   0x4e  Code  Gb  lcd.o [1]
ldexp                    0x800'1351         Code  Gb  ldexp.o [6]
ldexpl                   0x800'1351         Code  Gb  ldexp.o [6]
localeconv               0x800'1b9d    0x4  Code  Gb  xlocale_c.o [5]
main                     0x800'1df9  0x182  Code  Gb  main.o [1]
map                      0x800'21ad   0x18  Code  Gb  main.o [1]
memchr                   0x800'1179         Code  Gb  memchr.o [7]
ndigs                    0x800'3a18   0x28  Data  Lc  iar_Stoulx.o [5]
printf                   0x800'2bed   0x28  Code  Gb  printf.o [5]
putchar                  0x800'25f5   0x22  Code  Gb  uart2.o [1]
pwm                     0x2000'0000    0x4  Data  Gb  main.o [1]
rx2Data                 0x2000'00ac   0x34  Data  Gb  uart2.o [1]
rx2Flag                 0x2000'015a    0x1  Data  Gb  uart2.o [1]
rx4Data                 0x2000'00e0   0x34  Data  Gb  uart4.o [1]
rx4Flag                 0x2000'015b    0x1  Data  Gb  uart4.o [1]
scalbln                  0x800'1351         Code  Gb  ldexp.o [6]
scalblnl                 0x800'1351         Code  Gb  ldexp.o [6]
scalbn                   0x800'1351         Code  Gb  ldexp.o [6]
scalbnl                  0x800'1351         Code  Gb  ldexp.o [6]
scale                    0x800'0f85   0x46  Code  Lc  xprintffull_nomb.o [5]
sec_hand                0x2000'0154    0x4  Data  Lc  xfail_s.o [5]
sprintf                  0x800'3131   0x40  Code  Gb  sprintf.o [5]
strchr                   0x800'10d1         Code  Gb  strchr.o [7]
strcmp                   0x800'2ec9         Code  Gb  strcmp.o [7]
strcpy                   0x800'2e65         Code  Gb  strcpy.o [7]
strcspn                  0x800'38a9   0x22  Code  Gb  strcspn.o [5]
strlen                   0x800'1139         Code  Gb  strlen.o [7]
strncmp                  0x800'3171   0x2a  Code  Gb  strncmp.o [5]
strspn                   0x800'3887   0x22  Code  Gb  strspn.o [5]
strtok                   0x800'2e7d   0x4c  Code  Gb  strtok.o [5]
systick_count           0x2000'0124    0x4  Data  Gb  tim7_fnd.o [4]
systick_sec             0x2000'0128    0x4  Data  Gb  tim7_fnd.o [4]
systick_secFlag         0x2000'0130    0x4  Data  Gb  tim7_fnd.o [4]
t_cnt                   0x2000'0120    0x4  Data  Lc  tim7_fnd.o [4]
tim4_counter            0x2000'011c    0x4  Data  Gb  tim4_counter.o [1]
tolower                  0x800'38df   0x14  Code  Gb  tolower.o [5]


[1] = C:\Users\IoT21\Documents\iar\0309 sampleUart2_project_split_ksh_v3_pb7_counter\Debug\Obj
[2] = C:\Users\IoT21\Documents\iar\0309 sampleUart2_project_split_ksh_v3_pb7_counter\Debug\Obj\CMSIS
[3] = C:\Users\IoT21\Documents\iar\0309 sampleUart2_project_split_ksh_v3_pb7_counter\Debug\Obj\COMM
[4] = C:\Users\IoT21\Documents\iar\0309 sampleUart2_project_split_ksh_v3_pb7_counter\Debug\Obj\STM32
[5] = dl7M_tlf.a
[6] = m7M_tls.a
[7] = rt7M_tl.a
[8] = shb_l.a

  15'419 bytes of readonly  code memory
     412 bytes of readonly  data memory
   8'540 bytes of readwrite data memory

Errors: none
Warnings: none
