###############################################################################
#
# IAR ELF Linker V9.32.1.338/W64 for ARM                  03/Mar/2023  09:51:20
# Copyright 2007-2022 IAR Systems AB.
#
#    Output file  =
#        C:\Users\IoT21\Documents\iar\push_example2\Debug\Exe\push_example2.out
#    Map file     =
#        C:\Users\IoT21\Documents\iar\push_example2\Debug\List\push_example2.map
#    Command line =
#        -f
#        C:\Users\IoT21\Documents\iar\push_example2\Debug\Exe\push_example2.out.rsp
#        (C:\Users\IoT21\Documents\iar\push_example2\Debug\Obj\main.o
#        C:\Users\IoT21\Documents\iar\push_example2\Debug\Obj\CMSIS\startup_stm32f40_41xxx.o
#        C:\Users\IoT21\Documents\iar\push_example2\Debug\Obj\COMM\stm32f4xx_gpio.o
#        C:\Users\IoT21\Documents\iar\push_example2\Debug\Obj\STM32\stm32f4xx_it.o
#        C:\Users\IoT21\Documents\iar\push_example2\Debug\Obj\COMM\stm32f4xx_rcc.o
#        C:\Users\IoT21\Documents\iar\push_example2\Debug\Obj\STM32\system_stm32f4xx.o
#        --no_out_extension -o
#        C:\Users\IoT21\Documents\iar\push_example2\Debug\Exe\push_example2.out
#        --redirect _Printf=_PrintfFullNoMb --redirect _Scanf=_ScanfFullNoMb
#        --map
#        C:\Users\IoT21\Documents\iar\push_example2\Debug\List\push_example2.map
#        --config C:\Users\IoT21\Documents\iar\push_example2\stm32f405xG.icf
#        --semihosting --entry __iar_program_start --vfe --text_out locale
#        --cpu=Cortex-M4 --fpu=VFPv4_sp)
#
###############################################################################

*******************************************************************************
*** RUNTIME MODEL ATTRIBUTES
***

CppFlavor       = *
__CPP_Runtime   = 1
__SystemLibrary = DLib
__dlib_version  = 6


*******************************************************************************
*** HEAP SELECTION
***

The basic heap was selected because --advanced_heap
was not specified and the application did not appear to
be primarily optimized for speed.


*******************************************************************************
*** PLACEMENT SUMMARY
***

"A0":  place at address 0x800'0000 { ro section .intvec };
"P1":  place in [from 0x800'0000 to 0x80f'ffff] { ro };
define block CSTACK with size = 8K, alignment = 8 { };
define block HEAP with size = 8K, alignment = 8 { };
"P2":  place in [from 0x2000'0000 to 0x2001'ffff] {
          rw, block CSTACK, block HEAP };
initialize by copy { rw };

No sections matched the following patterns:

  section .sram  in "P3"


  Section            Kind         Address    Size  Object
  -------            ----         -------    ----  ------
"A0":                                       0x188
  .intvec            ro code   0x800'0000   0x188  startup_stm32f40_41xxx.o [2]
                             - 0x800'0188   0x188

"P1":                                       0x578
  .text              ro code   0x800'0188   0x128  main.o [1]
  .text              ro code   0x800'02b0    0x20  stm32f4xx_rcc.o [3]
  .text              ro code   0x800'02d0    0xa0  stm32f4xx_gpio.o [3]
  .text              ro code   0x800'0370   0x124  system_stm32f4xx.o [4]
  .text              ro code   0x800'0494    0x2a  copy_init3.o [7]
  .text              ro code   0x800'04be    0x12  stm32f4xx_it.o [4]
  .text              ro code   0x800'04d0    0x28  data_init.o [7]
  .text              ro code   0x800'04f8    0x22  fpinit_M.o [6]
  .iar.init_table    const     0x800'051c    0x14  - Linker created -
  .text              ro code   0x800'0530    0x1e  cmain.o [7]
  .text              ro code   0x800'054e     0x4  low_level_init.o [5]
  .text              ro code   0x800'0552     0x4  exit.o [5]
  .text              ro code   0x800'0558     0xa  cexit.o [7]
  .text              ro code   0x800'0564    0x14  exit.o [8]
  .text              ro code   0x800'0578    0x1c  cstartup_M.o [7]
  Initializer bytes  const     0x800'0594    0x14  <for P2-1>
  .text              ro code   0x800'05a8    0x10  startup_stm32f40_41xxx.o [2]
  .text              ro code   0x800'05b8     0x4  startup_stm32f40_41xxx.o [2]
  .text              ro code   0x800'05bc     0x4  startup_stm32f40_41xxx.o [2]
  .text              ro code   0x800'05c0     0x4  startup_stm32f40_41xxx.o [2]
  .text              ro code   0x800'05c4     0x4  startup_stm32f40_41xxx.o [2]
  .text              ro code   0x800'05c8     0x4  startup_stm32f40_41xxx.o [2]
  .text              ro code   0x800'05cc     0x4  startup_stm32f40_41xxx.o [2]
  .text              ro code   0x800'05d0     0x4  startup_stm32f40_41xxx.o [2]
  .text              ro code   0x800'05d4     0x4  startup_stm32f40_41xxx.o [2]
  .text              ro code   0x800'05d8     0x4  startup_stm32f40_41xxx.o [2]
  .text              ro code   0x800'05dc     0x4  startup_stm32f40_41xxx.o [2]
  .text              ro code   0x800'05e0     0x4  startup_stm32f40_41xxx.o [2]
  .text              ro code   0x800'05e4     0x4  startup_stm32f40_41xxx.o [2]
  .text              ro code   0x800'05e8     0x4  startup_stm32f40_41xxx.o [2]
  .text              ro code   0x800'05ec     0x4  startup_stm32f40_41xxx.o [2]
  .text              ro code   0x800'05f0     0x4  startup_stm32f40_41xxx.o [2]
  .text              ro code   0x800'05f4     0x4  startup_stm32f40_41xxx.o [2]
  .text              ro code   0x800'05f8     0x4  startup_stm32f40_41xxx.o [2]
  .text              ro code   0x800'05fc     0x4  startup_stm32f40_41xxx.o [2]
  .text              ro code   0x800'0600     0x4  startup_stm32f40_41xxx.o [2]
  .text              ro code   0x800'0604     0x4  startup_stm32f40_41xxx.o [2]
  .text              ro code   0x800'0608     0x4  startup_stm32f40_41xxx.o [2]
  .text              ro code   0x800'060c     0x4  startup_stm32f40_41xxx.o [2]
  .text              ro code   0x800'0610     0x4  startup_stm32f40_41xxx.o [2]
  .text              ro code   0x800'0614     0x4  startup_stm32f40_41xxx.o [2]
  .text              ro code   0x800'0618     0x4  startup_stm32f40_41xxx.o [2]
  .text              ro code   0x800'061c     0x4  startup_stm32f40_41xxx.o [2]
  .text              ro code   0x800'0620     0x4  startup_stm32f40_41xxx.o [2]
  .text              ro code   0x800'0624     0x4  startup_stm32f40_41xxx.o [2]
  .text              ro code   0x800'0628     0x4  startup_stm32f40_41xxx.o [2]
  .text              ro code   0x800'062c     0x4  startup_stm32f40_41xxx.o [2]
  .text              ro code   0x800'0630     0x4  startup_stm32f40_41xxx.o [2]
  .text              ro code   0x800'0634     0x4  startup_stm32f40_41xxx.o [2]
  .text              ro code   0x800'0638     0x4  startup_stm32f40_41xxx.o [2]
  .text              ro code   0x800'063c     0x4  startup_stm32f40_41xxx.o [2]
  .text              ro code   0x800'0640     0x4  startup_stm32f40_41xxx.o [2]
  .text              ro code   0x800'0644     0x4  startup_stm32f40_41xxx.o [2]
  .text              ro code   0x800'0648     0x4  startup_stm32f40_41xxx.o [2]
  .text              ro code   0x800'064c     0x4  startup_stm32f40_41xxx.o [2]
  .text              ro code   0x800'0650     0x4  startup_stm32f40_41xxx.o [2]
  .text              ro code   0x800'0654     0x4  startup_stm32f40_41xxx.o [2]
  .text              ro code   0x800'0658     0x4  startup_stm32f40_41xxx.o [2]
  .text              ro code   0x800'065c     0x4  startup_stm32f40_41xxx.o [2]
  .text              ro code   0x800'0660     0x4  startup_stm32f40_41xxx.o [2]
  .text              ro code   0x800'0664     0x4  startup_stm32f40_41xxx.o [2]
  .text              ro code   0x800'0668     0x4  startup_stm32f40_41xxx.o [2]
  .text              ro code   0x800'066c     0x4  startup_stm32f40_41xxx.o [2]
  .text              ro code   0x800'0670     0x4  startup_stm32f40_41xxx.o [2]
  .text              ro code   0x800'0674     0x4  startup_stm32f40_41xxx.o [2]
  .text              ro code   0x800'0678     0x4  startup_stm32f40_41xxx.o [2]
  .text              ro code   0x800'067c     0x4  startup_stm32f40_41xxx.o [2]
  .text              ro code   0x800'0680     0x4  startup_stm32f40_41xxx.o [2]
  .text              ro code   0x800'0684     0x4  startup_stm32f40_41xxx.o [2]
  .text              ro code   0x800'0688     0x4  startup_stm32f40_41xxx.o [2]
  .text              ro code   0x800'068c     0x4  startup_stm32f40_41xxx.o [2]
  .text              ro code   0x800'0690     0x4  startup_stm32f40_41xxx.o [2]
  .text              ro code   0x800'0694     0x4  startup_stm32f40_41xxx.o [2]
  .text              ro code   0x800'0698     0x4  startup_stm32f40_41xxx.o [2]
  .text              ro code   0x800'069c     0x4  startup_stm32f40_41xxx.o [2]
  .text              ro code   0x800'06a0     0x4  startup_stm32f40_41xxx.o [2]
  .text              ro code   0x800'06a4     0x4  startup_stm32f40_41xxx.o [2]
  .text              ro code   0x800'06a8     0x4  startup_stm32f40_41xxx.o [2]
  .text              ro code   0x800'06ac     0x4  startup_stm32f40_41xxx.o [2]
  .text              ro code   0x800'06b0     0x4  startup_stm32f40_41xxx.o [2]
  .text              ro code   0x800'06b4     0x4  startup_stm32f40_41xxx.o [2]
  .text              ro code   0x800'06b8     0x4  startup_stm32f40_41xxx.o [2]
  .text              ro code   0x800'06bc     0x4  startup_stm32f40_41xxx.o [2]
  .text              ro code   0x800'06c0     0x4  startup_stm32f40_41xxx.o [2]
  .text              ro code   0x800'06c4     0x4  startup_stm32f40_41xxx.o [2]
  .text              ro code   0x800'06c8     0x4  startup_stm32f40_41xxx.o [2]
  .text              ro code   0x800'06cc     0x4  startup_stm32f40_41xxx.o [2]
  .text              ro code   0x800'06d0     0x4  startup_stm32f40_41xxx.o [2]
  .text              ro code   0x800'06d4     0x4  startup_stm32f40_41xxx.o [2]
  .text              ro code   0x800'06d8     0x4  startup_stm32f40_41xxx.o [2]
  .text              ro code   0x800'06dc     0x4  startup_stm32f40_41xxx.o [2]
  .text              ro code   0x800'06e0     0x4  startup_stm32f40_41xxx.o [2]
  .text              ro code   0x800'06e4     0x4  startup_stm32f40_41xxx.o [2]
  .text              ro code   0x800'06e8     0x4  startup_stm32f40_41xxx.o [2]
  .text              ro code   0x800'06ec     0x4  startup_stm32f40_41xxx.o [2]
  .text              ro code   0x800'06f0     0x4  startup_stm32f40_41xxx.o [2]
  .text              ro code   0x800'06f4     0x4  startup_stm32f40_41xxx.o [2]
  .text              ro code   0x800'06f8     0x4  startup_stm32f40_41xxx.o [2]
  .text              ro code   0x800'06fc     0x4  startup_stm32f40_41xxx.o [2]
  .rodata            const     0x800'0700     0x0  copy_init3.o [7]
                             - 0x800'0700   0x578

"P2", part 1 of 2:                           0x14
  P2-1                        0x2000'0000    0x14  <Init block>
    .data            inited   0x2000'0000    0x14  main.o [1]
                            - 0x2000'0014    0x14

"P2", part 2 of 2:                         0x2000
  CSTACK                      0x2000'0018  0x2000  <Block>
    CSTACK           uninit   0x2000'0018  0x2000  <Block tail>
                            - 0x2000'2018  0x2000

Unused ranges:

         From           To      Size
         ----           --      ----
   0x800'0700   0x80f'ffff  0xf'f900
  0x2000'0014  0x2000'0017       0x4
  0x2000'2018  0x2001'ffff  0x1'dfe8


*******************************************************************************
*** INIT TABLE
***

          Address      Size
          -------      ----
Copy (__iar_copy_init3)
    1 source range, total size 0x14:
           0x800'0594  0x14
    1 destination range, total size 0x14:
          0x2000'0000  0x14



*******************************************************************************
*** MODULE SUMMARY
***

    Module                    ro code  ro data  rw data
    ------                    -------  -------  -------
command line/config:
    ---------------------------------------------------
    Total:

C:\Users\IoT21\Documents\iar\push_example2\Debug\Obj: [1]
    main.o                        296       20       20
    ---------------------------------------------------
    Total:                        296       20       20

C:\Users\IoT21\Documents\iar\push_example2\Debug\Obj\CMSIS: [2]
    startup_stm32f40_41xxx.o      736
    ---------------------------------------------------
    Total:                        736

C:\Users\IoT21\Documents\iar\push_example2\Debug\Obj\COMM: [3]
    stm32f4xx_gpio.o              160
    stm32f4xx_rcc.o                32
    ---------------------------------------------------
    Total:                        192

C:\Users\IoT21\Documents\iar\push_example2\Debug\Obj\STM32: [4]
    stm32f4xx_it.o                 18
    system_stm32f4xx.o            292
    ---------------------------------------------------
    Total:                        310

dl7M_tln.a: [5]
    exit.o                          4
    low_level_init.o                4
    ---------------------------------------------------
    Total:                          8

m7M_tls.a: [6]
    fpinit_M.o                     34
    ---------------------------------------------------
    Total:                         34

rt7M_tl.a: [7]
    cexit.o                        10
    cmain.o                        30
    copy_init3.o                   42
    cstartup_M.o                   28
    data_init.o                    40
    ---------------------------------------------------
    Total:                        150

shb_l.a: [8]
    exit.o                         20
    ---------------------------------------------------
    Total:                         20

    Gaps                            4        2
    Linker created                          20    8'192
-------------------------------------------------------
    Grand Total:                1'750       42    8'212


*******************************************************************************
*** ENTRY LIST
***

Entry                       Address   Size  Type      Object
-----                       -------   ----  ----      ------
.iar.init_table$$Base    0x800'051c          --   Gb  - Linker created -
.iar.init_table$$Limit   0x800'0530          --   Gb  - Linker created -
?main                    0x800'0531         Code  Gb  cmain.o [7]
ADC_IRQHandler           0x800'0601         Code  Wk  startup_stm32f40_41xxx.o [2]
BusFault_Handler         0x800'04c5    0x2  Code  Gb  stm32f4xx_it.o [4]
CAN1_RX0_IRQHandler      0x800'0609         Code  Wk  startup_stm32f40_41xxx.o [2]
CAN1_RX1_IRQHandler      0x800'060d         Code  Wk  startup_stm32f40_41xxx.o [2]
CAN1_SCE_IRQHandler      0x800'0611         Code  Wk  startup_stm32f40_41xxx.o [2]
CAN1_TX_IRQHandler       0x800'0605         Code  Wk  startup_stm32f40_41xxx.o [2]
CAN2_RX0_IRQHandler      0x800'06b9         Code  Wk  startup_stm32f40_41xxx.o [2]
CAN2_RX1_IRQHandler      0x800'06bd         Code  Wk  startup_stm32f40_41xxx.o [2]
CAN2_SCE_IRQHandler      0x800'06c1         Code  Wk  startup_stm32f40_41xxx.o [2]
CAN2_TX_IRQHandler       0x800'06b5         Code  Wk  startup_stm32f40_41xxx.o [2]
CRYP_IRQHandler          0x800'06f5         Code  Wk  startup_stm32f40_41xxx.o [2]
CSTACK$$Base            0x2000'0018          --   Gb  - Linker created -
CSTACK$$Limit           0x2000'2018          --   Gb  - Linker created -
DCMI_IRQHandler          0x800'06f1         Code  Wk  startup_stm32f40_41xxx.o [2]
DMA1_Stream0_IRQHandler
                         0x800'05e5         Code  Wk  startup_stm32f40_41xxx.o [2]
DMA1_Stream1_IRQHandler
                         0x800'05e9         Code  Wk  startup_stm32f40_41xxx.o [2]
DMA1_Stream2_IRQHandler
                         0x800'05ed         Code  Wk  startup_stm32f40_41xxx.o [2]
DMA1_Stream3_IRQHandler
                         0x800'05f1         Code  Wk  startup_stm32f40_41xxx.o [2]
DMA1_Stream4_IRQHandler
                         0x800'05f5         Code  Wk  startup_stm32f40_41xxx.o [2]
DMA1_Stream5_IRQHandler
                         0x800'05f9         Code  Wk  startup_stm32f40_41xxx.o [2]
DMA1_Stream6_IRQHandler
                         0x800'05fd         Code  Wk  startup_stm32f40_41xxx.o [2]
DMA1_Stream7_IRQHandler
                         0x800'0675         Code  Wk  startup_stm32f40_41xxx.o [2]
DMA2_Stream0_IRQHandler
                         0x800'0699         Code  Wk  startup_stm32f40_41xxx.o [2]
DMA2_Stream1_IRQHandler
                         0x800'069d         Code  Wk  startup_stm32f40_41xxx.o [2]
DMA2_Stream2_IRQHandler
                         0x800'06a1         Code  Wk  startup_stm32f40_41xxx.o [2]
DMA2_Stream3_IRQHandler
                         0x800'06a5         Code  Wk  startup_stm32f40_41xxx.o [2]
DMA2_Stream4_IRQHandler
                         0x800'06a9         Code  Wk  startup_stm32f40_41xxx.o [2]
DMA2_Stream5_IRQHandler
                         0x800'06c9         Code  Wk  startup_stm32f40_41xxx.o [2]
DMA2_Stream6_IRQHandler
                         0x800'06cd         Code  Wk  startup_stm32f40_41xxx.o [2]
DMA2_Stream7_IRQHandler
                         0x800'06d1         Code  Wk  startup_stm32f40_41xxx.o [2]
DebugMon_Handler         0x800'04cb    0x2  Code  Gb  stm32f4xx_it.o [4]
ETH_IRQHandler           0x800'06ad         Code  Wk  startup_stm32f40_41xxx.o [2]
ETH_WKUP_IRQHandler      0x800'06b1         Code  Wk  startup_stm32f40_41xxx.o [2]
EXTI0_IRQHandler         0x800'05d1         Code  Wk  startup_stm32f40_41xxx.o [2]
EXTI15_10_IRQHandler     0x800'0659         Code  Wk  startup_stm32f40_41xxx.o [2]
EXTI1_IRQHandler         0x800'05d5         Code  Wk  startup_stm32f40_41xxx.o [2]
EXTI2_IRQHandler         0x800'05d9         Code  Wk  startup_stm32f40_41xxx.o [2]
EXTI3_IRQHandler         0x800'05dd         Code  Wk  startup_stm32f40_41xxx.o [2]
EXTI4_IRQHandler         0x800'05e1         Code  Wk  startup_stm32f40_41xxx.o [2]
EXTI9_5_IRQHandler       0x800'0615         Code  Wk  startup_stm32f40_41xxx.o [2]
FLASH_IRQHandler         0x800'05c9         Code  Wk  startup_stm32f40_41xxx.o [2]
FPU_IRQHandler           0x800'06fd         Code  Wk  startup_stm32f40_41xxx.o [2]
FSMC_IRQHandler          0x800'0679         Code  Wk  startup_stm32f40_41xxx.o [2]
Font                    0x2000'0000   0x14  Data  Gb  main.o [1]
GPIO_Init                0x800'02d1   0x90  Code  Gb  stm32f4xx_gpio.o [3]
GPIO_ReadInputData       0x800'0361    0x6  Code  Gb  stm32f4xx_gpio.o [3]
GPIO_ResetBits           0x800'0367    0x4  Code  Gb  stm32f4xx_gpio.o [3]
GPIO_Write               0x800'036b    0x6  Code  Gb  stm32f4xx_gpio.o [3]
HASH_RNG_IRQHandler      0x800'06f9         Code  Wk  startup_stm32f40_41xxx.o [2]
HardFault_Handler        0x800'04c1    0x2  Code  Gb  stm32f4xx_it.o [4]
I2C1_ER_IRQHandler       0x800'0639         Code  Wk  startup_stm32f40_41xxx.o [2]
I2C1_EV_IRQHandler       0x800'0635         Code  Wk  startup_stm32f40_41xxx.o [2]
I2C2_ER_IRQHandler       0x800'0641         Code  Wk  startup_stm32f40_41xxx.o [2]
I2C2_EV_IRQHandler       0x800'063d         Code  Wk  startup_stm32f40_41xxx.o [2]
I2C3_ER_IRQHandler       0x800'06dd         Code  Wk  startup_stm32f40_41xxx.o [2]
I2C3_EV_IRQHandler       0x800'06d9         Code  Wk  startup_stm32f40_41xxx.o [2]
MemManage_Handler        0x800'04c3    0x2  Code  Gb  stm32f4xx_it.o [4]
NMI_Handler              0x800'04bf    0x2  Code  Gb  stm32f4xx_it.o [4]
OTG_FS_IRQHandler        0x800'06c5         Code  Wk  startup_stm32f40_41xxx.o [2]
OTG_FS_WKUP_IRQHandler   0x800'0661         Code  Wk  startup_stm32f40_41xxx.o [2]
OTG_HS_EP1_IN_IRQHandler
                         0x800'06e5         Code  Wk  startup_stm32f40_41xxx.o [2]
OTG_HS_EP1_OUT_IRQHandler
                         0x800'06e1         Code  Wk  startup_stm32f40_41xxx.o [2]
OTG_HS_IRQHandler        0x800'06ed         Code  Wk  startup_stm32f40_41xxx.o [2]
OTG_HS_WKUP_IRQHandler   0x800'06e9         Code  Wk  startup_stm32f40_41xxx.o [2]
PVD_IRQHandler           0x800'05bd         Code  Wk  startup_stm32f40_41xxx.o [2]
PendSV_Handler           0x800'04cd    0x2  Code  Gb  stm32f4xx_it.o [4]
RCC_AHB1PeriphClockCmd   0x800'02b1   0x1c  Code  Gb  stm32f4xx_rcc.o [3]
RCC_IRQHandler           0x800'05cd         Code  Wk  startup_stm32f40_41xxx.o [2]
RTC_Alarm_IRQHandler     0x800'065d         Code  Wk  startup_stm32f40_41xxx.o [2]
RTC_WKUP_IRQHandler      0x800'05c5         Code  Wk  startup_stm32f40_41xxx.o [2]
Region$$Table$$Base      0x800'051c          --   Gb  - Linker created -
Region$$Table$$Limit     0x800'0530          --   Gb  - Linker created -
Reset_Handler            0x800'05a9         Code  Wk  startup_stm32f40_41xxx.o [2]
SDIO_IRQHandler          0x800'067d         Code  Wk  startup_stm32f40_41xxx.o [2]
SPI1_IRQHandler          0x800'0645         Code  Wk  startup_stm32f40_41xxx.o [2]
SPI2_IRQHandler          0x800'0649         Code  Wk  startup_stm32f40_41xxx.o [2]
SPI3_IRQHandler          0x800'0685         Code  Wk  startup_stm32f40_41xxx.o [2]
SVC_Handler              0x800'04c9    0x2  Code  Gb  stm32f4xx_it.o [4]
SetSysClock              0x800'03b7   0xaa  Code  Lc  system_stm32f4xx.o [4]
SysTick_Handler          0x800'04cf    0x2  Code  Gb  stm32f4xx_it.o [4]
SystemInit               0x800'0371   0x46  Code  Gb  system_stm32f4xx.o [4]
TAMP_STAMP_IRQHandler    0x800'05c1         Code  Wk  startup_stm32f40_41xxx.o [2]
TIM1_BRK_TIM9_IRQHandler
                         0x800'0619         Code  Wk  startup_stm32f40_41xxx.o [2]
TIM1_CC_IRQHandler       0x800'0625         Code  Wk  startup_stm32f40_41xxx.o [2]
TIM1_TRG_COM_TIM11_IRQHandler
                         0x800'0621         Code  Wk  startup_stm32f40_41xxx.o [2]
TIM1_UP_TIM10_IRQHandler
                         0x800'061d         Code  Wk  startup_stm32f40_41xxx.o [2]
TIM2_IRQHandler          0x800'0629         Code  Wk  startup_stm32f40_41xxx.o [2]
TIM3_IRQHandler          0x800'062d         Code  Wk  startup_stm32f40_41xxx.o [2]
TIM4_IRQHandler          0x800'0631         Code  Wk  startup_stm32f40_41xxx.o [2]
TIM5_IRQHandler          0x800'0681         Code  Wk  startup_stm32f40_41xxx.o [2]
TIM6_DAC_IRQHandler      0x800'0691         Code  Wk  startup_stm32f40_41xxx.o [2]
TIM7_IRQHandler          0x800'0695         Code  Wk  startup_stm32f40_41xxx.o [2]
TIM8_BRK_TIM12_IRQHandler
                         0x800'0665         Code  Wk  startup_stm32f40_41xxx.o [2]
TIM8_CC_IRQHandler       0x800'0671         Code  Wk  startup_stm32f40_41xxx.o [2]
TIM8_TRG_COM_TIM14_IRQHandler
                         0x800'066d         Code  Wk  startup_stm32f40_41xxx.o [2]
TIM8_UP_TIM13_IRQHandler
                         0x800'0669         Code  Wk  startup_stm32f40_41xxx.o [2]
UART4_IRQHandler         0x800'0689         Code  Wk  startup_stm32f40_41xxx.o [2]
UART5_IRQHandler         0x800'068d         Code  Wk  startup_stm32f40_41xxx.o [2]
USART1_IRQHandler        0x800'064d         Code  Wk  startup_stm32f40_41xxx.o [2]
USART2_IRQHandler        0x800'0651         Code  Wk  startup_stm32f40_41xxx.o [2]
USART3_IRQHandler        0x800'0655         Code  Wk  startup_stm32f40_41xxx.o [2]
USART6_IRQHandler        0x800'06d5         Code  Wk  startup_stm32f40_41xxx.o [2]
UsageFault_Handler       0x800'04c7    0x2  Code  Gb  stm32f4xx_it.o [4]
WWDG_IRQHandler          0x800'05b9         Code  Wk  startup_stm32f40_41xxx.o [2]
__cmain                  0x800'0531         Code  Gb  cmain.o [7]
__exit                   0x800'0565   0x14  Code  Gb  exit.o [8]
__iar_copy_init3         0x800'0495   0x2a  Code  Gb  copy_init3.o [7]
__iar_data_init3         0x800'04d1   0x28  Code  Gb  data_init.o [7]
__iar_init_vfp           0x800'04f9         Code  Gb  fpinit_M.o [6]
__iar_program_start      0x800'0579         Code  Gb  cstartup_M.o [7]
__low_level_init         0x800'054f    0x4  Code  Gb  low_level_init.o [5]
__vector_table           0x800'0000         Data  Gb  startup_stm32f40_41xxx.o [2]
_call_main               0x800'053d         Code  Gb  cmain.o [7]
_exit                    0x800'0559         Code  Gb  cexit.o [7]
exit                     0x800'0553    0x4  Code  Gb  exit.o [5]
main                     0x800'0189  0x128  Code  Gb  main.o [1]


[1] = C:\Users\IoT21\Documents\iar\push_example2\Debug\Obj
[2] = C:\Users\IoT21\Documents\iar\push_example2\Debug\Obj\CMSIS
[3] = C:\Users\IoT21\Documents\iar\push_example2\Debug\Obj\COMM
[4] = C:\Users\IoT21\Documents\iar\push_example2\Debug\Obj\STM32
[5] = dl7M_tln.a
[6] = m7M_tls.a
[7] = rt7M_tl.a
[8] = shb_l.a

  1'750 bytes of readonly  code memory
     42 bytes of readonly  data memory
  8'212 bytes of readwrite data memory

Errors: none
Warnings: none
