###############################################################################
#
# IAR ELF Linker V9.32.1.338/W64 for ARM                  08/Mar/2023  20:41:27
# Copyright 2007-2022 IAR Systems AB.
#
#    Output file  =
#        C:\Users\IoT21\Documents\iar\0307 Uart_ABC\Debug\Exe\sampleUart2.out
#    Map file     =
#        C:\Users\IoT21\Documents\iar\0307 Uart_ABC\Debug\List\sampleUart2.map
#    Command line =
#        -f "C:\Users\IoT21\Documents\iar\0307
#        Uart_ABC\Debug\Exe\sampleUart2.out.rsp"
#        ("C:\Users\IoT21\Documents\iar\0307 Uart_ABC\Debug\Obj\main.o"
#        "C:\Users\IoT21\Documents\iar\0307 Uart_ABC\Debug\Obj\STM32\misc.o"
#        "C:\Users\IoT21\Documents\iar\0307
#        Uart_ABC\Debug\Obj\CMSIS\startup_stm32f40_41xxx.o"
#        "C:\Users\IoT21\Documents\iar\0307
#        Uart_ABC\Debug\Obj\STM32\stm32f4xx_adc.o"
#        "C:\Users\IoT21\Documents\iar\0307
#        Uart_ABC\Debug\Obj\STM32\stm32f4xx_exti.o"
#        "C:\Users\IoT21\Documents\iar\0307
#        Uart_ABC\Debug\Obj\STM32\stm32f4xx_gpio.o"
#        "C:\Users\IoT21\Documents\iar\0307
#        Uart_ABC\Debug\Obj\COMM\stm32f4xx_it.o"
#        "C:\Users\IoT21\Documents\iar\0307
#        Uart_ABC\Debug\Obj\STM32\stm32f4xx_rcc.o"
#        "C:\Users\IoT21\Documents\iar\0307
#        Uart_ABC\Debug\Obj\STM32\stm32f4xx_syscfg.o"
#        "C:\Users\IoT21\Documents\iar\0307
#        Uart_ABC\Debug\Obj\STM32\stm32f4xx_usart.o"
#        "C:\Users\IoT21\Documents\iar\0307
#        Uart_ABC\Debug\Obj\COMM\system_stm32f4xx.o"
#        "C:\Users\IoT21\Documents\iar\0307 Uart_ABC\Debug\Obj\uart2.o"
#        --no_out_extension -o "C:\Users\IoT21\Documents\iar\0307
#        Uart_ABC\Debug\Exe\sampleUart2.out" --redirect _Printf=_PrintfFullNoMb
#        --redirect _Scanf=_ScanfFullNoMb --map
#        "C:\Users\IoT21\Documents\iar\0307
#        Uart_ABC\Debug\List\sampleUart2.map" --config
#        "C:\Users\IoT21\Documents\iar\0307 Uart_ABC\stm32f405xG.icf"
#        --semihosting --entry __iar_program_start --vfe --text_out locale
#        --cpu=Cortex-M4 --fpu=VFPv4_sp)
#
###############################################################################

*******************************************************************************
*** RUNTIME MODEL ATTRIBUTES
***

CppFlavor       = *
__CPP_Runtime   = 1
__SystemLibrary = DLib
__dlib_version  = 6


*******************************************************************************
*** HEAP SELECTION
***

The basic heap was selected because --advanced_heap
was not specified and the application did not appear to
be primarily optimized for speed.


*******************************************************************************
*** PLACEMENT SUMMARY
***

"A0":  place at address 0x800'0000 { ro section .intvec };
"P1":  place in [from 0x800'0000 to 0x80f'ffff] { ro };
define block CSTACK with size = 8K, alignment = 8 { };
define block HEAP with size = 8K, alignment = 8 { };
"P2":  place in [from 0x2000'0000 to 0x2001'ffff] {
          rw, block CSTACK, block HEAP };
initialize by copy { rw };

No sections matched the following patterns:

  section .sram  in "P3"


  Section            Kind         Address    Size  Object
  -------            ----         -------    ----  ------
"A0":                                       0x188
  .intvec            ro code   0x800'0000   0x188  startup_stm32f40_41xxx.o [2]
                             - 0x800'0188   0x188

"P1":                                      0x2989
  .text              ro code   0x800'0188   0xeca  xprintffull_nomb.o [5]
  .text              ro code   0x800'1052    0x3a  packbits_init_single.o [7]
  .text              ro code   0x800'108c    0x16  strchr.o [7]
  .text              ro code   0x800'10a2    0x12  stm32f4xx_it.o [3]
  .text              ro code   0x800'10b4    0x40  xfail_s.o [5]
  .text              ro code   0x800'10f4    0x36  strlen.o [7]
  .rodata            const     0x800'112a     0x2  xlocale_c.o [5]
  .text              ro code   0x800'112c    0x58  memchr.o [7]
  .text              ro code   0x800'1184    0xa6  ABImemcpy.o [7]
  .rodata            const     0x800'122a     0x1  xlocale_c.o [5]
  .text              ro code   0x800'122c    0x70  frexp.o [6]
  .text              ro code   0x800'129c    0x34  DblCmpLe.o [6]
  .text              ro code   0x800'12d0    0x34  DblCmpGe.o [6]
  .text              ro code   0x800'1304   0x13a  ldexp.o [6]
  .text              ro code   0x800'1440    0x36  DblToS32.o [6]
  .text              ro code   0x800'1478    0x22  S32ToDbl.o [6]
  .text              ro code   0x800'149c   0x24e  DblAddSub.o [6]
  .text              ro code   0x800'16ec   0x246  DblDiv.o [6]
  .text              ro code   0x800'1934    0x22  DblToU32.o [6]
  .text              ro code   0x800'1958    0x1c  U32ToDbl.o [6]
  .text              ro code   0x800'1974   0x1aa  DblMul.o [6]
  .text              ro code   0x800'1b20     0x8  xlocale_c.o [5]
  .text              ro code   0x800'1b28   0x230  I64DivMod.o [7]
  .text              ro code   0x800'1d58     0x6  abort.o [5]
  .text              ro code   0x800'1d60     0x2  I64DivZer.o [7]
  .text              ro code   0x800'1d64    0x14  exit.o [8]
  .text              ro code   0x800'1d78   0x254  main.o [1]
  .text              ro code   0x800'1fcc    0xe6  stm32f4xx_gpio.o [4]
  .text              ro code   0x800'20b4   0x1d8  stm32f4xx_adc.o [4]
  .text              ro code   0x800'228c   0x130  stm32f4xx_rcc.o [4]
  .text              ro code   0x800'23bc    0x80  misc.o [4]
  .text              ro code   0x800'243c   0x134  uart2.o [1]
  .text              ro code   0x800'2570    0x28  printf.o [5]
  .text              ro code   0x800'2598   0x1c6  stm32f4xx_usart.o [4]
  .text              ro code   0x800'2760   0x124  system_stm32f4xx.o [3]
  .text              ro code   0x800'2884    0x28  data_init.o [7]
  .text              ro code   0x800'28ac    0x22  fpinit_M.o [6]
  .iar.init_table    const     0x800'28d0    0x10  - Linker created -
  .text              ro code   0x800'28e0    0x1e  cmain.o [7]
  .text              ro code   0x800'28fe     0x4  low_level_init.o [5]
  .text              ro code   0x800'2902     0x4  exit.o [5]
  .text              ro code   0x800'2908     0xa  cexit.o [7]
  .text              ro code   0x800'2914    0x1c  cstartup_M.o [7]
  .rodata            const     0x800'2930    0x18  main.o [1]
  .text              ro code   0x800'2948    0x16  xprout.o [5]
  .rodata            const     0x800'2960    0x10  main.o [1]
  .text              ro code   0x800'2970    0x10  startup_stm32f40_41xxx.o [2]
  .text              ro code   0x800'2980     0x4  startup_stm32f40_41xxx.o [2]
  .text              ro code   0x800'2984     0x4  startup_stm32f40_41xxx.o [2]
  .text              ro code   0x800'2988     0x4  startup_stm32f40_41xxx.o [2]
  .text              ro code   0x800'298c     0x4  startup_stm32f40_41xxx.o [2]
  .text              ro code   0x800'2990     0x4  startup_stm32f40_41xxx.o [2]
  .text              ro code   0x800'2994     0x4  startup_stm32f40_41xxx.o [2]
  .text              ro code   0x800'2998     0x4  startup_stm32f40_41xxx.o [2]
  .text              ro code   0x800'299c     0x4  startup_stm32f40_41xxx.o [2]
  .text              ro code   0x800'29a0     0x4  startup_stm32f40_41xxx.o [2]
  .text              ro code   0x800'29a4     0x4  startup_stm32f40_41xxx.o [2]
  .text              ro code   0x800'29a8     0x4  startup_stm32f40_41xxx.o [2]
  .text              ro code   0x800'29ac     0x4  startup_stm32f40_41xxx.o [2]
  .text              ro code   0x800'29b0     0x4  startup_stm32f40_41xxx.o [2]
  .text              ro code   0x800'29b4     0x4  startup_stm32f40_41xxx.o [2]
  .text              ro code   0x800'29b8     0x4  startup_stm32f40_41xxx.o [2]
  .text              ro code   0x800'29bc     0x4  startup_stm32f40_41xxx.o [2]
  .text              ro code   0x800'29c0     0x4  startup_stm32f40_41xxx.o [2]
  .text              ro code   0x800'29c4     0x4  startup_stm32f40_41xxx.o [2]
  .text              ro code   0x800'29c8     0x4  startup_stm32f40_41xxx.o [2]
  .text              ro code   0x800'29cc     0x4  startup_stm32f40_41xxx.o [2]
  .text              ro code   0x800'29d0     0x4  startup_stm32f40_41xxx.o [2]
  .text              ro code   0x800'29d4     0x4  startup_stm32f40_41xxx.o [2]
  .text              ro code   0x800'29d8     0x4  startup_stm32f40_41xxx.o [2]
  .text              ro code   0x800'29dc     0x4  startup_stm32f40_41xxx.o [2]
  .text              ro code   0x800'29e0     0x4  startup_stm32f40_41xxx.o [2]
  .text              ro code   0x800'29e4     0x4  startup_stm32f40_41xxx.o [2]
  .text              ro code   0x800'29e8     0x4  startup_stm32f40_41xxx.o [2]
  .text              ro code   0x800'29ec     0x4  startup_stm32f40_41xxx.o [2]
  .text              ro code   0x800'29f0     0x4  startup_stm32f40_41xxx.o [2]
  .text              ro code   0x800'29f4     0x4  startup_stm32f40_41xxx.o [2]
  .text              ro code   0x800'29f8     0x4  startup_stm32f40_41xxx.o [2]
  .text              ro code   0x800'29fc     0x4  startup_stm32f40_41xxx.o [2]
  .text              ro code   0x800'2a00     0x4  startup_stm32f40_41xxx.o [2]
  .text              ro code   0x800'2a04     0x4  startup_stm32f40_41xxx.o [2]
  .text              ro code   0x800'2a08     0x4  startup_stm32f40_41xxx.o [2]
  .text              ro code   0x800'2a0c     0x4  startup_stm32f40_41xxx.o [2]
  .text              ro code   0x800'2a10     0x4  startup_stm32f40_41xxx.o [2]
  .text              ro code   0x800'2a14     0x4  startup_stm32f40_41xxx.o [2]
  .text              ro code   0x800'2a18     0x4  startup_stm32f40_41xxx.o [2]
  .text              ro code   0x800'2a1c     0x4  startup_stm32f40_41xxx.o [2]
  .text              ro code   0x800'2a20     0x4  startup_stm32f40_41xxx.o [2]
  .text              ro code   0x800'2a24     0x4  startup_stm32f40_41xxx.o [2]
  .text              ro code   0x800'2a28     0x4  startup_stm32f40_41xxx.o [2]
  .text              ro code   0x800'2a2c     0x4  startup_stm32f40_41xxx.o [2]
  .text              ro code   0x800'2a30     0x4  startup_stm32f40_41xxx.o [2]
  .text              ro code   0x800'2a34     0x4  startup_stm32f40_41xxx.o [2]
  .text              ro code   0x800'2a38     0x4  startup_stm32f40_41xxx.o [2]
  .text              ro code   0x800'2a3c     0x4  startup_stm32f40_41xxx.o [2]
  .text              ro code   0x800'2a40     0x4  startup_stm32f40_41xxx.o [2]
  .text              ro code   0x800'2a44     0x4  startup_stm32f40_41xxx.o [2]
  .text              ro code   0x800'2a48     0x4  startup_stm32f40_41xxx.o [2]
  .text              ro code   0x800'2a4c     0x4  startup_stm32f40_41xxx.o [2]
  .text              ro code   0x800'2a50     0x4  startup_stm32f40_41xxx.o [2]
  .text              ro code   0x800'2a54     0x4  startup_stm32f40_41xxx.o [2]
  .text              ro code   0x800'2a58     0x4  startup_stm32f40_41xxx.o [2]
  .text              ro code   0x800'2a5c     0x4  startup_stm32f40_41xxx.o [2]
  .text              ro code   0x800'2a60     0x4  startup_stm32f40_41xxx.o [2]
  .text              ro code   0x800'2a64     0x4  startup_stm32f40_41xxx.o [2]
  .text              ro code   0x800'2a68     0x4  startup_stm32f40_41xxx.o [2]
  .text              ro code   0x800'2a6c     0x4  startup_stm32f40_41xxx.o [2]
  .text              ro code   0x800'2a70     0x4  startup_stm32f40_41xxx.o [2]
  .text              ro code   0x800'2a74     0x4  startup_stm32f40_41xxx.o [2]
  .text              ro code   0x800'2a78     0x4  startup_stm32f40_41xxx.o [2]
  .text              ro code   0x800'2a7c     0x4  startup_stm32f40_41xxx.o [2]
  .text              ro code   0x800'2a80     0x4  startup_stm32f40_41xxx.o [2]
  .text              ro code   0x800'2a84     0x4  startup_stm32f40_41xxx.o [2]
  .text              ro code   0x800'2a88     0x4  startup_stm32f40_41xxx.o [2]
  .text              ro code   0x800'2a8c     0x4  startup_stm32f40_41xxx.o [2]
  .text              ro code   0x800'2a90     0x4  startup_stm32f40_41xxx.o [2]
  .text              ro code   0x800'2a94     0x4  startup_stm32f40_41xxx.o [2]
  .text              ro code   0x800'2a98     0x4  startup_stm32f40_41xxx.o [2]
  .text              ro code   0x800'2a9c     0x4  startup_stm32f40_41xxx.o [2]
  .text              ro code   0x800'2aa0     0x4  startup_stm32f40_41xxx.o [2]
  .text              ro code   0x800'2aa4     0x4  startup_stm32f40_41xxx.o [2]
  .text              ro code   0x800'2aa8     0x4  startup_stm32f40_41xxx.o [2]
  .text              ro code   0x800'2aac     0x4  startup_stm32f40_41xxx.o [2]
  .text              ro code   0x800'2ab0     0x4  startup_stm32f40_41xxx.o [2]
  .text              ro code   0x800'2ab4     0x4  startup_stm32f40_41xxx.o [2]
  .text              ro code   0x800'2ab8     0x4  startup_stm32f40_41xxx.o [2]
  .text              ro code   0x800'2abc     0x4  startup_stm32f40_41xxx.o [2]
  .rodata            const     0x800'2ac0     0x0  packbits_init_single.o [7]
  Initializer bytes  const     0x800'2ac0    0x51  <for P2-1>
                             - 0x800'2b11  0x2989

"P2", part 1 of 2:                           0x9f
  P2-1                        0x2000'0000    0x9f  <Init block>
    .data            inited   0x2000'0000    0x14  main.o [1]
    .data            inited   0x2000'0014    0x10  stm32f4xx_rcc.o [4]
    .data            inited   0x2000'0024    0x38  xlocale_c.o [5]
    .bss             inited   0x2000'005c     0x4  main.o [1]
    .bss             inited   0x2000'0060    0x34  uart2.o [1]
    .bss             inited   0x2000'0094     0x4  uart2.o [1]
    .bss             inited   0x2000'0098     0x4  xfail_s.o [5]
    .bss             inited   0x2000'009c     0x2  main.o [1]
    .bss             inited   0x2000'009e     0x1  uart2.o [1]
                            - 0x2000'009f    0x9f

"P2", part 2 of 2:                         0x2000
  CSTACK                      0x2000'00a0  0x2000  <Block>
    CSTACK           uninit   0x2000'00a0  0x2000  <Block tail>
                            - 0x2000'20a0  0x2000

Unused ranges:

         From           To      Size
         ----           --      ----
   0x800'2b11   0x80f'ffff  0xf'd4ef
  0x2000'009f  0x2000'009f       0x1
  0x2000'20a0  0x2001'ffff  0x1'df60


*******************************************************************************
*** INIT TABLE
***

          Address      Size
          -------      ----
Copy/packbits (__iar_packbits_init_single3)
    1 source range, total size 0x51 (50% of destination):
           0x800'2ac0  0x51
    1 destination range, total size 0x9f:
          0x2000'0000  0x9f



*******************************************************************************
*** MODULE SUMMARY
***

    Module                    ro code  ro data  rw data
    ------                    -------  -------  -------
command line/config:
    ---------------------------------------------------
    Total:

C:\Users\IoT21\Documents\iar\0307 Uart_ABC\Debug\Obj: [1]
    main.o                        596       53       26
    uart2.o                       308       30       57
    ---------------------------------------------------
    Total:                        904       83       83

C:\Users\IoT21\Documents\iar\0307 Uart_ABC\Debug\Obj\CMSIS: [2]
    startup_stm32f40_41xxx.o      728
    ---------------------------------------------------
    Total:                        728

C:\Users\IoT21\Documents\iar\0307 Uart_ABC\Debug\Obj\COMM: [3]
    stm32f4xx_it.o                 18
    system_stm32f4xx.o            292
    ---------------------------------------------------
    Total:                        310

C:\Users\IoT21\Documents\iar\0307 Uart_ABC\Debug\Obj\STM32: [4]
    misc.o                        128
    stm32f4xx_adc.o               472
    stm32f4xx_gpio.o              230
    stm32f4xx_rcc.o               304        8       16
    stm32f4xx_usart.o             454
    ---------------------------------------------------
    Total:                      1'588        8       16

dl7M_tlf.a: [5]
    abort.o                         6
    exit.o                          4
    low_level_init.o                4
    printf.o                       40
    xfail_s.o                      64        2        4
    xlocale_c.o                     8       31       56
    xprintffull_nomb.o          3'786
    xprout.o                       22
    ---------------------------------------------------
    Total:                      3'934       33       60

m7M_tls.a: [6]
    DblAddSub.o                   590
    DblCmpGe.o                     52
    DblCmpLe.o                     52
    DblDiv.o                      582
    DblMul.o                      426
    DblToS32.o                     54
    DblToU32.o                     34
    S32ToDbl.o                     34
    U32ToDbl.o                     28
    fpinit_M.o                     34
    frexp.o                       112
    ldexp.o                       314
    ---------------------------------------------------
    Total:                      2'312

rt7M_tl.a: [7]
    ABImemcpy.o                   166
    I64DivMod.o                   560
    I64DivZer.o                     2
    cexit.o                        10
    cmain.o                        30
    cstartup_M.o                   28
    data_init.o                    40
    memchr.o                       88
    packbits_init_single.o         58
    strchr.o                       22
    strlen.o                       54
    ---------------------------------------------------
    Total:                      1'058

shb_l.a: [8]
    exit.o                         20
    ---------------------------------------------------
    Total:                         20

    Gaps                           27        4
    Linker created                          16    8'192
-------------------------------------------------------
    Grand Total:               10'881      144    8'351


*******************************************************************************
*** ENTRY LIST
***

Entry                       Address   Size  Type      Object
-----                       -------   ----  ----      ------
.iar.init_table$$Base    0x800'28d0          --   Gb  - Linker created -
.iar.init_table$$Limit   0x800'28e0          --   Gb  - Linker created -
?main                    0x800'28e1         Code  Gb  cmain.o [7]
ADC_ClearITPendingBit    0x800'227f    0xe  Code  Gb  stm32f4xx_adc.o [4]
ADC_Cmd                  0x800'211d   0x1a  Code  Gb  stm32f4xx_adc.o [4]
ADC_CommonInit           0x800'20ff   0x1e  Code  Gb  stm32f4xx_adc.o [4]
ADC_GetConversionValue   0x800'2215    0x6  Code  Gb  stm32f4xx_adc.o [4]
ADC_GetITStatus          0x800'224f   0x30  Code  Gb  stm32f4xx_adc.o [4]
ADC_IRQHandler           0x800'1e57   0x2e  Code  Gb  main.o [1]
ADC_ITConfig             0x800'222d   0x22  Code  Gb  stm32f4xx_adc.o [4]
ADC_Init                 0x800'20b5   0x4a  Code  Gb  stm32f4xx_adc.o [4]
ADC_RegularChannelConfig
                         0x800'2137   0xd4  Code  Gb  stm32f4xx_adc.o [4]
ADC_SoftwareStartConv    0x800'220b    0xa  Code  Gb  stm32f4xx_adc.o [4]
APBAHBPrescTable        0x2000'0014   0x10  Data  Lc  stm32f4xx_rcc.o [4]
BusFault_Handler         0x800'10a9    0x2  Code  Gb  stm32f4xx_it.o [3]
CAN1_RX0_IRQHandler      0x800'29cd         Code  Wk  startup_stm32f40_41xxx.o [2]
CAN1_RX1_IRQHandler      0x800'29d1         Code  Wk  startup_stm32f40_41xxx.o [2]
CAN1_SCE_IRQHandler      0x800'29d5         Code  Wk  startup_stm32f40_41xxx.o [2]
CAN1_TX_IRQHandler       0x800'29c9         Code  Wk  startup_stm32f40_41xxx.o [2]
CAN2_RX0_IRQHandler      0x800'2a79         Code  Wk  startup_stm32f40_41xxx.o [2]
CAN2_RX1_IRQHandler      0x800'2a7d         Code  Wk  startup_stm32f40_41xxx.o [2]
CAN2_SCE_IRQHandler      0x800'2a81         Code  Wk  startup_stm32f40_41xxx.o [2]
CAN2_TX_IRQHandler       0x800'2a75         Code  Wk  startup_stm32f40_41xxx.o [2]
CRYP_IRQHandler          0x800'2ab5         Code  Wk  startup_stm32f40_41xxx.o [2]
CSTACK$$Base            0x2000'00a0          --   Gb  - Linker created -
CSTACK$$Limit           0x2000'20a0          --   Gb  - Linker created -
DCMI_IRQHandler          0x800'2ab1         Code  Wk  startup_stm32f40_41xxx.o [2]
DMA1_Stream0_IRQHandler
                         0x800'29ad         Code  Wk  startup_stm32f40_41xxx.o [2]
DMA1_Stream1_IRQHandler
                         0x800'29b1         Code  Wk  startup_stm32f40_41xxx.o [2]
DMA1_Stream2_IRQHandler
                         0x800'29b5         Code  Wk  startup_stm32f40_41xxx.o [2]
DMA1_Stream3_IRQHandler
                         0x800'29b9         Code  Wk  startup_stm32f40_41xxx.o [2]
DMA1_Stream4_IRQHandler
                         0x800'29bd         Code  Wk  startup_stm32f40_41xxx.o [2]
DMA1_Stream5_IRQHandler
                         0x800'29c1         Code  Wk  startup_stm32f40_41xxx.o [2]
DMA1_Stream6_IRQHandler
                         0x800'29c5         Code  Wk  startup_stm32f40_41xxx.o [2]
DMA1_Stream7_IRQHandler
                         0x800'2a35         Code  Wk  startup_stm32f40_41xxx.o [2]
DMA2_Stream0_IRQHandler
                         0x800'2a59         Code  Wk  startup_stm32f40_41xxx.o [2]
DMA2_Stream1_IRQHandler
                         0x800'2a5d         Code  Wk  startup_stm32f40_41xxx.o [2]
DMA2_Stream2_IRQHandler
                         0x800'2a61         Code  Wk  startup_stm32f40_41xxx.o [2]
DMA2_Stream3_IRQHandler
                         0x800'2a65         Code  Wk  startup_stm32f40_41xxx.o [2]
DMA2_Stream4_IRQHandler
                         0x800'2a69         Code  Wk  startup_stm32f40_41xxx.o [2]
DMA2_Stream5_IRQHandler
                         0x800'2a89         Code  Wk  startup_stm32f40_41xxx.o [2]
DMA2_Stream6_IRQHandler
                         0x800'2a8d         Code  Wk  startup_stm32f40_41xxx.o [2]
DMA2_Stream7_IRQHandler
                         0x800'2a91         Code  Wk  startup_stm32f40_41xxx.o [2]
DebugMon_Handler         0x800'10af    0x2  Code  Gb  stm32f4xx_it.o [3]
Delay                    0x800'1d79   0x20  Code  Lc  main.o [1]
ETH_IRQHandler           0x800'2a6d         Code  Wk  startup_stm32f40_41xxx.o [2]
ETH_WKUP_IRQHandler      0x800'2a71         Code  Wk  startup_stm32f40_41xxx.o [2]
EXTI0_IRQHandler         0x800'2999         Code  Wk  startup_stm32f40_41xxx.o [2]
EXTI15_10_IRQHandler     0x800'2a19         Code  Wk  startup_stm32f40_41xxx.o [2]
EXTI1_IRQHandler         0x800'299d         Code  Wk  startup_stm32f40_41xxx.o [2]
EXTI2_IRQHandler         0x800'29a1         Code  Wk  startup_stm32f40_41xxx.o [2]
EXTI3_IRQHandler         0x800'29a5         Code  Wk  startup_stm32f40_41xxx.o [2]
EXTI4_IRQHandler         0x800'29a9         Code  Wk  startup_stm32f40_41xxx.o [2]
EXTI9_5_IRQHandler       0x800'29d9         Code  Wk  startup_stm32f40_41xxx.o [2]
FLASH_IRQHandler         0x800'2991         Code  Wk  startup_stm32f40_41xxx.o [2]
FPU_IRQHandler           0x800'2abd         Code  Wk  startup_stm32f40_41xxx.o [2]
FSMC_IRQHandler          0x800'2a39         Code  Wk  startup_stm32f40_41xxx.o [2]
Font                    0x2000'0000   0x14  Data  Gb  main.o [1]
GPIO_Init                0x800'1fcd   0x90  Code  Gb  stm32f4xx_gpio.o [4]
GPIO_PinAFConfig         0x800'2063   0x50  Code  Gb  stm32f4xx_gpio.o [4]
GPIO_Write               0x800'205d    0x6  Code  Gb  stm32f4xx_gpio.o [4]
HASH_RNG_IRQHandler      0x800'2ab9         Code  Wk  startup_stm32f40_41xxx.o [2]
HardFault_Handler        0x800'10a5    0x2  Code  Gb  stm32f4xx_it.o [3]
I2C1_ER_IRQHandler       0x800'29fd         Code  Wk  startup_stm32f40_41xxx.o [2]
I2C1_EV_IRQHandler       0x800'29f9         Code  Wk  startup_stm32f40_41xxx.o [2]
I2C2_ER_IRQHandler       0x800'2a05         Code  Wk  startup_stm32f40_41xxx.o [2]
I2C2_EV_IRQHandler       0x800'2a01         Code  Wk  startup_stm32f40_41xxx.o [2]
I2C3_ER_IRQHandler       0x800'2a9d         Code  Wk  startup_stm32f40_41xxx.o [2]
I2C3_EV_IRQHandler       0x800'2a99         Code  Wk  startup_stm32f40_41xxx.o [2]
MemManage_Handler        0x800'10a7    0x2  Code  Gb  stm32f4xx_it.o [3]
NMI_Handler              0x800'10a3    0x2  Code  Gb  stm32f4xx_it.o [3]
NVIC_Init                0x800'23c7   0x62  Code  Gb  misc.o [4]
NVIC_PriorityGroupConfig
                         0x800'23bd    0xa  Code  Gb  misc.o [4]
OTG_FS_IRQHandler        0x800'2a85         Code  Wk  startup_stm32f40_41xxx.o [2]
OTG_FS_WKUP_IRQHandler   0x800'2a21         Code  Wk  startup_stm32f40_41xxx.o [2]
OTG_HS_EP1_IN_IRQHandler
                         0x800'2aa5         Code  Wk  startup_stm32f40_41xxx.o [2]
OTG_HS_EP1_OUT_IRQHandler
                         0x800'2aa1         Code  Wk  startup_stm32f40_41xxx.o [2]
OTG_HS_IRQHandler        0x800'2aad         Code  Wk  startup_stm32f40_41xxx.o [2]
OTG_HS_WKUP_IRQHandler   0x800'2aa9         Code  Wk  startup_stm32f40_41xxx.o [2]
PVD_IRQHandler           0x800'2985         Code  Wk  startup_stm32f40_41xxx.o [2]
PendSV_Handler           0x800'10b1    0x2  Code  Gb  stm32f4xx_it.o [3]
RCC_AHB1PeriphClockCmd   0x800'2349   0x1c  Code  Gb  stm32f4xx_rcc.o [4]
RCC_APB1PeriphClockCmd   0x800'2365   0x1c  Code  Gb  stm32f4xx_rcc.o [4]
RCC_APB2PeriphClockCmd   0x800'2381   0x1c  Code  Gb  stm32f4xx_rcc.o [4]
RCC_GetClocksFreq        0x800'228d   0xbc  Code  Gb  stm32f4xx_rcc.o [4]
RCC_IRQHandler           0x800'2995         Code  Wk  startup_stm32f40_41xxx.o [2]
RTC_Alarm_IRQHandler     0x800'2a1d         Code  Wk  startup_stm32f40_41xxx.o [2]
RTC_WKUP_IRQHandler      0x800'298d         Code  Wk  startup_stm32f40_41xxx.o [2]
Region$$Table$$Base      0x800'28d0          --   Gb  - Linker created -
Region$$Table$$Limit     0x800'28e0          --   Gb  - Linker created -
Reset_Handler            0x800'2971         Code  Wk  startup_stm32f40_41xxx.o [2]
SDIO_IRQHandler          0x800'2a3d         Code  Wk  startup_stm32f40_41xxx.o [2]
SPI1_IRQHandler          0x800'2a09         Code  Wk  startup_stm32f40_41xxx.o [2]
SPI2_IRQHandler          0x800'2a0d         Code  Wk  startup_stm32f40_41xxx.o [2]
SPI3_IRQHandler          0x800'2a45         Code  Wk  startup_stm32f40_41xxx.o [2]
SVC_Handler              0x800'10ad    0x2  Code  Gb  stm32f4xx_it.o [3]
Segment                  0x800'1d99   0xbe  Code  Gb  main.o [1]
SetSysClock              0x800'27a7   0xaa  Code  Lc  system_stm32f4xx.o [3]
SysTick_Handler          0x800'10b3    0x2  Code  Gb  stm32f4xx_it.o [3]
SystemInit               0x800'2761   0x46  Code  Gb  system_stm32f4xx.o [3]
TAMP_STAMP_IRQHandler    0x800'2989         Code  Wk  startup_stm32f40_41xxx.o [2]
TIM1_BRK_TIM9_IRQHandler
                         0x800'29dd         Code  Wk  startup_stm32f40_41xxx.o [2]
TIM1_CC_IRQHandler       0x800'29e9         Code  Wk  startup_stm32f40_41xxx.o [2]
TIM1_TRG_COM_TIM11_IRQHandler
                         0x800'29e5         Code  Wk  startup_stm32f40_41xxx.o [2]
TIM1_UP_TIM10_IRQHandler
                         0x800'29e1         Code  Wk  startup_stm32f40_41xxx.o [2]
TIM2_IRQHandler          0x800'29ed         Code  Wk  startup_stm32f40_41xxx.o [2]
TIM3_IRQHandler          0x800'29f1         Code  Wk  startup_stm32f40_41xxx.o [2]
TIM4_IRQHandler          0x800'29f5         Code  Wk  startup_stm32f40_41xxx.o [2]
TIM5_IRQHandler          0x800'2a41         Code  Wk  startup_stm32f40_41xxx.o [2]
TIM6_DAC_IRQHandler      0x800'2a51         Code  Wk  startup_stm32f40_41xxx.o [2]
TIM7_IRQHandler          0x800'2a55         Code  Wk  startup_stm32f40_41xxx.o [2]
TIM8_BRK_TIM12_IRQHandler
                         0x800'2a25         Code  Wk  startup_stm32f40_41xxx.o [2]
TIM8_CC_IRQHandler       0x800'2a31         Code  Wk  startup_stm32f40_41xxx.o [2]
TIM8_TRG_COM_TIM14_IRQHandler
                         0x800'2a2d         Code  Wk  startup_stm32f40_41xxx.o [2]
TIM8_UP_TIM13_IRQHandler
                         0x800'2a29         Code  Wk  startup_stm32f40_41xxx.o [2]
UART2_init               0x800'243d   0xbc  Code  Gb  uart2.o [1]
UART4_IRQHandler         0x800'2a49         Code  Wk  startup_stm32f40_41xxx.o [2]
UART5_IRQHandler         0x800'2a4d         Code  Wk  startup_stm32f40_41xxx.o [2]
USART1_IRQHandler        0x800'2a11         Code  Wk  startup_stm32f40_41xxx.o [2]
USART2_IRQHandler        0x800'251b   0x42  Code  Gb  uart2.o [1]
USART2_IRQHandler{1}{2}::i
                        0x2000'0094    0x4  Data  Lc  uart2.o [1]
USART3_IRQHandler        0x800'2a15         Code  Wk  startup_stm32f40_41xxx.o [2]
USART6_IRQHandler        0x800'2a95         Code  Wk  startup_stm32f40_41xxx.o [2]
USART_Cmd                0x800'2661   0x1c  Code  Gb  stm32f4xx_usart.o [4]
USART_GetFlagStatus      0x800'26e1   0x1a  Code  Gb  stm32f4xx_usart.o [4]
USART_GetITStatus        0x800'26fb   0x64  Code  Gb  stm32f4xx_usart.o [4]
USART_ITConfig           0x800'268d   0x54  Code  Gb  stm32f4xx_usart.o [4]
USART_Init               0x800'2599   0xba  Code  Gb  stm32f4xx_usart.o [4]
USART_ReceiveData        0x800'2685    0x8  Code  Gb  stm32f4xx_usart.o [4]
USART_SendData           0x800'267d    0x8  Code  Gb  stm32f4xx_usart.o [4]
UsageFault_Handler       0x800'10ab    0x2  Code  Gb  stm32f4xx_it.o [3]
WWDG_IRQHandler          0x800'2981         Code  Wk  startup_stm32f40_41xxx.o [2]
_LC                      0x800'0189    0x6  Code  Lc  xprintffull_nomb.o [5]
_LitobFullNoMb           0x800'0e71  0x114  Code  Lc  xprintffull_nomb.o [5]
_Locale_lconv           0x2000'0024   0x38  Data  Lc  xlocale_c.o [5]
_PrintfFullNoMb          0x800'018f  0xcb4  Code  Gb  xprintffull_nomb.o [5]
_Prout                   0x800'2949   0x16  Code  Gb  xprout.o [5]
_PutcharsFullNoMb        0x800'0fdd   0x2e  Code  Lc  xprintffull_nomb.o [5]
__aeabi_cdcmple          0x800'129d         Code  Gb  DblCmpLe.o [6]
__aeabi_cdrcmple         0x800'12d1         Code  Gb  DblCmpGe.o [6]
__aeabi_d2iz             0x800'1441         Code  Gb  DblToS32.o [6]
__aeabi_d2uiz            0x800'1935         Code  Gb  DblToU32.o [6]
__aeabi_ddiv             0x800'16ed         Code  Gb  DblDiv.o [6]
__aeabi_dmul             0x800'1975         Code  Gb  DblMul.o [6]
__aeabi_dsub             0x800'1609         Code  Gb  DblAddSub.o [6]
__aeabi_i2d              0x800'1479         Code  Gb  S32ToDbl.o [6]
__aeabi_ldiv0            0x800'1d61         Code  Gb  I64DivZer.o [7]
__aeabi_memcpy           0x800'1185         Code  Gb  ABImemcpy.o [7]
__aeabi_memcpy4          0x800'11a5         Code  Gb  ABImemcpy.o [7]
__aeabi_memcpy8          0x800'11a5         Code  Gb  ABImemcpy.o [7]
__aeabi_ui2d             0x800'1959         Code  Gb  U32ToDbl.o [6]
__aeabi_uldivmod         0x800'1b29         Code  Gb  I64DivMod.o [7]
__cmain                  0x800'28e1         Code  Gb  cmain.o [7]
__exit                   0x800'1d65   0x14  Code  Gb  exit.o [8]
__iar_Fail_s             0x800'10b5   0x1c  Code  Gb  xfail_s.o [5]
__iar_Memchr             0x800'112d         Code  Gb  memchr.o [7]
__iar_Strchr             0x800'108d         Code  Gb  strchr.o [7]
__iar_data_init3         0x800'2885   0x28  Code  Gb  data_init.o [7]
__iar_frexp              0x800'1239         Code  Gb  frexp.o [6]
__iar_frexpl             0x800'1239         Code  Gb  frexp.o [6]
__iar_init_vfp           0x800'28ad         Code  Gb  fpinit_M.o [6]
__iar_ldexp64            0x800'1305         Code  Gb  ldexp.o [6]
__iar_packbits_init_single3
                         0x800'1053   0x3a  Code  Gb  packbits_init_single.o [7]
__iar_program_start      0x800'2915         Code  Gb  cstartup_M.o [7]
__iar_scalbln64          0x800'1305         Code  Gb  ldexp.o [6]
__iar_scalbn64           0x800'1305         Code  Gb  ldexp.o [6]
__iar_softfp___iar_frexp64
                         0x800'122d         Code  Gb  frexp.o [6]
__iar_softfp_frexp       0x800'122d         Code  Gb  frexp.o [6]
__iar_softfp_frexpl      0x800'122d         Code  Gb  frexp.o [6]
__low_level_init         0x800'28ff    0x4  Code  Gb  low_level_init.o [5]
__vector_table           0x800'0000         Data  Gb  startup_stm32f40_41xxx.o [2]
_call_main               0x800'28ed         Code  Gb  cmain.o [7]
_exit                    0x800'2909         Code  Gb  cexit.o [7]
abort                    0x800'1d59    0x6  Code  Gb  abort.o [5]
adc1Flag                0x2000'005c    0x4  Data  Gb  main.o [1]
adc_data                0x2000'009c    0x2  Data  Gb  main.o [1]
exit                     0x800'2903    0x4  Code  Gb  exit.o [5]
ldexp                    0x800'1305         Code  Gb  ldexp.o [6]
ldexpl                   0x800'1305         Code  Gb  ldexp.o [6]
localeconv               0x800'1b21    0x4  Code  Gb  xlocale_c.o [5]
main                     0x800'1e85  0x122  Code  Gb  main.o [1]
memchr                   0x800'112d         Code  Gb  memchr.o [7]
printf                   0x800'2571   0x28  Code  Gb  printf.o [5]
putchar                  0x800'24f9   0x22  Code  Gb  uart2.o [1]
rx2Data                 0x2000'0060   0x34  Data  Gb  uart2.o [1]
rx2Flag                 0x2000'009e    0x1  Data  Gb  uart2.o [1]
scalbln                  0x800'1305         Code  Gb  ldexp.o [6]
scalblnl                 0x800'1305         Code  Gb  ldexp.o [6]
scalbn                   0x800'1305         Code  Gb  ldexp.o [6]
scalbnl                  0x800'1305         Code  Gb  ldexp.o [6]
scale                    0x800'0f85   0x46  Code  Lc  xprintffull_nomb.o [5]
sec_hand                0x2000'0098    0x4  Data  Lc  xfail_s.o [5]
strchr                   0x800'108d         Code  Gb  strchr.o [7]
strlen                   0x800'10f5         Code  Gb  strlen.o [7]


[1] = C:\Users\IoT21\Documents\iar\0307 Uart_ABC\Debug\Obj
[2] = C:\Users\IoT21\Documents\iar\0307 Uart_ABC\Debug\Obj\CMSIS
[3] = C:\Users\IoT21\Documents\iar\0307 Uart_ABC\Debug\Obj\COMM
[4] = C:\Users\IoT21\Documents\iar\0307 Uart_ABC\Debug\Obj\STM32
[5] = dl7M_tlf.a
[6] = m7M_tls.a
[7] = rt7M_tl.a
[8] = shb_l.a

  10'881 bytes of readonly  code memory
     144 bytes of readonly  data memory
   8'351 bytes of readwrite data memory

Errors: none
Warnings: none
