###############################################################################
#
# IAR ELF Linker V9.32.1.338/W64 for ARM                  09/Mar/2023  20:57:37
# Copyright 2007-2022 IAR Systems AB.
#
#    Output file  =
#        C:\Users\IoT21\Documents\iar\0307
#        sampleUart2_clcd\Debug\Exe\sampleUart2.out
#    Map file     =
#        C:\Users\IoT21\Documents\iar\0307
#        sampleUart2_clcd\Debug\List\sampleUart2.map
#    Command line =
#        -f "C:\Users\IoT21\Documents\iar\0307
#        sampleUart2_clcd\Debug\Exe\sampleUart2.out.rsp"
#        ("C:\Users\IoT21\Documents\iar\0307 sampleUart2_clcd\Debug\Obj\main.o"
#        "C:\Users\IoT21\Documents\iar\0307
#        sampleUart2_clcd\Debug\Obj\STM32\misc.o"
#        "C:\Users\IoT21\Documents\iar\0307
#        sampleUart2_clcd\Debug\Obj\CMSIS\startup_stm32f40_41xxx.o"
#        "C:\Users\IoT21\Documents\iar\0307
#        sampleUart2_clcd\Debug\Obj\STM32\stm32f4xx_gpio.o"
#        "C:\Users\IoT21\Documents\iar\0307
#        sampleUart2_clcd\Debug\Obj\COMM\stm32f4xx_it.o"
#        "C:\Users\IoT21\Documents\iar\0307
#        sampleUart2_clcd\Debug\Obj\STM32\stm32f4xx_rcc.o"
#        "C:\Users\IoT21\Documents\iar\0307
#        sampleUart2_clcd\Debug\Obj\STM32\stm32f4xx_usart.o"
#        "C:\Users\IoT21\Documents\iar\0307
#        sampleUart2_clcd\Debug\Obj\COMM\system_stm32f4xx.o"
#        "C:\Users\IoT21\Documents\iar\0307 sampleUart2_clcd\Debug\Obj\uart2.o"
#        --no_out_extension -o "C:\Users\IoT21\Documents\iar\0307
#        sampleUart2_clcd\Debug\Exe\sampleUart2.out" --redirect
#        _Printf=_PrintfFullNoMb --redirect _Scanf=_ScanfFullNoMb --map
#        "C:\Users\IoT21\Documents\iar\0307
#        sampleUart2_clcd\Debug\List\sampleUart2.map" --config
#        "C:\Users\IoT21\Documents\iar\0307 sampleUart2_clcd\stm32f405xG.icf"
#        --semihosting --entry __iar_program_start --vfe --text_out locale
#        --cpu=Cortex-M4 --fpu=VFPv4_sp)
#
###############################################################################

*******************************************************************************
*** RUNTIME MODEL ATTRIBUTES
***

CppFlavor       = *
__CPP_Runtime   = 1
__SystemLibrary = DLib
__dlib_version  = 6


*******************************************************************************
*** HEAP SELECTION
***

The basic heap was selected because --advanced_heap
was not specified and the application did not appear to
be primarily optimized for speed.


*******************************************************************************
*** PLACEMENT SUMMARY
***

"A0":  place at address 0x800'0000 { ro section .intvec };
"P1":  place in [from 0x800'0000 to 0x80f'ffff] { ro };
define block CSTACK with size = 8K, alignment = 8 { };
define block HEAP with size = 8K, alignment = 8 { };
"P2":  place in [from 0x2000'0000 to 0x2001'ffff] {
          rw, block CSTACK, block HEAP };
initialize by copy { rw };

No sections matched the following patterns:

  section .sram  in "P3"


  Section            Kind         Address    Size  Object
  -------            ----         -------    ----  ------
"A0":                                       0x188
  .intvec            ro code   0x800'0000   0x188  startup_stm32f40_41xxx.o [2]
                             - 0x800'0188   0x188

"P1":                                      0x278e
  .text              ro code   0x800'0188   0xeca  xprintffull_nomb.o [5]
  .text              ro code   0x800'1052    0x3a  packbits_init_single.o [7]
  .text              ro code   0x800'108c    0x16  strchr.o [7]
  .text              ro code   0x800'10a2    0x12  stm32f4xx_it.o [3]
  .text              ro code   0x800'10b4    0x40  xfail_s.o [5]
  .text              ro code   0x800'10f4    0x36  strlen.o [7]
  .rodata            const     0x800'112a     0x2  xlocale_c.o [5]
  .text              ro code   0x800'112c    0x58  memchr.o [7]
  .text              ro code   0x800'1184    0xa6  ABImemcpy.o [7]
  .rodata            const     0x800'122a     0x1  xlocale_c.o [5]
  .text              ro code   0x800'122c    0x70  frexp.o [6]
  .text              ro code   0x800'129c    0x34  DblCmpLe.o [6]
  .text              ro code   0x800'12d0    0x34  DblCmpGe.o [6]
  .text              ro code   0x800'1304   0x13a  ldexp.o [6]
  .text              ro code   0x800'1440    0x36  DblToS32.o [6]
  .text              ro code   0x800'1478    0x22  S32ToDbl.o [6]
  .text              ro code   0x800'149c   0x24e  DblAddSub.o [6]
  .text              ro code   0x800'16ec   0x246  DblDiv.o [6]
  .text              ro code   0x800'1934    0x22  DblToU32.o [6]
  .text              ro code   0x800'1958    0x1c  U32ToDbl.o [6]
  .text              ro code   0x800'1974   0x1aa  DblMul.o [6]
  .text              ro code   0x800'1b20     0x8  xlocale_c.o [5]
  .text              ro code   0x800'1b28   0x230  I64DivMod.o [7]
  .text              ro code   0x800'1d58     0x6  abort.o [5]
  .text              ro code   0x800'1d60     0x2  I64DivZer.o [7]
  .text              ro code   0x800'1d64    0x14  exit.o [8]
  .text              ro code   0x800'1d78   0x270  main.o [1]
  .text              ro code   0x800'1fe8   0x110  stm32f4xx_rcc.o [4]
  .text              ro code   0x800'20f8    0xee  stm32f4xx_gpio.o [4]
  .text              ro code   0x800'21e8   0x134  uart2.o [1]
  .text              ro code   0x800'231c    0x28  printf.o [5]
  .text              ro code   0x800'2344    0x80  misc.o [4]
  .text              ro code   0x800'23c4   0x1c6  stm32f4xx_usart.o [4]
  .text              ro code   0x800'258c   0x124  system_stm32f4xx.o [3]
  .text              ro code   0x800'26b0    0x28  data_init.o [7]
  .text              ro code   0x800'26d8    0x22  fpinit_M.o [6]
  .iar.init_table    const     0x800'26fc    0x10  - Linker created -
  .text              ro code   0x800'270c    0x1e  cmain.o [7]
  .text              ro code   0x800'272a     0x4  low_level_init.o [5]
  .text              ro code   0x800'272e     0x4  exit.o [5]
  .text              ro code   0x800'2734     0xa  cexit.o [7]
  .text              ro code   0x800'2740    0x1c  cstartup_M.o [7]
  .text              ro code   0x800'275c    0x16  xprout.o [5]
  .rodata            const     0x800'2774    0x10  main.o [1]
  .text              ro code   0x800'2784    0x10  startup_stm32f40_41xxx.o [2]
  .text              ro code   0x800'2794     0x4  startup_stm32f40_41xxx.o [2]
  .text              ro code   0x800'2798     0x4  startup_stm32f40_41xxx.o [2]
  .text              ro code   0x800'279c     0x4  startup_stm32f40_41xxx.o [2]
  .text              ro code   0x800'27a0     0x4  startup_stm32f40_41xxx.o [2]
  .text              ro code   0x800'27a4     0x4  startup_stm32f40_41xxx.o [2]
  .text              ro code   0x800'27a8     0x4  startup_stm32f40_41xxx.o [2]
  .text              ro code   0x800'27ac     0x4  startup_stm32f40_41xxx.o [2]
  .text              ro code   0x800'27b0     0x4  startup_stm32f40_41xxx.o [2]
  .text              ro code   0x800'27b4     0x4  startup_stm32f40_41xxx.o [2]
  .text              ro code   0x800'27b8     0x4  startup_stm32f40_41xxx.o [2]
  .text              ro code   0x800'27bc     0x4  startup_stm32f40_41xxx.o [2]
  .text              ro code   0x800'27c0     0x4  startup_stm32f40_41xxx.o [2]
  .text              ro code   0x800'27c4     0x4  startup_stm32f40_41xxx.o [2]
  .text              ro code   0x800'27c8     0x4  startup_stm32f40_41xxx.o [2]
  .text              ro code   0x800'27cc     0x4  startup_stm32f40_41xxx.o [2]
  .text              ro code   0x800'27d0     0x4  startup_stm32f40_41xxx.o [2]
  .text              ro code   0x800'27d4     0x4  startup_stm32f40_41xxx.o [2]
  .text              ro code   0x800'27d8     0x4  startup_stm32f40_41xxx.o [2]
  .text              ro code   0x800'27dc     0x4  startup_stm32f40_41xxx.o [2]
  .text              ro code   0x800'27e0     0x4  startup_stm32f40_41xxx.o [2]
  .text              ro code   0x800'27e4     0x4  startup_stm32f40_41xxx.o [2]
  .text              ro code   0x800'27e8     0x4  startup_stm32f40_41xxx.o [2]
  .text              ro code   0x800'27ec     0x4  startup_stm32f40_41xxx.o [2]
  .text              ro code   0x800'27f0     0x4  startup_stm32f40_41xxx.o [2]
  .text              ro code   0x800'27f4     0x4  startup_stm32f40_41xxx.o [2]
  .text              ro code   0x800'27f8     0x4  startup_stm32f40_41xxx.o [2]
  .text              ro code   0x800'27fc     0x4  startup_stm32f40_41xxx.o [2]
  .text              ro code   0x800'2800     0x4  startup_stm32f40_41xxx.o [2]
  .text              ro code   0x800'2804     0x4  startup_stm32f40_41xxx.o [2]
  .text              ro code   0x800'2808     0x4  startup_stm32f40_41xxx.o [2]
  .text              ro code   0x800'280c     0x4  startup_stm32f40_41xxx.o [2]
  .text              ro code   0x800'2810     0x4  startup_stm32f40_41xxx.o [2]
  .text              ro code   0x800'2814     0x4  startup_stm32f40_41xxx.o [2]
  .text              ro code   0x800'2818     0x4  startup_stm32f40_41xxx.o [2]
  .text              ro code   0x800'281c     0x4  startup_stm32f40_41xxx.o [2]
  .text              ro code   0x800'2820     0x4  startup_stm32f40_41xxx.o [2]
  .text              ro code   0x800'2824     0x4  startup_stm32f40_41xxx.o [2]
  .text              ro code   0x800'2828     0x4  startup_stm32f40_41xxx.o [2]
  .text              ro code   0x800'282c     0x4  startup_stm32f40_41xxx.o [2]
  .text              ro code   0x800'2830     0x4  startup_stm32f40_41xxx.o [2]
  .text              ro code   0x800'2834     0x4  startup_stm32f40_41xxx.o [2]
  .text              ro code   0x800'2838     0x4  startup_stm32f40_41xxx.o [2]
  .text              ro code   0x800'283c     0x4  startup_stm32f40_41xxx.o [2]
  .text              ro code   0x800'2840     0x4  startup_stm32f40_41xxx.o [2]
  .text              ro code   0x800'2844     0x4  startup_stm32f40_41xxx.o [2]
  .text              ro code   0x800'2848     0x4  startup_stm32f40_41xxx.o [2]
  .text              ro code   0x800'284c     0x4  startup_stm32f40_41xxx.o [2]
  .text              ro code   0x800'2850     0x4  startup_stm32f40_41xxx.o [2]
  .text              ro code   0x800'2854     0x4  startup_stm32f40_41xxx.o [2]
  .text              ro code   0x800'2858     0x4  startup_stm32f40_41xxx.o [2]
  .text              ro code   0x800'285c     0x4  startup_stm32f40_41xxx.o [2]
  .text              ro code   0x800'2860     0x4  startup_stm32f40_41xxx.o [2]
  .text              ro code   0x800'2864     0x4  startup_stm32f40_41xxx.o [2]
  .text              ro code   0x800'2868     0x4  startup_stm32f40_41xxx.o [2]
  .text              ro code   0x800'286c     0x4  startup_stm32f40_41xxx.o [2]
  .text              ro code   0x800'2870     0x4  startup_stm32f40_41xxx.o [2]
  .text              ro code   0x800'2874     0x4  startup_stm32f40_41xxx.o [2]
  .text              ro code   0x800'2878     0x4  startup_stm32f40_41xxx.o [2]
  .text              ro code   0x800'287c     0x4  startup_stm32f40_41xxx.o [2]
  .text              ro code   0x800'2880     0x4  startup_stm32f40_41xxx.o [2]
  .text              ro code   0x800'2884     0x4  startup_stm32f40_41xxx.o [2]
  .text              ro code   0x800'2888     0x4  startup_stm32f40_41xxx.o [2]
  .text              ro code   0x800'288c     0x4  startup_stm32f40_41xxx.o [2]
  .text              ro code   0x800'2890     0x4  startup_stm32f40_41xxx.o [2]
  .text              ro code   0x800'2894     0x4  startup_stm32f40_41xxx.o [2]
  .text              ro code   0x800'2898     0x4  startup_stm32f40_41xxx.o [2]
  .text              ro code   0x800'289c     0x4  startup_stm32f40_41xxx.o [2]
  .text              ro code   0x800'28a0     0x4  startup_stm32f40_41xxx.o [2]
  .text              ro code   0x800'28a4     0x4  startup_stm32f40_41xxx.o [2]
  .text              ro code   0x800'28a8     0x4  startup_stm32f40_41xxx.o [2]
  .text              ro code   0x800'28ac     0x4  startup_stm32f40_41xxx.o [2]
  .text              ro code   0x800'28b0     0x4  startup_stm32f40_41xxx.o [2]
  .text              ro code   0x800'28b4     0x4  startup_stm32f40_41xxx.o [2]
  .text              ro code   0x800'28b8     0x4  startup_stm32f40_41xxx.o [2]
  .text              ro code   0x800'28bc     0x4  startup_stm32f40_41xxx.o [2]
  .text              ro code   0x800'28c0     0x4  startup_stm32f40_41xxx.o [2]
  .text              ro code   0x800'28c4     0x4  startup_stm32f40_41xxx.o [2]
  .text              ro code   0x800'28c8     0x4  startup_stm32f40_41xxx.o [2]
  .text              ro code   0x800'28cc     0x4  startup_stm32f40_41xxx.o [2]
  .text              ro code   0x800'28d0     0x4  startup_stm32f40_41xxx.o [2]
  .text              ro code   0x800'28d4     0x4  startup_stm32f40_41xxx.o [2]
  .rodata            const     0x800'28d8     0x0  packbits_init_single.o [7]
  Initializer bytes  const     0x800'28d8    0x3e  <for P2-1>
                             - 0x800'2916  0x278e

"P2", part 1 of 2:                           0x85
  P2-1                        0x2000'0000    0x85  <Init block>
    .data            inited   0x2000'0000    0x10  stm32f4xx_rcc.o [4]
    .data            inited   0x2000'0010    0x38  xlocale_c.o [5]
    .bss             inited   0x2000'0048    0x34  uart2.o [1]
    .bss             inited   0x2000'007c     0x4  uart2.o [1]
    .bss             inited   0x2000'0080     0x4  xfail_s.o [5]
    .bss             inited   0x2000'0084     0x1  uart2.o [1]
                            - 0x2000'0085    0x85

"P2", part 2 of 2:                         0x2000
  CSTACK                      0x2000'0088  0x2000  <Block>
    CSTACK           uninit   0x2000'0088  0x2000  <Block tail>
                            - 0x2000'2088  0x2000

Unused ranges:

         From           To      Size
         ----           --      ----
   0x800'2916   0x80f'ffff  0xf'd6ea
  0x2000'0085  0x2000'0087       0x3
  0x2000'2088  0x2001'ffff  0x1'df78


*******************************************************************************
*** INIT TABLE
***

          Address      Size
          -------      ----
Copy/packbits (__iar_packbits_init_single3)
    1 source range, total size 0x3e (46% of destination):
           0x800'28d8  0x3e
    1 destination range, total size 0x85:
          0x2000'0000  0x85



*******************************************************************************
*** MODULE SUMMARY
***

    Module                    ro code  ro data  rw data
    ------                    -------  -------  -------
command line/config:
    ---------------------------------------------------
    Total:

C:\Users\IoT21\Documents\iar\0307 sampleUart2_clcd\Debug\Obj: [1]
    main.o                        624       16
    uart2.o                       308       27       57
    ---------------------------------------------------
    Total:                        932       43       57

C:\Users\IoT21\Documents\iar\0307 sampleUart2_clcd\Debug\Obj\CMSIS: [2]
    startup_stm32f40_41xxx.o      732
    ---------------------------------------------------
    Total:                        732

C:\Users\IoT21\Documents\iar\0307 sampleUart2_clcd\Debug\Obj\COMM: [3]
    stm32f4xx_it.o                 18
    system_stm32f4xx.o            292
    ---------------------------------------------------
    Total:                        310

C:\Users\IoT21\Documents\iar\0307 sampleUart2_clcd\Debug\Obj\STM32: [4]
    misc.o                        128
    stm32f4xx_gpio.o              238
    stm32f4xx_rcc.o               272        7       16
    stm32f4xx_usart.o             454
    ---------------------------------------------------
    Total:                      1'092        7       16

dl7M_tlf.a: [5]
    abort.o                         6
    exit.o                          4
    low_level_init.o                4
    printf.o                       40
    xfail_s.o                      64        2        4
    xlocale_c.o                     8       29       56
    xprintffull_nomb.o          3'786
    xprout.o                       22
    ---------------------------------------------------
    Total:                      3'934       31       60

m7M_tls.a: [6]
    DblAddSub.o                   590
    DblCmpGe.o                     52
    DblCmpLe.o                     52
    DblDiv.o                      582
    DblMul.o                      426
    DblToS32.o                     54
    DblToU32.o                     34
    S32ToDbl.o                     34
    U32ToDbl.o                     28
    fpinit_M.o                     34
    frexp.o                       112
    ldexp.o                       314
    ---------------------------------------------------
    Total:                      2'312

rt7M_tl.a: [7]
    ABImemcpy.o                   166
    I64DivMod.o                   560
    I64DivZer.o                     2
    cexit.o                        10
    cmain.o                        30
    cstartup_M.o                   28
    data_init.o                    40
    memchr.o                       88
    packbits_init_single.o         58
    strchr.o                       22
    strlen.o                       54
    ---------------------------------------------------
    Total:                      1'058

shb_l.a: [8]
    exit.o                         20
    ---------------------------------------------------
    Total:                         20

    Gaps                           27        4
    Linker created                          16    8'192
-------------------------------------------------------
    Grand Total:               10'417      101    8'325


*******************************************************************************
*** ENTRY LIST
***

Entry                       Address   Size  Type      Object
-----                       -------   ----  ----      ------
.iar.init_table$$Base    0x800'26fc          --   Gb  - Linker created -
.iar.init_table$$Limit   0x800'270c          --   Gb  - Linker created -
?main                    0x800'270d         Code  Gb  cmain.o [7]
ADC_IRQHandler           0x800'27dd         Code  Wk  startup_stm32f40_41xxx.o [2]
APBAHBPrescTable        0x2000'0000   0x10  Data  Lc  stm32f4xx_rcc.o [4]
BusFault_Handler         0x800'10a9    0x2  Code  Gb  stm32f4xx_it.o [3]
CAN1_RX0_IRQHandler      0x800'27e5         Code  Wk  startup_stm32f40_41xxx.o [2]
CAN1_RX1_IRQHandler      0x800'27e9         Code  Wk  startup_stm32f40_41xxx.o [2]
CAN1_SCE_IRQHandler      0x800'27ed         Code  Wk  startup_stm32f40_41xxx.o [2]
CAN1_TX_IRQHandler       0x800'27e1         Code  Wk  startup_stm32f40_41xxx.o [2]
CAN2_RX0_IRQHandler      0x800'2891         Code  Wk  startup_stm32f40_41xxx.o [2]
CAN2_RX1_IRQHandler      0x800'2895         Code  Wk  startup_stm32f40_41xxx.o [2]
CAN2_SCE_IRQHandler      0x800'2899         Code  Wk  startup_stm32f40_41xxx.o [2]
CAN2_TX_IRQHandler       0x800'288d         Code  Wk  startup_stm32f40_41xxx.o [2]
CRYP_IRQHandler          0x800'28cd         Code  Wk  startup_stm32f40_41xxx.o [2]
CSTACK$$Base            0x2000'0088          --   Gb  - Linker created -
CSTACK$$Limit           0x2000'2088          --   Gb  - Linker created -
DCMI_IRQHandler          0x800'28c9         Code  Wk  startup_stm32f40_41xxx.o [2]
DMA1_Stream0_IRQHandler
                         0x800'27c1         Code  Wk  startup_stm32f40_41xxx.o [2]
DMA1_Stream1_IRQHandler
                         0x800'27c5         Code  Wk  startup_stm32f40_41xxx.o [2]
DMA1_Stream2_IRQHandler
                         0x800'27c9         Code  Wk  startup_stm32f40_41xxx.o [2]
DMA1_Stream3_IRQHandler
                         0x800'27cd         Code  Wk  startup_stm32f40_41xxx.o [2]
DMA1_Stream4_IRQHandler
                         0x800'27d1         Code  Wk  startup_stm32f40_41xxx.o [2]
DMA1_Stream5_IRQHandler
                         0x800'27d5         Code  Wk  startup_stm32f40_41xxx.o [2]
DMA1_Stream6_IRQHandler
                         0x800'27d9         Code  Wk  startup_stm32f40_41xxx.o [2]
DMA1_Stream7_IRQHandler
                         0x800'284d         Code  Wk  startup_stm32f40_41xxx.o [2]
DMA2_Stream0_IRQHandler
                         0x800'2871         Code  Wk  startup_stm32f40_41xxx.o [2]
DMA2_Stream1_IRQHandler
                         0x800'2875         Code  Wk  startup_stm32f40_41xxx.o [2]
DMA2_Stream2_IRQHandler
                         0x800'2879         Code  Wk  startup_stm32f40_41xxx.o [2]
DMA2_Stream3_IRQHandler
                         0x800'287d         Code  Wk  startup_stm32f40_41xxx.o [2]
DMA2_Stream4_IRQHandler
                         0x800'2881         Code  Wk  startup_stm32f40_41xxx.o [2]
DMA2_Stream5_IRQHandler
                         0x800'28a1         Code  Wk  startup_stm32f40_41xxx.o [2]
DMA2_Stream6_IRQHandler
                         0x800'28a5         Code  Wk  startup_stm32f40_41xxx.o [2]
DMA2_Stream7_IRQHandler
                         0x800'28a9         Code  Wk  startup_stm32f40_41xxx.o [2]
DebugMon_Handler         0x800'10af    0x2  Code  Gb  stm32f4xx_it.o [3]
Delay                    0x800'1d79   0x20  Code  Lc  main.o [1]
Delay_us                 0x800'1d99   0x1c  Code  Lc  main.o [1]
ETH_IRQHandler           0x800'2885         Code  Wk  startup_stm32f40_41xxx.o [2]
ETH_WKUP_IRQHandler      0x800'2889         Code  Wk  startup_stm32f40_41xxx.o [2]
EXTI0_IRQHandler         0x800'27ad         Code  Wk  startup_stm32f40_41xxx.o [2]
EXTI15_10_IRQHandler     0x800'2831         Code  Wk  startup_stm32f40_41xxx.o [2]
EXTI1_IRQHandler         0x800'27b1         Code  Wk  startup_stm32f40_41xxx.o [2]
EXTI2_IRQHandler         0x800'27b5         Code  Wk  startup_stm32f40_41xxx.o [2]
EXTI3_IRQHandler         0x800'27b9         Code  Wk  startup_stm32f40_41xxx.o [2]
EXTI4_IRQHandler         0x800'27bd         Code  Wk  startup_stm32f40_41xxx.o [2]
EXTI9_5_IRQHandler       0x800'27f1         Code  Wk  startup_stm32f40_41xxx.o [2]
E_Pulse                  0x800'1df1   0x1c  Code  Gb  main.o [1]
FLASH_IRQHandler         0x800'27a5         Code  Wk  startup_stm32f40_41xxx.o [2]
FPU_IRQHandler           0x800'28d5         Code  Wk  startup_stm32f40_41xxx.o [2]
FSMC_IRQHandler          0x800'2851         Code  Wk  startup_stm32f40_41xxx.o [2]
Func_Set                 0x800'1e0d   0x22  Code  Gb  main.o [1]
GPIO_Init                0x800'20f9   0x90  Code  Gb  stm32f4xx_gpio.o [4]
GPIO_PinAFConfig         0x800'2197   0x50  Code  Gb  stm32f4xx_gpio.o [4]
GPIO_ResetBits           0x800'218d    0x4  Code  Gb  stm32f4xx_gpio.o [4]
GPIO_SetBits             0x800'2189    0x4  Code  Gb  stm32f4xx_gpio.o [4]
GPIO_Write               0x800'2191    0x6  Code  Gb  stm32f4xx_gpio.o [4]
HASH_RNG_IRQHandler      0x800'28d1         Code  Wk  startup_stm32f40_41xxx.o [2]
HardFault_Handler        0x800'10a5    0x2  Code  Gb  stm32f4xx_it.o [3]
I2C1_ER_IRQHandler       0x800'2815         Code  Wk  startup_stm32f40_41xxx.o [2]
I2C1_EV_IRQHandler       0x800'2811         Code  Wk  startup_stm32f40_41xxx.o [2]
I2C2_ER_IRQHandler       0x800'281d         Code  Wk  startup_stm32f40_41xxx.o [2]
I2C2_EV_IRQHandler       0x800'2819         Code  Wk  startup_stm32f40_41xxx.o [2]
I2C3_ER_IRQHandler       0x800'28b5         Code  Wk  startup_stm32f40_41xxx.o [2]
I2C3_EV_IRQHandler       0x800'28b1         Code  Wk  startup_stm32f40_41xxx.o [2]
Init_LCD                 0x800'1e2f   0x50  Code  Gb  main.o [1]
MemManage_Handler        0x800'10a7    0x2  Code  Gb  stm32f4xx_it.o [3]
NMI_Handler              0x800'10a3    0x2  Code  Gb  stm32f4xx_it.o [3]
NVIC_Init                0x800'234f   0x62  Code  Gb  misc.o [4]
NVIC_PriorityGroupConfig
                         0x800'2345    0xa  Code  Gb  misc.o [4]
OTG_FS_IRQHandler        0x800'289d         Code  Wk  startup_stm32f40_41xxx.o [2]
OTG_FS_WKUP_IRQHandler   0x800'2839         Code  Wk  startup_stm32f40_41xxx.o [2]
OTG_HS_EP1_IN_IRQHandler
                         0x800'28bd         Code  Wk  startup_stm32f40_41xxx.o [2]
OTG_HS_EP1_OUT_IRQHandler
                         0x800'28b9         Code  Wk  startup_stm32f40_41xxx.o [2]
OTG_HS_IRQHandler        0x800'28c5         Code  Wk  startup_stm32f40_41xxx.o [2]
OTG_HS_WKUP_IRQHandler   0x800'28c1         Code  Wk  startup_stm32f40_41xxx.o [2]
PVD_IRQHandler           0x800'2799         Code  Wk  startup_stm32f40_41xxx.o [2]
PendSV_Handler           0x800'10b1    0x2  Code  Gb  stm32f4xx_it.o [3]
Port_Init                0x800'1db5   0x3c  Code  Gb  main.o [1]
RCC_AHB1PeriphClockCmd   0x800'20a5   0x1c  Code  Gb  stm32f4xx_rcc.o [4]
RCC_APB1PeriphClockCmd   0x800'20c1   0x1c  Code  Gb  stm32f4xx_rcc.o [4]
RCC_GetClocksFreq        0x800'1fe9   0xbc  Code  Gb  stm32f4xx_rcc.o [4]
RCC_IRQHandler           0x800'27a9         Code  Wk  startup_stm32f40_41xxx.o [2]
RTC_Alarm_IRQHandler     0x800'2835         Code  Wk  startup_stm32f40_41xxx.o [2]
RTC_WKUP_IRQHandler      0x800'27a1         Code  Wk  startup_stm32f40_41xxx.o [2]
Region$$Table$$Base      0x800'26fc          --   Gb  - Linker created -
Region$$Table$$Limit     0x800'270c          --   Gb  - Linker created -
Reset_Handler            0x800'2785         Code  Wk  startup_stm32f40_41xxx.o [2]
SDIO_IRQHandler          0x800'2855         Code  Wk  startup_stm32f40_41xxx.o [2]
SPI1_IRQHandler          0x800'2821         Code  Wk  startup_stm32f40_41xxx.o [2]
SPI2_IRQHandler          0x800'2825         Code  Wk  startup_stm32f40_41xxx.o [2]
SPI3_IRQHandler          0x800'285d         Code  Wk  startup_stm32f40_41xxx.o [2]
SVC_Handler              0x800'10ad    0x2  Code  Gb  stm32f4xx_it.o [3]
SetSysClock              0x800'25d3   0xaa  Code  Lc  system_stm32f4xx.o [3]
SysTick_Handler          0x800'10b3    0x2  Code  Gb  stm32f4xx_it.o [3]
SystemInit               0x800'258d   0x46  Code  Gb  system_stm32f4xx.o [3]
TAMP_STAMP_IRQHandler    0x800'279d         Code  Wk  startup_stm32f40_41xxx.o [2]
TIM1_BRK_TIM9_IRQHandler
                         0x800'27f5         Code  Wk  startup_stm32f40_41xxx.o [2]
TIM1_CC_IRQHandler       0x800'2801         Code  Wk  startup_stm32f40_41xxx.o [2]
TIM1_TRG_COM_TIM11_IRQHandler
                         0x800'27fd         Code  Wk  startup_stm32f40_41xxx.o [2]
TIM1_UP_TIM10_IRQHandler
                         0x800'27f9         Code  Wk  startup_stm32f40_41xxx.o [2]
TIM2_IRQHandler          0x800'2805         Code  Wk  startup_stm32f40_41xxx.o [2]
TIM3_IRQHandler          0x800'2809         Code  Wk  startup_stm32f40_41xxx.o [2]
TIM4_IRQHandler          0x800'280d         Code  Wk  startup_stm32f40_41xxx.o [2]
TIM5_IRQHandler          0x800'2859         Code  Wk  startup_stm32f40_41xxx.o [2]
TIM6_DAC_IRQHandler      0x800'2869         Code  Wk  startup_stm32f40_41xxx.o [2]
TIM7_IRQHandler          0x800'286d         Code  Wk  startup_stm32f40_41xxx.o [2]
TIM8_BRK_TIM12_IRQHandler
                         0x800'283d         Code  Wk  startup_stm32f40_41xxx.o [2]
TIM8_CC_IRQHandler       0x800'2849         Code  Wk  startup_stm32f40_41xxx.o [2]
TIM8_TRG_COM_TIM14_IRQHandler
                         0x800'2845         Code  Wk  startup_stm32f40_41xxx.o [2]
TIM8_UP_TIM13_IRQHandler
                         0x800'2841         Code  Wk  startup_stm32f40_41xxx.o [2]
UART2_init               0x800'21e9   0xbc  Code  Gb  uart2.o [1]
UART4_IRQHandler         0x800'2861         Code  Wk  startup_stm32f40_41xxx.o [2]
UART5_IRQHandler         0x800'2865         Code  Wk  startup_stm32f40_41xxx.o [2]
USART1_IRQHandler        0x800'2829         Code  Wk  startup_stm32f40_41xxx.o [2]
USART2_IRQHandler        0x800'22c7   0x42  Code  Gb  uart2.o [1]
USART2_IRQHandler{1}{2}::i
                        0x2000'007c    0x4  Data  Lc  uart2.o [1]
USART3_IRQHandler        0x800'282d         Code  Wk  startup_stm32f40_41xxx.o [2]
USART6_IRQHandler        0x800'28ad         Code  Wk  startup_stm32f40_41xxx.o [2]
USART_Cmd                0x800'248d   0x1c  Code  Gb  stm32f4xx_usart.o [4]
USART_GetFlagStatus      0x800'250d   0x1a  Code  Gb  stm32f4xx_usart.o [4]
USART_GetITStatus        0x800'2527   0x64  Code  Gb  stm32f4xx_usart.o [4]
USART_ITConfig           0x800'24b9   0x54  Code  Gb  stm32f4xx_usart.o [4]
USART_Init               0x800'23c5   0xba  Code  Gb  stm32f4xx_usart.o [4]
USART_ReceiveData        0x800'24b1    0x8  Code  Gb  stm32f4xx_usart.o [4]
USART_SendData           0x800'24a9    0x8  Code  Gb  stm32f4xx_usart.o [4]
UsageFault_Handler       0x800'10ab    0x2  Code  Gb  stm32f4xx_it.o [3]
WWDG_IRQHandler          0x800'2795         Code  Wk  startup_stm32f40_41xxx.o [2]
_LC                      0x800'0189    0x6  Code  Lc  xprintffull_nomb.o [5]
_LitobFullNoMb           0x800'0e71  0x114  Code  Lc  xprintffull_nomb.o [5]
_Locale_lconv           0x2000'0010   0x38  Data  Lc  xlocale_c.o [5]
_PrintfFullNoMb          0x800'018f  0xcb4  Code  Gb  xprintffull_nomb.o [5]
_Prout                   0x800'275d   0x16  Code  Gb  xprout.o [5]
_PutcharsFullNoMb        0x800'0fdd   0x2e  Code  Lc  xprintffull_nomb.o [5]
__aeabi_cdcmple          0x800'129d         Code  Gb  DblCmpLe.o [6]
__aeabi_cdrcmple         0x800'12d1         Code  Gb  DblCmpGe.o [6]
__aeabi_d2iz             0x800'1441         Code  Gb  DblToS32.o [6]
__aeabi_d2uiz            0x800'1935         Code  Gb  DblToU32.o [6]
__aeabi_ddiv             0x800'16ed         Code  Gb  DblDiv.o [6]
__aeabi_dmul             0x800'1975         Code  Gb  DblMul.o [6]
__aeabi_dsub             0x800'1609         Code  Gb  DblAddSub.o [6]
__aeabi_i2d              0x800'1479         Code  Gb  S32ToDbl.o [6]
__aeabi_ldiv0            0x800'1d61         Code  Gb  I64DivZer.o [7]
__aeabi_memcpy           0x800'1185         Code  Gb  ABImemcpy.o [7]
__aeabi_memcpy4          0x800'11a5         Code  Gb  ABImemcpy.o [7]
__aeabi_memcpy8          0x800'11a5         Code  Gb  ABImemcpy.o [7]
__aeabi_ui2d             0x800'1959         Code  Gb  U32ToDbl.o [6]
__aeabi_uldivmod         0x800'1b29         Code  Gb  I64DivMod.o [7]
__cmain                  0x800'270d         Code  Gb  cmain.o [7]
__exit                   0x800'1d65   0x14  Code  Gb  exit.o [8]
__iar_Fail_s             0x800'10b5   0x1c  Code  Gb  xfail_s.o [5]
__iar_Memchr             0x800'112d         Code  Gb  memchr.o [7]
__iar_Strchr             0x800'108d         Code  Gb  strchr.o [7]
__iar_data_init3         0x800'26b1   0x28  Code  Gb  data_init.o [7]
__iar_frexp              0x800'1239         Code  Gb  frexp.o [6]
__iar_frexpl             0x800'1239         Code  Gb  frexp.o [6]
__iar_init_vfp           0x800'26d9         Code  Gb  fpinit_M.o [6]
__iar_ldexp64            0x800'1305         Code  Gb  ldexp.o [6]
__iar_packbits_init_single3
                         0x800'1053   0x3a  Code  Gb  packbits_init_single.o [7]
__iar_program_start      0x800'2741         Code  Gb  cstartup_M.o [7]
__iar_scalbln64          0x800'1305         Code  Gb  ldexp.o [6]
__iar_scalbn64           0x800'1305         Code  Gb  ldexp.o [6]
__iar_softfp___iar_frexp64
                         0x800'122d         Code  Gb  frexp.o [6]
__iar_softfp_frexp       0x800'122d         Code  Gb  frexp.o [6]
__iar_softfp_frexpl      0x800'122d         Code  Gb  frexp.o [6]
__low_level_init         0x800'272b    0x4  Code  Gb  low_level_init.o [5]
__vector_table           0x800'0000         Data  Gb  startup_stm32f40_41xxx.o [2]
_call_main               0x800'2719         Code  Gb  cmain.o [7]
_exit                    0x800'2735         Code  Gb  cexit.o [7]
abort                    0x800'1d59    0x6  Code  Gb  abort.o [5]
clrscr                   0x800'1f23   0x28  Code  Gb  main.o [1]
exit                     0x800'272f    0x4  Code  Gb  exit.o [5]
lcd                      0x800'1f4b   0x1e  Code  Gb  main.o [1]
lcd_char                 0x800'1e7f   0x1e  Code  Gb  main.o [1]
lcd_disp                 0x800'1e9d   0x4a  Code  Gb  main.o [1]
ldexp                    0x800'1305         Code  Gb  ldexp.o [6]
ldexpl                   0x800'1305         Code  Gb  ldexp.o [6]
localeconv               0x800'1b21    0x4  Code  Gb  xlocale_c.o [5]
main                     0x800'1f69   0x6a  Code  Gb  main.o [1]
memchr                   0x800'112d         Code  Gb  memchr.o [7]
move_disp                0x800'1ee7   0x3c  Code  Gb  main.o [1]
printf                   0x800'231d   0x28  Code  Gb  printf.o [5]
putchar                  0x800'22a5   0x22  Code  Gb  uart2.o [1]
rx2Data                 0x2000'0048   0x34  Data  Gb  uart2.o [1]
rx2Flag                 0x2000'0084    0x1  Data  Gb  uart2.o [1]
scalbln                  0x800'1305         Code  Gb  ldexp.o [6]
scalblnl                 0x800'1305         Code  Gb  ldexp.o [6]
scalbn                   0x800'1305         Code  Gb  ldexp.o [6]
scalbnl                  0x800'1305         Code  Gb  ldexp.o [6]
scale                    0x800'0f85   0x46  Code  Lc  xprintffull_nomb.o [5]
sec_hand                0x2000'0080    0x4  Data  Lc  xfail_s.o [5]
strchr                   0x800'108d         Code  Gb  strchr.o [7]
strlen                   0x800'10f5         Code  Gb  strlen.o [7]


[1] = C:\Users\IoT21\Documents\iar\0307 sampleUart2_clcd\Debug\Obj
[2] = C:\Users\IoT21\Documents\iar\0307 sampleUart2_clcd\Debug\Obj\CMSIS
[3] = C:\Users\IoT21\Documents\iar\0307 sampleUart2_clcd\Debug\Obj\COMM
[4] = C:\Users\IoT21\Documents\iar\0307 sampleUart2_clcd\Debug\Obj\STM32
[5] = dl7M_tlf.a
[6] = m7M_tls.a
[7] = rt7M_tl.a
[8] = shb_l.a

  10'417 bytes of readonly  code memory
     101 bytes of readonly  data memory
   8'325 bytes of readwrite data memory

Errors: none
Warnings: none
