###############################################################################
#
# IAR ELF Linker V9.32.1.338/W64 for ARM                  10/Mar/2023  09:23:33
# Copyright 2007-2022 IAR Systems AB.
#
#    Output file  =
#        C:\Users\IoT21\Documents\iar\0308
#        sampleUart2_project_split_ksh_v2\Debug\Exe\sampleUart2.out
#    Map file     =
#        C:\Users\IoT21\Documents\iar\0308
#        sampleUart2_project_split_ksh_v2\Debug\List\sampleUart2.map
#    Command line =
#        -f "C:\Users\IoT21\Documents\iar\0308
#        sampleUart2_project_split_ksh_v2\Debug\Exe\sampleUart2.out.rsp"
#        ("C:\Users\IoT21\Documents\iar\0308
#        sampleUart2_project_split_ksh_v2\Debug\Obj\adc1.o"
#        "C:\Users\IoT21\Documents\iar\0308
#        sampleUart2_project_split_ksh_v2\Debug\Obj\key.o"
#        "C:\Users\IoT21\Documents\iar\0308
#        sampleUart2_project_split_ksh_v2\Debug\Obj\lcd.o"
#        "C:\Users\IoT21\Documents\iar\0308
#        sampleUart2_project_split_ksh_v2\Debug\Obj\led.o"
#        "C:\Users\IoT21\Documents\iar\0308
#        sampleUart2_project_split_ksh_v2\Debug\Obj\main.o"
#        "C:\Users\IoT21\Documents\iar\0308
#        sampleUart2_project_split_ksh_v2\Debug\Obj\STM32\misc.o"
#        "C:\Users\IoT21\Documents\iar\0308
#        sampleUart2_project_split_ksh_v2\Debug\Obj\CMSIS\startup_stm32f40_41xxx.o"
#        "C:\Users\IoT21\Documents\iar\0308
#        sampleUart2_project_split_ksh_v2\Debug\Obj\STM32\stm32f4xx_adc.o"
#        "C:\Users\IoT21\Documents\iar\0308
#        sampleUart2_project_split_ksh_v2\Debug\Obj\STM32\stm32f4xx_exti.o"
#        "C:\Users\IoT21\Documents\iar\0308
#        sampleUart2_project_split_ksh_v2\Debug\Obj\STM32\stm32f4xx_gpio.o"
#        "C:\Users\IoT21\Documents\iar\0308
#        sampleUart2_project_split_ksh_v2\Debug\Obj\COMM\stm32f4xx_it.o"
#        "C:\Users\IoT21\Documents\iar\0308
#        sampleUart2_project_split_ksh_v2\Debug\Obj\STM32\stm32f4xx_rcc.o"
#        "C:\Users\IoT21\Documents\iar\0308
#        sampleUart2_project_split_ksh_v2\Debug\Obj\STM32\stm32f4xx_syscfg.o"
#        "C:\Users\IoT21\Documents\iar\0308
#        sampleUart2_project_split_ksh_v2\Debug\Obj\STM32\stm32f4xx_tim.o"
#        "C:\Users\IoT21\Documents\iar\0308
#        sampleUart2_project_split_ksh_v2\Debug\Obj\STM32\stm32f4xx_usart.o"
#        "C:\Users\IoT21\Documents\iar\0308
#        sampleUart2_project_split_ksh_v2\Debug\Obj\COMM\system_stm32f4xx.o"
#        "C:\Users\IoT21\Documents\iar\0308
#        sampleUart2_project_split_ksh_v2\Debug\Obj\tim10_motor.o"
#        "C:\Users\IoT21\Documents\iar\0308
#        sampleUart2_project_split_ksh_v2\Debug\Obj\tim1_counter.o"
#        "C:\Users\IoT21\Documents\iar\0308
#        sampleUart2_project_split_ksh_v2\Debug\Obj\uart2.o"
#        "C:\Users\IoT21\Documents\iar\0308
#        sampleUart2_project_split_ksh_v2\Debug\Obj\uart4.o" --no_out_extension
#        -o "C:\Users\IoT21\Documents\iar\0308
#        sampleUart2_project_split_ksh_v2\Debug\Exe\sampleUart2.out" --redirect
#        _Printf=_PrintfFullNoMb --redirect _Scanf=_ScanfFullNoMb --map
#        "C:\Users\IoT21\Documents\iar\0308
#        sampleUart2_project_split_ksh_v2\Debug\List\sampleUart2.map" --config
#        "C:\Users\IoT21\Documents\iar\0308
#        sampleUart2_project_split_ksh_v2\stm32f405xG.icf" --semihosting
#        --entry __iar_program_start --vfe --text_out locale --cpu=Cortex-M4
#        --fpu=VFPv4_sp)
#
###############################################################################

*******************************************************************************
*** RUNTIME MODEL ATTRIBUTES
***

CppFlavor       = *
__CPP_Runtime   = 1
__SystemLibrary = DLib
__dlib_version  = 6


*******************************************************************************
*** HEAP SELECTION
***

The basic heap was selected because --advanced_heap
was not specified and the application did not appear to
be primarily optimized for speed.


*******************************************************************************
*** PLACEMENT SUMMARY
***

"A0":  place at address 0x800'0000 { ro section .intvec };
"P1":  place in [from 0x800'0000 to 0x80f'ffff] { ro };
define block CSTACK with size = 8K, alignment = 8 { };
define block HEAP with size = 8K, alignment = 8 { };
"P2":  place in [from 0x2000'0000 to 0x2001'ffff] {
          rw, block CSTACK, block HEAP };
initialize by copy { rw };

No sections matched the following patterns:

  section .sram  in "P3"


  Section            Kind         Address    Size  Object
  -------            ----         -------    ----  ------
"A0":                                       0x188
  .intvec            ro code   0x800'0000   0x188  startup_stm32f40_41xxx.o [2]
                             - 0x800'0188   0x188

"P1":                                      0x37f9
  .text              ro code   0x800'0188   0xeca  xprintffull_nomb.o [5]
  .text              ro code   0x800'1052    0x7e  lz77_init_single.o [7]
  .text              ro code   0x800'10d0    0x16  strchr.o [7]
  .text              ro code   0x800'10e6    0x12  stm32f4xx_it.o [3]
  .text              ro code   0x800'10f8    0x40  xfail_s.o [5]
  .text              ro code   0x800'1138    0x36  strlen.o [7]
  .text              ro code   0x800'116e     0xa  xsprout.o [5]
  .text              ro code   0x800'1178    0x58  memchr.o [7]
  .text              ro code   0x800'11d0    0xa6  ABImemcpy.o [7]
  .rodata            const     0x800'1276     0x2  xlocale_c.o [5]
  .text              ro code   0x800'1278    0x70  frexp.o [6]
  .text              ro code   0x800'12e8    0x34  DblCmpLe.o [6]
  .text              ro code   0x800'131c    0x34  DblCmpGe.o [6]
  .text              ro code   0x800'1350   0x13a  ldexp.o [6]
  .rodata            const     0x800'148a     0x2  xlocale_c.o [5]
  .text              ro code   0x800'148c    0x36  DblToS32.o [6]
  .rodata            const     0x800'14c2     0x1  xlocale_c.o [5]
  .text              ro code   0x800'14c4    0x22  S32ToDbl.o [6]
  .text              ro code   0x800'14e8   0x24e  DblAddSub.o [6]
  .text              ro code   0x800'1738   0x246  DblDiv.o [6]
  .text              ro code   0x800'1980    0x22  DblToU32.o [6]
  .text              ro code   0x800'19a4    0x1c  U32ToDbl.o [6]
  .text              ro code   0x800'19c0   0x1aa  DblMul.o [6]
  .text              ro code   0x800'1b6c    0x3c  xlocale_c.o [5]
  .text              ro code   0x800'1ba8   0x230  I64DivMod.o [7]
  .text              ro code   0x800'1dd8     0x6  abort.o [5]
  .text              ro code   0x800'1de0     0x2  I64DivZer.o [7]
  .text              ro code   0x800'1de4    0x14  exit.o [8]
  .text              ro code   0x800'1df8   0x2d0  main.o [1]
  .text              ro code   0x800'20c8   0x11c  key.o [1]
  .text              ro code   0x800'21e4    0xf8  led.o [1]
  .text              ro code   0x800'22dc   0x168  uart2.o [1]
  .text              ro code   0x800'2444   0x148  uart4.o [1]
  .text              ro code   0x800'258c    0xc4  tim10_motor.o [1]
  .text              ro code   0x800'2650    0xc4  tim1_counter.o [1]
  .text              ro code   0x800'2714   0x104  adc1.o [1]
  .text              ro code   0x800'2818   0x1d8  stm32f4xx_adc.o [4]
  .text              ro code   0x800'29f0    0x28  printf.o [5]
  .text              ro code   0x800'2a18    0xf6  stm32f4xx_gpio.o [4]
  .text              ro code   0x800'2b0e     0x8  abs.o [5]
  .text              ro code   0x800'2b18     0x6  ABImemclr4.o [7]
  .text              ro code   0x800'2b20    0x66  ABImemset.o [7]
  .text              ro code   0x800'2b88    0x18  strcpy.o [7]
  .text              ro code   0x800'2ba0    0x4c  strtok.o [5]
  .text              ro code   0x800'2bec    0x12  strcmp.o [7]
  .text              ro code   0x800'2c00   0x14e  iar_Stoulx.o [5]
  .text              ro code   0x800'2d50    0x40  sprintf.o [5]
  .text              ro code   0x800'2d90    0x2a  strncmp.o [5]
  .text              ro code   0x800'2dbc   0x130  stm32f4xx_rcc.o [4]
  .text              ro code   0x800'2eec    0xa8  stm32f4xx_exti.o [4]
  .text              ro code   0x800'2f94    0x50  stm32f4xx_syscfg.o [4]
  .text              ro code   0x800'2fe4    0x80  misc.o [4]
  .text              ro code   0x800'3064   0x248  stm32f4xx_tim.o [4]
  .text              ro code   0x800'32ac   0x1c6  stm32f4xx_usart.o [4]
  .text              ro code   0x800'3474    0x32  ABImemset48.o [7]
  .text              ro code   0x800'34a6    0x22  strspn.o [5]
  .text              ro code   0x800'34c8    0x22  strcspn.o [5]
  .text              ro code   0x800'34ea    0x14  isspace.o [5]
  .text              ro code   0x800'34fe    0x14  tolower.o [5]
  .text              ro code   0x800'3514   0x124  system_stm32f4xx.o [3]
  .rodata            const     0x800'3638    0x50  iar_Stoulx.o [5]
  .text              ro code   0x800'3688    0x38  zero_init3.o [7]
  .text              ro code   0x800'36c0    0x28  data_init.o [7]
  .text              ro code   0x800'36e8    0x22  fpinit_M.o [6]
  .iar.init_table    const     0x800'370c    0x20  - Linker created -
  .text              ro code   0x800'372c    0x1e  cmain.o [7]
  .text              ro code   0x800'374a     0x4  low_level_init.o [5]
  .text              ro code   0x800'374e     0x4  exit.o [5]
  .text              ro code   0x800'3754     0xa  cexit.o [7]
  .text              ro code   0x800'3760    0x1c  cstartup_M.o [7]
  .text              ro code   0x800'377c    0x16  xprout.o [5]
  .rodata            const     0x800'3794    0x10  main.o [1]
  .rodata            const     0x800'37a4    0x10  main.o [1]
  .rodata            const     0x800'37b4    0x10  main.o [1]
  .rodata            const     0x800'37c4    0x10  main.o [1]
  .rodata            const     0x800'37d4    0x10  main.o [1]
  .rodata            const     0x800'37e4    0x10  main.o [1]
  .text              ro code   0x800'37f4    0x10  startup_stm32f40_41xxx.o [2]
  .rodata            const     0x800'3804     0xc  main.o [1]
  .text              ro code   0x800'3810     0x4  startup_stm32f40_41xxx.o [2]
  .text              ro code   0x800'3814     0x4  startup_stm32f40_41xxx.o [2]
  .text              ro code   0x800'3818     0x4  startup_stm32f40_41xxx.o [2]
  .text              ro code   0x800'381c     0x4  startup_stm32f40_41xxx.o [2]
  .text              ro code   0x800'3820     0x4  startup_stm32f40_41xxx.o [2]
  .text              ro code   0x800'3824     0x4  startup_stm32f40_41xxx.o [2]
  .text              ro code   0x800'3828     0x4  startup_stm32f40_41xxx.o [2]
  .text              ro code   0x800'382c     0x4  startup_stm32f40_41xxx.o [2]
  .text              ro code   0x800'3830     0x4  startup_stm32f40_41xxx.o [2]
  .text              ro code   0x800'3834     0x4  startup_stm32f40_41xxx.o [2]
  .text              ro code   0x800'3838     0x4  startup_stm32f40_41xxx.o [2]
  .text              ro code   0x800'383c     0x4  startup_stm32f40_41xxx.o [2]
  .text              ro code   0x800'3840     0x4  startup_stm32f40_41xxx.o [2]
  .text              ro code   0x800'3844     0x4  startup_stm32f40_41xxx.o [2]
  .text              ro code   0x800'3848     0x4  startup_stm32f40_41xxx.o [2]
  .text              ro code   0x800'384c     0x4  startup_stm32f40_41xxx.o [2]
  .text              ro code   0x800'3850     0x4  startup_stm32f40_41xxx.o [2]
  .text              ro code   0x800'3854     0x4  startup_stm32f40_41xxx.o [2]
  .text              ro code   0x800'3858     0x4  startup_stm32f40_41xxx.o [2]
  .text              ro code   0x800'385c     0x4  startup_stm32f40_41xxx.o [2]
  .text              ro code   0x800'3860     0x4  startup_stm32f40_41xxx.o [2]
  .text              ro code   0x800'3864     0x4  startup_stm32f40_41xxx.o [2]
  .text              ro code   0x800'3868     0x4  startup_stm32f40_41xxx.o [2]
  .text              ro code   0x800'386c     0x4  startup_stm32f40_41xxx.o [2]
  .text              ro code   0x800'3870     0x4  startup_stm32f40_41xxx.o [2]
  .text              ro code   0x800'3874     0x4  startup_stm32f40_41xxx.o [2]
  .text              ro code   0x800'3878     0x4  startup_stm32f40_41xxx.o [2]
  .text              ro code   0x800'387c     0x4  startup_stm32f40_41xxx.o [2]
  .text              ro code   0x800'3880     0x4  startup_stm32f40_41xxx.o [2]
  .text              ro code   0x800'3884     0x4  startup_stm32f40_41xxx.o [2]
  .text              ro code   0x800'3888     0x4  startup_stm32f40_41xxx.o [2]
  .text              ro code   0x800'388c     0x4  startup_stm32f40_41xxx.o [2]
  .text              ro code   0x800'3890     0x4  startup_stm32f40_41xxx.o [2]
  .text              ro code   0x800'3894     0x4  startup_stm32f40_41xxx.o [2]
  .text              ro code   0x800'3898     0x4  startup_stm32f40_41xxx.o [2]
  .text              ro code   0x800'389c     0x4  startup_stm32f40_41xxx.o [2]
  .text              ro code   0x800'38a0     0x4  startup_stm32f40_41xxx.o [2]
  .text              ro code   0x800'38a4     0x4  startup_stm32f40_41xxx.o [2]
  .text              ro code   0x800'38a8     0x4  startup_stm32f40_41xxx.o [2]
  .text              ro code   0x800'38ac     0x4  startup_stm32f40_41xxx.o [2]
  .text              ro code   0x800'38b0     0x4  startup_stm32f40_41xxx.o [2]
  .text              ro code   0x800'38b4     0x4  startup_stm32f40_41xxx.o [2]
  .text              ro code   0x800'38b8     0x4  startup_stm32f40_41xxx.o [2]
  .text              ro code   0x800'38bc     0x4  startup_stm32f40_41xxx.o [2]
  .text              ro code   0x800'38c0     0x4  startup_stm32f40_41xxx.o [2]
  .text              ro code   0x800'38c4     0x4  startup_stm32f40_41xxx.o [2]
  .text              ro code   0x800'38c8     0x4  startup_stm32f40_41xxx.o [2]
  .text              ro code   0x800'38cc     0x4  startup_stm32f40_41xxx.o [2]
  .text              ro code   0x800'38d0     0x4  startup_stm32f40_41xxx.o [2]
  .text              ro code   0x800'38d4     0x4  startup_stm32f40_41xxx.o [2]
  .text              ro code   0x800'38d8     0x4  startup_stm32f40_41xxx.o [2]
  .text              ro code   0x800'38dc     0x4  startup_stm32f40_41xxx.o [2]
  .text              ro code   0x800'38e0     0x4  startup_stm32f40_41xxx.o [2]
  .text              ro code   0x800'38e4     0x4  startup_stm32f40_41xxx.o [2]
  .text              ro code   0x800'38e8     0x4  startup_stm32f40_41xxx.o [2]
  .text              ro code   0x800'38ec     0x4  startup_stm32f40_41xxx.o [2]
  .text              ro code   0x800'38f0     0x4  startup_stm32f40_41xxx.o [2]
  .text              ro code   0x800'38f4     0x4  startup_stm32f40_41xxx.o [2]
  .text              ro code   0x800'38f8     0x4  startup_stm32f40_41xxx.o [2]
  .text              ro code   0x800'38fc     0x4  startup_stm32f40_41xxx.o [2]
  .text              ro code   0x800'3900     0x4  startup_stm32f40_41xxx.o [2]
  .text              ro code   0x800'3904     0x4  startup_stm32f40_41xxx.o [2]
  .text              ro code   0x800'3908     0x4  startup_stm32f40_41xxx.o [2]
  .text              ro code   0x800'390c     0x4  startup_stm32f40_41xxx.o [2]
  .text              ro code   0x800'3910     0x4  startup_stm32f40_41xxx.o [2]
  .text              ro code   0x800'3914     0x4  startup_stm32f40_41xxx.o [2]
  .text              ro code   0x800'3918     0x4  startup_stm32f40_41xxx.o [2]
  .text              ro code   0x800'391c     0x4  startup_stm32f40_41xxx.o [2]
  .text              ro code   0x800'3920     0x4  startup_stm32f40_41xxx.o [2]
  .text              ro code   0x800'3924     0x4  startup_stm32f40_41xxx.o [2]
  .text              ro code   0x800'3928     0x4  startup_stm32f40_41xxx.o [2]
  .text              ro code   0x800'392c     0x4  startup_stm32f40_41xxx.o [2]
  .text              ro code   0x800'3930     0x4  startup_stm32f40_41xxx.o [2]
  .text              ro code   0x800'3934     0x4  startup_stm32f40_41xxx.o [2]
  .text              ro code   0x800'3938     0x4  startup_stm32f40_41xxx.o [2]
  .text              ro code   0x800'393c     0x4  startup_stm32f40_41xxx.o [2]
  .rodata            const     0x800'3940     0x0  zero_init3.o [7]
  .rodata            const     0x800'3940     0x0  lz77_init_single.o [7]
  Initializer bytes  const     0x800'3940    0x41  <for P2-1>
                             - 0x800'3981  0x37f9

"P2", part 1 of 3:                           0x94
  P2-1                        0x2000'0000    0x94  <Init block>
    .data            inited   0x2000'0000     0x4  main.o [1]
    .data            inited   0x2000'0004    0x10  stm32f4xx_rcc.o [4]
    .data            inited   0x2000'0014    0x38  xlocale_c.o [5]
    .data            inited   0x2000'004c    0x48  xlocale_c.o [5]
                            - 0x2000'0094    0x94

"P2", part 2 of 3:                           0x98
  .bss               zero     0x2000'0094    0x34  uart2.o [1]
  .bss               zero     0x2000'00c8    0x34  uart4.o [1]
  .bss               zero     0x2000'00fc     0x4  adc1.o [1]
  .bss               zero     0x2000'0100     0x4  key.o [1]
  .bss               zero     0x2000'0104     0x4  led.o [1]
  .bss               zero     0x2000'0108     0x4  led.o [1]
  .bss               zero     0x2000'010c     0x4  led.o [1]
  .bss               zero     0x2000'0110     0x4  led.o [1]
  .bss               zero     0x2000'0114     0x4  tim1_counter.o [1]
  .bss               zero     0x2000'0118     0x4  uart2.o [1]
  .bss               zero     0x2000'011c     0x4  uart4.o [1]
  .bss               zero     0x2000'0120     0x4  strtok.o [5]
  .bss               zero     0x2000'0124     0x4  xfail_s.o [5]
  .bss               zero     0x2000'0128     0x2  adc1.o [1]
  .bss               zero     0x2000'012a     0x1  uart2.o [1]
  .bss               zero     0x2000'012b     0x1  uart4.o [1]
                            - 0x2000'012c    0x98

"P2", part 3 of 3:                         0x2000
  CSTACK                      0x2000'0130  0x2000  <Block>
    CSTACK           uninit   0x2000'0130  0x2000  <Block tail>
                            - 0x2000'2130  0x2000

Unused ranges:

         From           To      Size
         ----           --      ----
   0x800'3981   0x80f'ffff  0xf'c67f
  0x2000'012c  0x2000'012f       0x4
  0x2000'2130  0x2001'ffff  0x1'ded0


*******************************************************************************
*** INIT TABLE
***

          Address      Size
          -------      ----
Zero (__iar_zero_init3)
    1 destination range, total size 0x98:
          0x2000'0094  0x98

Copy/lz77 (__iar_lz77_init_single3)
    1 source range, total size 0x41 (43% of destination):
           0x800'3940  0x41
    1 destination range, total size 0x94:
          0x2000'0000  0x94



*******************************************************************************
*** MODULE SUMMARY
***

    Module                    ro code  ro data  rw data
    ------                    -------  -------  -------
command line/config:
    ---------------------------------------------------
    Total:

C:\Users\IoT21\Documents\iar\0308 sampleUart2_project_split_ksh_v2\Debug\Obj: [1]
    adc1.o                        260                 6
    key.o                         284                 4
    led.o                         248                16
    main.o                        720      109        4
    tim10_motor.o                 196
    tim1_counter.o                196                 4
    uart2.o                       360                57
    uart4.o                       328                57
    ---------------------------------------------------
    Total:                      2'592      109      148

C:\Users\IoT21\Documents\iar\0308 sampleUart2_project_split_ksh_v2\Debug\Obj\CMSIS: [2]
    startup_stm32f40_41xxx.o      712
    ---------------------------------------------------
    Total:                        712

C:\Users\IoT21\Documents\iar\0308 sampleUart2_project_split_ksh_v2\Debug\Obj\COMM: [3]
    stm32f4xx_it.o                 18
    system_stm32f4xx.o            292
    ---------------------------------------------------
    Total:                        310

C:\Users\IoT21\Documents\iar\0308 sampleUart2_project_split_ksh_v2\Debug\Obj\STM32: [4]
    misc.o                        128
    stm32f4xx_adc.o               472
    stm32f4xx_exti.o              168
    stm32f4xx_gpio.o              246
    stm32f4xx_rcc.o               304        7       16
    stm32f4xx_syscfg.o             80
    stm32f4xx_tim.o               584
    stm32f4xx_usart.o             454
    ---------------------------------------------------
    Total:                      2'436        7       16

dl7M_tlf.a: [5]
    abort.o                         6
    abs.o                           8
    exit.o                          4
    iar_Stoulx.o                  334       80
    isspace.o                      20
    low_level_init.o                4
    printf.o                       40
    sprintf.o                      64
    strcspn.o                      34
    strncmp.o                      42
    strspn.o                       34
    strtok.o                       76                 4
    tolower.o                      20
    xfail_s.o                      64                 4
    xlocale_c.o                    60       62      128
    xprintffull_nomb.o          3'786
    xprout.o                       22
    xsprout.o                      10
    ---------------------------------------------------
    Total:                      4'628      142      136

m7M_tls.a: [6]
    DblAddSub.o                   590
    DblCmpGe.o                     52
    DblCmpLe.o                     52
    DblDiv.o                      582
    DblMul.o                      426
    DblToS32.o                     54
    DblToU32.o                     34
    S32ToDbl.o                     34
    U32ToDbl.o                     28
    fpinit_M.o                     34
    frexp.o                       112
    ldexp.o                       314
    ---------------------------------------------------
    Total:                      2'312

rt7M_tl.a: [7]
    ABImemclr4.o                    6
    ABImemcpy.o                   166
    ABImemset.o                   102
    ABImemset48.o                  50
    I64DivMod.o                   560
    I64DivZer.o                     2
    cexit.o                        10
    cmain.o                        30
    cstartup_M.o                   28
    data_init.o                    40
    lz77_init_single.o            126
    memchr.o                       88
    strchr.o                       22
    strcmp.o                       18
    strcpy.o                       24
    strlen.o                       54
    zero_init3.o                   56
    ---------------------------------------------------
    Total:                      1'382

shb_l.a: [8]
    exit.o                         20
    ---------------------------------------------------
    Total:                         20

    Gaps                           35        4
    Linker created                          32    8'192
-------------------------------------------------------
    Grand Total:               14'427      294    8'492


*******************************************************************************
*** ENTRY LIST
***

Entry                       Address   Size  Type      Object
-----                       -------   ----  ----      ------
.iar.init_table$$Base    0x800'370c          --   Gb  - Linker created -
.iar.init_table$$Limit   0x800'372c          --   Gb  - Linker created -
?main                    0x800'372d         Code  Gb  cmain.o [7]
ADC_ClearITPendingBit    0x800'29e3    0xe  Code  Gb  stm32f4xx_adc.o [4]
ADC_Cmd                  0x800'2881   0x1a  Code  Gb  stm32f4xx_adc.o [4]
ADC_CommonInit           0x800'2863   0x1e  Code  Gb  stm32f4xx_adc.o [4]
ADC_GetConversionValue   0x800'2979    0x6  Code  Gb  stm32f4xx_adc.o [4]
ADC_GetITStatus          0x800'29b3   0x30  Code  Gb  stm32f4xx_adc.o [4]
ADC_IRQHandler           0x800'27db   0x2e  Code  Gb  adc1.o [1]
ADC_ITConfig             0x800'2991   0x22  Code  Gb  stm32f4xx_adc.o [4]
ADC_Init                 0x800'2819   0x4a  Code  Gb  stm32f4xx_adc.o [4]
ADC_RegularChannelConfig
                         0x800'289b   0xd4  Code  Gb  stm32f4xx_adc.o [4]
ADC_SoftwareStartConv    0x800'296f    0xa  Code  Gb  stm32f4xx_adc.o [4]
APBAHBPrescTable        0x2000'0004   0x10  Data  Lc  stm32f4xx_rcc.o [4]
BusFault_Handler         0x800'10ed    0x2  Code  Gb  stm32f4xx_it.o [3]
CAN1_RX0_IRQHandler      0x800'385d         Code  Wk  startup_stm32f40_41xxx.o [2]
CAN1_RX1_IRQHandler      0x800'3861         Code  Wk  startup_stm32f40_41xxx.o [2]
CAN1_SCE_IRQHandler      0x800'3865         Code  Wk  startup_stm32f40_41xxx.o [2]
CAN1_TX_IRQHandler       0x800'3859         Code  Wk  startup_stm32f40_41xxx.o [2]
CAN2_RX0_IRQHandler      0x800'38f9         Code  Wk  startup_stm32f40_41xxx.o [2]
CAN2_RX1_IRQHandler      0x800'38fd         Code  Wk  startup_stm32f40_41xxx.o [2]
CAN2_SCE_IRQHandler      0x800'3901         Code  Wk  startup_stm32f40_41xxx.o [2]
CAN2_TX_IRQHandler       0x800'38f5         Code  Wk  startup_stm32f40_41xxx.o [2]
CRYP_IRQHandler          0x800'3935         Code  Wk  startup_stm32f40_41xxx.o [2]
CSTACK$$Base            0x2000'0130          --   Gb  - Linker created -
CSTACK$$Limit           0x2000'2130          --   Gb  - Linker created -
DCMI_IRQHandler          0x800'3931         Code  Wk  startup_stm32f40_41xxx.o [2]
DMA1_Stream0_IRQHandler
                         0x800'383d         Code  Wk  startup_stm32f40_41xxx.o [2]
DMA1_Stream1_IRQHandler
                         0x800'3841         Code  Wk  startup_stm32f40_41xxx.o [2]
DMA1_Stream2_IRQHandler
                         0x800'3845         Code  Wk  startup_stm32f40_41xxx.o [2]
DMA1_Stream3_IRQHandler
                         0x800'3849         Code  Wk  startup_stm32f40_41xxx.o [2]
DMA1_Stream4_IRQHandler
                         0x800'384d         Code  Wk  startup_stm32f40_41xxx.o [2]
DMA1_Stream5_IRQHandler
                         0x800'3851         Code  Wk  startup_stm32f40_41xxx.o [2]
DMA1_Stream6_IRQHandler
                         0x800'3855         Code  Wk  startup_stm32f40_41xxx.o [2]
DMA1_Stream7_IRQHandler
                         0x800'38bd         Code  Wk  startup_stm32f40_41xxx.o [2]
DMA2_Stream0_IRQHandler
                         0x800'38d9         Code  Wk  startup_stm32f40_41xxx.o [2]
DMA2_Stream1_IRQHandler
                         0x800'38dd         Code  Wk  startup_stm32f40_41xxx.o [2]
DMA2_Stream2_IRQHandler
                         0x800'38e1         Code  Wk  startup_stm32f40_41xxx.o [2]
DMA2_Stream3_IRQHandler
                         0x800'38e5         Code  Wk  startup_stm32f40_41xxx.o [2]
DMA2_Stream4_IRQHandler
                         0x800'38e9         Code  Wk  startup_stm32f40_41xxx.o [2]
DMA2_Stream5_IRQHandler
                         0x800'3909         Code  Wk  startup_stm32f40_41xxx.o [2]
DMA2_Stream6_IRQHandler
                         0x800'390d         Code  Wk  startup_stm32f40_41xxx.o [2]
DMA2_Stream7_IRQHandler
                         0x800'3911         Code  Wk  startup_stm32f40_41xxx.o [2]
DebugMon_Handler         0x800'10f3    0x2  Code  Gb  stm32f4xx_it.o [3]
ETH_IRQHandler           0x800'38ed         Code  Wk  startup_stm32f40_41xxx.o [2]
ETH_WKUP_IRQHandler      0x800'38f1         Code  Wk  startup_stm32f40_41xxx.o [2]
EXTI0_IRQHandler         0x800'3829         Code  Wk  startup_stm32f40_41xxx.o [2]
EXTI15_10_IRQHandler     0x800'2169   0x72  Code  Gb  key.o [1]
EXTI1_IRQHandler         0x800'382d         Code  Wk  startup_stm32f40_41xxx.o [2]
EXTI2_IRQHandler         0x800'3831         Code  Wk  startup_stm32f40_41xxx.o [2]
EXTI3_IRQHandler         0x800'3835         Code  Wk  startup_stm32f40_41xxx.o [2]
EXTI4_IRQHandler         0x800'3839         Code  Wk  startup_stm32f40_41xxx.o [2]
EXTI9_5_IRQHandler       0x800'3869         Code  Wk  startup_stm32f40_41xxx.o [2]
EXTI_ClearITPendingBit   0x800'2f79    0x6  Code  Gb  stm32f4xx_exti.o [4]
EXTI_GetITStatus         0x800'2f65   0x14  Code  Gb  stm32f4xx_exti.o [4]
EXTI_Init                0x800'2eed   0x78  Code  Gb  stm32f4xx_exti.o [4]
FLASH_IRQHandler         0x800'3821         Code  Wk  startup_stm32f40_41xxx.o [2]
FPU_IRQHandler           0x800'393d         Code  Wk  startup_stm32f40_41xxx.o [2]
FSMC_IRQHandler          0x800'38c1         Code  Wk  startup_stm32f40_41xxx.o [2]
GPIO_Init                0x800'2a19   0x90  Code  Gb  stm32f4xx_gpio.o [4]
GPIO_PinAFConfig         0x800'2abf   0x50  Code  Gb  stm32f4xx_gpio.o [4]
GPIO_ResetBits           0x800'2aad    0x4  Code  Gb  stm32f4xx_gpio.o [4]
GPIO_SetBits             0x800'2aa9    0x4  Code  Gb  stm32f4xx_gpio.o [4]
GPIO_WriteBit            0x800'2ab1    0xe  Code  Gb  stm32f4xx_gpio.o [4]
HASH_RNG_IRQHandler      0x800'3939         Code  Wk  startup_stm32f40_41xxx.o [2]
HardFault_Handler        0x800'10e9    0x2  Code  Gb  stm32f4xx_it.o [3]
I2C1_ER_IRQHandler       0x800'3889         Code  Wk  startup_stm32f40_41xxx.o [2]
I2C1_EV_IRQHandler       0x800'3885         Code  Wk  startup_stm32f40_41xxx.o [2]
I2C2_ER_IRQHandler       0x800'3891         Code  Wk  startup_stm32f40_41xxx.o [2]
I2C2_EV_IRQHandler       0x800'388d         Code  Wk  startup_stm32f40_41xxx.o [2]
I2C3_ER_IRQHandler       0x800'391d         Code  Wk  startup_stm32f40_41xxx.o [2]
I2C3_EV_IRQHandler       0x800'3919         Code  Wk  startup_stm32f40_41xxx.o [2]
Init_ADC1                0x800'2715   0xc6  Code  Gb  adc1.o [1]
Key_Init                 0x800'20c9   0xa0  Code  Gb  key.o [1]
MemManage_Handler        0x800'10eb    0x2  Code  Gb  stm32f4xx_it.o [3]
NMI_Handler              0x800'10e7    0x2  Code  Gb  stm32f4xx_it.o [3]
NVIC_Init                0x800'2fef   0x62  Code  Gb  misc.o [4]
NVIC_PriorityGroupConfig
                         0x800'2fe5    0xa  Code  Gb  misc.o [4]
OTG_FS_IRQHandler        0x800'3905         Code  Wk  startup_stm32f40_41xxx.o [2]
OTG_FS_WKUP_IRQHandler   0x800'38a9         Code  Wk  startup_stm32f40_41xxx.o [2]
OTG_HS_EP1_IN_IRQHandler
                         0x800'3925         Code  Wk  startup_stm32f40_41xxx.o [2]
OTG_HS_EP1_OUT_IRQHandler
                         0x800'3921         Code  Wk  startup_stm32f40_41xxx.o [2]
OTG_HS_IRQHandler        0x800'392d         Code  Wk  startup_stm32f40_41xxx.o [2]
OTG_HS_WKUP_IRQHandler   0x800'3929         Code  Wk  startup_stm32f40_41xxx.o [2]
PORTC_Led_Init           0x800'21e5   0x9e  Code  Gb  led.o [1]
PVD_IRQHandler           0x800'3815         Code  Wk  startup_stm32f40_41xxx.o [2]
PendSV_Handler           0x800'10f5    0x2  Code  Gb  stm32f4xx_it.o [3]
RCC_AHB1PeriphClockCmd   0x800'2e79   0x1c  Code  Gb  stm32f4xx_rcc.o [4]
RCC_APB1PeriphClockCmd   0x800'2e95   0x1c  Code  Gb  stm32f4xx_rcc.o [4]
RCC_APB2PeriphClockCmd   0x800'2eb1   0x1c  Code  Gb  stm32f4xx_rcc.o [4]
RCC_GetClocksFreq        0x800'2dbd   0xbc  Code  Gb  stm32f4xx_rcc.o [4]
RCC_IRQHandler           0x800'3825         Code  Wk  startup_stm32f40_41xxx.o [2]
RTC_Alarm_IRQHandler     0x800'38a5         Code  Wk  startup_stm32f40_41xxx.o [2]
RTC_WKUP_IRQHandler      0x800'381d         Code  Wk  startup_stm32f40_41xxx.o [2]
Region$$Table$$Base      0x800'370c          --   Gb  - Linker created -
Region$$Table$$Limit     0x800'372c          --   Gb  - Linker created -
Reset_Handler            0x800'37f5         Code  Wk  startup_stm32f40_41xxx.o [2]
SDIO_IRQHandler          0x800'38c5         Code  Wk  startup_stm32f40_41xxx.o [2]
SPI1_IRQHandler          0x800'3895         Code  Wk  startup_stm32f40_41xxx.o [2]
SPI2_IRQHandler          0x800'3899         Code  Wk  startup_stm32f40_41xxx.o [2]
SPI3_IRQHandler          0x800'38cd         Code  Wk  startup_stm32f40_41xxx.o [2]
SVC_Handler              0x800'10f1    0x2  Code  Gb  stm32f4xx_it.o [3]
SYSCFG_EXTILineConfig    0x800'2f95   0x4c  Code  Gb  stm32f4xx_syscfg.o [4]
Serial2_Send             0x800'2399   0x1e  Code  Gb  uart2.o [1]
Serial2_Send_String      0x800'23b7   0x16  Code  Gb  uart2.o [1]
Serial4_Event            0x800'1f73   0xe2  Code  Gb  main.o [1]
Serial4_Send             0x800'2501   0x1e  Code  Gb  uart4.o [1]
Serial4_Send_String      0x800'251f   0x16  Code  Gb  uart4.o [1]
SetSysClock              0x800'355b   0xaa  Code  Lc  system_stm32f4xx.o [3]
SysTick_Handler          0x800'10f7    0x2  Code  Gb  stm32f4xx_it.o [3]
SystemInit               0x800'3515   0x46  Code  Gb  system_stm32f4xx.o [3]
TAMP_STAMP_IRQHandler    0x800'3819         Code  Wk  startup_stm32f40_41xxx.o [2]
TI1_Config               0x800'323f   0x34  Code  Lc  stm32f4xx_tim.o [4]
TI2_Config               0x800'3273   0x3a  Code  Lc  stm32f4xx_tim.o [4]
TIM10_Motor_Init         0x800'258d   0xc4  Code  Gb  tim10_motor.o [1]
TIM1_BRK_TIM9_IRQHandler
                         0x800'386d         Code  Wk  startup_stm32f40_41xxx.o [2]
TIM1_CC_IRQHandler       0x800'3875         Code  Wk  startup_stm32f40_41xxx.o [2]
TIM1_Counter_Init        0x800'2651   0x94  Code  Gb  tim1_counter.o [1]
TIM1_TRG_COM_TIM11_IRQHandler
                         0x800'26e5   0x22  Code  Gb  tim1_counter.o [1]
TIM1_UP_TIM10_IRQHandler
                         0x800'3871         Code  Wk  startup_stm32f40_41xxx.o [2]
TIM2_IRQHandler          0x800'3879         Code  Wk  startup_stm32f40_41xxx.o [2]
TIM3_IRQHandler          0x800'387d         Code  Wk  startup_stm32f40_41xxx.o [2]
TIM4_IRQHandler          0x800'3881         Code  Wk  startup_stm32f40_41xxx.o [2]
TIM5_IRQHandler          0x800'38c9         Code  Wk  startup_stm32f40_41xxx.o [2]
TIM6_DAC_IRQHandler      0x800'38d5         Code  Wk  startup_stm32f40_41xxx.o [2]
TIM7_IRQHandler          0x800'2283   0x42  Code  Gb  led.o [1]
TIM8_BRK_TIM12_IRQHandler
                         0x800'38ad         Code  Wk  startup_stm32f40_41xxx.o [2]
TIM8_CC_IRQHandler       0x800'38b9         Code  Wk  startup_stm32f40_41xxx.o [2]
TIM8_TRG_COM_TIM14_IRQHandler
                         0x800'38b5         Code  Wk  startup_stm32f40_41xxx.o [2]
TIM8_UP_TIM13_IRQHandler
                         0x800'38b1         Code  Wk  startup_stm32f40_41xxx.o [2]
TIM_ARRPreloadConfig     0x800'30cf   0x1c  Code  Gb  stm32f4xx_tim.o [4]
TIM_ClearITPendingBit    0x800'31e9    0x8  Code  Gb  stm32f4xx_tim.o [4]
TIM_Cmd                  0x800'30eb   0x1c  Code  Gb  stm32f4xx_tim.o [4]
TIM_GetITStatus          0x800'31c5   0x24  Code  Gb  stm32f4xx_tim.o [4]
TIM_ITConfig             0x800'31ad   0x18  Code  Gb  stm32f4xx_tim.o [4]
TIM_OC1Init              0x800'3107   0x78  Code  Gb  stm32f4xx_tim.o [4]
TIM_OC1PreloadConfig     0x800'319d   0x10  Code  Gb  stm32f4xx_tim.o [4]
TIM_SelectInputTrigger   0x800'322f   0x10  Code  Gb  stm32f4xx_tim.o [4]
TIM_TIxExternalClockConfig
                         0x800'31f1   0x3e  Code  Gb  stm32f4xx_tim.o [4]
TIM_TimeBaseInit         0x800'3065   0x6a  Code  Gb  stm32f4xx_tim.o [4]
UART2_init               0x800'22dd   0xbc  Code  Gb  uart2.o [1]
UART4_IRQHandler         0x800'2535   0x42  Code  Gb  uart4.o [1]
UART4_IRQHandler{1}{2}::i
                        0x2000'011c    0x4  Data  Lc  uart4.o [1]
UART4_init               0x800'2445   0xbc  Code  Gb  uart4.o [1]
UART5_IRQHandler         0x800'38d1         Code  Wk  startup_stm32f40_41xxx.o [2]
USART1_IRQHandler        0x800'389d         Code  Wk  startup_stm32f40_41xxx.o [2]
USART2_IRQHandler        0x800'23ef   0x42  Code  Gb  uart2.o [1]
USART2_IRQHandler{1}{2}::i
                        0x2000'0118    0x4  Data  Lc  uart2.o [1]
USART3_IRQHandler        0x800'38a1         Code  Wk  startup_stm32f40_41xxx.o [2]
USART6_IRQHandler        0x800'3915         Code  Wk  startup_stm32f40_41xxx.o [2]
USART_Cmd                0x800'3375   0x1c  Code  Gb  stm32f4xx_usart.o [4]
USART_GetFlagStatus      0x800'33f5   0x1a  Code  Gb  stm32f4xx_usart.o [4]
USART_GetITStatus        0x800'340f   0x64  Code  Gb  stm32f4xx_usart.o [4]
USART_ITConfig           0x800'33a1   0x54  Code  Gb  stm32f4xx_usart.o [4]
USART_Init               0x800'32ad   0xba  Code  Gb  stm32f4xx_usart.o [4]
USART_ReceiveData        0x800'3399    0x8  Code  Gb  stm32f4xx_usart.o [4]
USART_SendData           0x800'3391    0x8  Code  Gb  stm32f4xx_usart.o [4]
UsageFault_Handler       0x800'10ef    0x2  Code  Gb  stm32f4xx_it.o [3]
WWDG_IRQHandler          0x800'3811         Code  Wk  startup_stm32f40_41xxx.o [2]
_LC                      0x800'0189    0x6  Code  Lc  xprintffull_nomb.o [5]
_LitobFullNoMb           0x800'0e71  0x114  Code  Lc  xprintffull_nomb.o [5]
_LocaleC_isspace         0x800'1b79   0x14  Code  Gb  xlocale_c.o [5]
_LocaleC_isupper         0x800'1b6d    0x2  Code  Gb  xlocale_c.o [5]
_LocaleC_tolower         0x800'1b8d    0xc  Code  Gb  xlocale_c.o [5]
_Locale_lconv           0x2000'0014   0x38  Data  Lc  xlocale_c.o [5]
_PrintfFullNoMb          0x800'018f  0xcb4  Code  Gb  xprintffull_nomb.o [5]
_Prout                   0x800'377d   0x16  Code  Gb  xprout.o [5]
_PutcharsFullNoMb        0x800'0fdd   0x2e  Code  Lc  xprintffull_nomb.o [5]
_SProut                  0x800'116f    0xa  Code  Gb  xsprout.o [5]
_Strtok_ssave           0x2000'0120    0x4  Data  Lc  strtok.o [5]
__aeabi_cdcmple          0x800'12e9         Code  Gb  DblCmpLe.o [6]
__aeabi_cdrcmple         0x800'131d         Code  Gb  DblCmpGe.o [6]
__aeabi_d2iz             0x800'148d         Code  Gb  DblToS32.o [6]
__aeabi_d2uiz            0x800'1981         Code  Gb  DblToU32.o [6]
__aeabi_ddiv             0x800'1739         Code  Gb  DblDiv.o [6]
__aeabi_dmul             0x800'19c1         Code  Gb  DblMul.o [6]
__aeabi_dsub             0x800'1655         Code  Gb  DblAddSub.o [6]
__aeabi_i2d              0x800'14c5         Code  Gb  S32ToDbl.o [6]
__aeabi_ldiv0            0x800'1de1         Code  Gb  I64DivZer.o [7]
__aeabi_memclr4          0x800'2b19         Code  Gb  ABImemclr4.o [7]
__aeabi_memcpy           0x800'11d1         Code  Gb  ABImemcpy.o [7]
__aeabi_memcpy4          0x800'11f1         Code  Gb  ABImemcpy.o [7]
__aeabi_memcpy8          0x800'11f1         Code  Gb  ABImemcpy.o [7]
__aeabi_memset           0x800'2b21         Code  Gb  ABImemset.o [7]
__aeabi_ui2d             0x800'19a5         Code  Gb  U32ToDbl.o [6]
__aeabi_uldivmod         0x800'1ba9         Code  Gb  I64DivMod.o [7]
__cmain                  0x800'372d         Code  Gb  cmain.o [7]
__exit                   0x800'1de5   0x14  Code  Gb  exit.o [8]
__iar_Fail_s             0x800'10f9   0x1c  Code  Gb  xfail_s.o [5]
__iar_Memchr             0x800'1179         Code  Gb  memchr.o [7]
__iar_Memset             0x800'2b21         Code  Gb  ABImemset.o [7]
__iar_Memset4_word       0x800'3475         Code  Gb  ABImemset48.o [7]
__iar_Memset8_word       0x800'3475         Code  Gb  ABImemset48.o [7]
__iar_Memset_word        0x800'2b29         Code  Gb  ABImemset.o [7]
__iar_Stoul              0x800'2d41    0x2  Code  Gb  iar_Stoulx.o [5]
__iar_Stoulx             0x800'2c01  0x13a  Code  Gb  iar_Stoulx.o [5]
__iar_Strchr             0x800'10d1         Code  Gb  strchr.o [7]
__iar_data_init3         0x800'36c1   0x28  Code  Gb  data_init.o [7]
__iar_frexp              0x800'1285         Code  Gb  frexp.o [6]
__iar_frexpl             0x800'1285         Code  Gb  frexp.o [6]
__iar_globLocale        0x2000'004c   0x48  Data  Lc  xlocale_c.o [5]
__iar_global_Locale      0x800'1b99    0x4  Code  Gb  xlocale_c.o [5]
__iar_init_vfp           0x800'36e9         Code  Gb  fpinit_M.o [6]
__iar_ldexp64            0x800'1351         Code  Gb  ldexp.o [6]
__iar_lz77_init_single3
                         0x800'1053   0x7e  Code  Gb  lz77_init_single.o [7]
__iar_program_start      0x800'3761         Code  Gb  cstartup_M.o [7]
__iar_scalbln64          0x800'1351         Code  Gb  ldexp.o [6]
__iar_scalbn64           0x800'1351         Code  Gb  ldexp.o [6]
__iar_softfp___iar_frexp64
                         0x800'1279         Code  Gb  frexp.o [6]
__iar_softfp_frexp       0x800'1279         Code  Gb  frexp.o [6]
__iar_softfp_frexpl      0x800'1279         Code  Gb  frexp.o [6]
__iar_zero_init3         0x800'3689   0x38  Code  Gb  zero_init3.o [7]
__low_level_init         0x800'374b    0x4  Code  Gb  low_level_init.o [5]
__vector_table           0x800'0000         Data  Gb  startup_stm32f40_41xxx.o [2]
_call_main               0x800'3739         Code  Gb  cmain.o [7]
_exit                    0x800'3755         Code  Gb  cexit.o [7]
abort                    0x800'1dd9    0x6  Code  Gb  abort.o [5]
abs                      0x800'2b0f    0x8  Code  Wk  abs.o [5]
adc1Flag                0x2000'00fc    0x4  Data  Gb  adc1.o [1]
adc_data                0x2000'0128    0x2  Data  Gb  adc1.o [1]
atoi                     0x800'2d43    0x2  Code  Gb  iar_Stoulx.o [5]
digits                   0x800'3660   0x28  Data  Lc  iar_Stoulx.o [5]
exit                     0x800'374f    0x4  Code  Gb  exit.o [5]
isspace                  0x800'34eb   0x14  Code  Gb  isspace.o [5]
key                     0x2000'0100    0x4  Data  Gb  key.o [1]
ldexp                    0x800'1351         Code  Gb  ldexp.o [6]
ldexpl                   0x800'1351         Code  Gb  ldexp.o [6]
localeconv               0x800'1b9d    0x4  Code  Gb  xlocale_c.o [5]
main                     0x800'1df9  0x17a  Code  Gb  main.o [1]
map                      0x800'20b1   0x18  Code  Gb  main.o [1]
memchr                   0x800'1179         Code  Gb  memchr.o [7]
ndigs                    0x800'3638   0x28  Data  Lc  iar_Stoulx.o [5]
printf                   0x800'29f1   0x28  Code  Gb  printf.o [5]
putchar                  0x800'23cd   0x22  Code  Gb  uart2.o [1]
pwm                     0x2000'0000    0x4  Data  Gb  main.o [1]
rx2Data                 0x2000'0094   0x34  Data  Gb  uart2.o [1]
rx2Flag                 0x2000'012a    0x1  Data  Gb  uart2.o [1]
rx4Data                 0x2000'00c8   0x34  Data  Gb  uart4.o [1]
rx4Flag                 0x2000'012b    0x1  Data  Gb  uart4.o [1]
scalbln                  0x800'1351         Code  Gb  ldexp.o [6]
scalblnl                 0x800'1351         Code  Gb  ldexp.o [6]
scalbn                   0x800'1351         Code  Gb  ldexp.o [6]
scalbnl                  0x800'1351         Code  Gb  ldexp.o [6]
scale                    0x800'0f85   0x46  Code  Lc  xprintffull_nomb.o [5]
sec_hand                0x2000'0124    0x4  Data  Lc  xfail_s.o [5]
sprintf                  0x800'2d51   0x40  Code  Gb  sprintf.o [5]
strchr                   0x800'10d1         Code  Gb  strchr.o [7]
strcmp                   0x800'2bed         Code  Gb  strcmp.o [7]
strcpy                   0x800'2b89         Code  Gb  strcpy.o [7]
strcspn                  0x800'34c9   0x22  Code  Gb  strcspn.o [5]
strlen                   0x800'1139         Code  Gb  strlen.o [7]
strncmp                  0x800'2d91   0x2a  Code  Gb  strncmp.o [5]
strspn                   0x800'34a7   0x22  Code  Gb  strspn.o [5]
strtok                   0x800'2ba1   0x4c  Code  Gb  strtok.o [5]
systick_count           0x2000'0108    0x4  Data  Gb  led.o [1]
systick_sec             0x2000'010c    0x4  Data  Gb  led.o [1]
systick_secFlag         0x2000'0110    0x4  Data  Gb  led.o [1]
t_cnt                   0x2000'0104    0x4  Data  Lc  led.o [1]
tim1_counter            0x2000'0114    0x4  Data  Gb  tim1_counter.o [1]
tolower                  0x800'34ff   0x14  Code  Gb  tolower.o [5]


[1] = C:\Users\IoT21\Documents\iar\0308 sampleUart2_project_split_ksh_v2\Debug\Obj
[2] = C:\Users\IoT21\Documents\iar\0308 sampleUart2_project_split_ksh_v2\Debug\Obj\CMSIS
[3] = C:\Users\IoT21\Documents\iar\0308 sampleUart2_project_split_ksh_v2\Debug\Obj\COMM
[4] = C:\Users\IoT21\Documents\iar\0308 sampleUart2_project_split_ksh_v2\Debug\Obj\STM32
[5] = dl7M_tlf.a
[6] = m7M_tls.a
[7] = rt7M_tl.a
[8] = shb_l.a

  14'427 bytes of readonly  code memory
     294 bytes of readonly  data memory
   8'492 bytes of readwrite data memory

Errors: none
Warnings: none
