###############################################################################
#
# IAR ELF Linker V9.32.1.338/W64 for ARM                  09/Mar/2023  20:27:57
# Copyright 2007-2022 IAR Systems AB.
#
#    Output file  =
#        C:\Users\IoT21\Documents\iar\0307
#        sampleUart2_tim10_pwm_dcmotor_counter\Debug\Exe\sampleUart2.out
#    Map file     =
#        C:\Users\IoT21\Documents\iar\0307
#        sampleUart2_tim10_pwm_dcmotor_counter\Debug\List\sampleUart2.map
#    Command line =
#        -f "C:\Users\IoT21\Documents\iar\0307
#        sampleUart2_tim10_pwm_dcmotor_counter\Debug\Exe\sampleUart2.out.rsp"
#        ("C:\Users\IoT21\Documents\iar\0307
#        sampleUart2_tim10_pwm_dcmotor_counter\Debug\Obj\main.o"
#        "C:\Users\IoT21\Documents\iar\0307
#        sampleUart2_tim10_pwm_dcmotor_counter\Debug\Obj\STM32\misc.o"
#        "C:\Users\IoT21\Documents\iar\0307
#        sampleUart2_tim10_pwm_dcmotor_counter\Debug\Obj\CMSIS\startup_stm32f40_41xxx.o"
#        "C:\Users\IoT21\Documents\iar\0307
#        sampleUart2_tim10_pwm_dcmotor_counter\Debug\Obj\STM32\stm32f4xx_adc.o"
#        "C:\Users\IoT21\Documents\iar\0307
#        sampleUart2_tim10_pwm_dcmotor_counter\Debug\Obj\STM32\stm32f4xx_dma.o"
#        "C:\Users\IoT21\Documents\iar\0307
#        sampleUart2_tim10_pwm_dcmotor_counter\Debug\Obj\STM32\stm32f4xx_exti.o"
#        "C:\Users\IoT21\Documents\iar\0307
#        sampleUart2_tim10_pwm_dcmotor_counter\Debug\Obj\STM32\stm32f4xx_gpio.o"
#        "C:\Users\IoT21\Documents\iar\0307
#        sampleUart2_tim10_pwm_dcmotor_counter\Debug\Obj\COMM\stm32f4xx_it.o"
#        "C:\Users\IoT21\Documents\iar\0307
#        sampleUart2_tim10_pwm_dcmotor_counter\Debug\Obj\STM32\stm32f4xx_rcc.o"
#        "C:\Users\IoT21\Documents\iar\0307
#        sampleUart2_tim10_pwm_dcmotor_counter\Debug\Obj\STM32\stm32f4xx_tim.o"
#        "C:\Users\IoT21\Documents\iar\0307
#        sampleUart2_tim10_pwm_dcmotor_counter\Debug\Obj\STM32\stm32f4xx_usart.o"
#        "C:\Users\IoT21\Documents\iar\0307
#        sampleUart2_tim10_pwm_dcmotor_counter\Debug\Obj\COMM\system_stm32f4xx.o"
#        "C:\Users\IoT21\Documents\iar\0307
#        sampleUart2_tim10_pwm_dcmotor_counter\Debug\Obj\uart2.o"
#        --no_out_extension -o "C:\Users\IoT21\Documents\iar\0307
#        sampleUart2_tim10_pwm_dcmotor_counter\Debug\Exe\sampleUart2.out"
#        --redirect _Printf=_PrintfFullNoMb --redirect _Scanf=_ScanfFullNoMb
#        --map "C:\Users\IoT21\Documents\iar\0307
#        sampleUart2_tim10_pwm_dcmotor_counter\Debug\List\sampleUart2.map"
#        --config "C:\Users\IoT21\Documents\iar\0307
#        sampleUart2_tim10_pwm_dcmotor_counter\stm32f405xG.icf" --semihosting
#        --entry __iar_program_start --vfe --text_out locale --cpu=Cortex-M4
#        --fpu=VFPv4_sp)
#
###############################################################################

*******************************************************************************
*** RUNTIME MODEL ATTRIBUTES
***

CppFlavor       = *
__CPP_Runtime   = 1
__SystemLibrary = DLib
__dlib_version  = 6


*******************************************************************************
*** HEAP SELECTION
***

The basic heap was selected because --advanced_heap
was not specified and the application did not appear to
be primarily optimized for speed.


*******************************************************************************
*** PLACEMENT SUMMARY
***

"A0":  place at address 0x800'0000 { ro section .intvec };
"P1":  place in [from 0x800'0000 to 0x80f'ffff] { ro };
define block CSTACK with size = 8K, alignment = 8 { };
define block HEAP with size = 8K, alignment = 8 { };
"P2":  place in [from 0x2000'0000 to 0x2001'ffff] {
          rw, block CSTACK, block HEAP };
initialize by copy { rw };

No sections matched the following patterns:

  section .sram  in "P3"


  Section            Kind         Address    Size  Object
  -------            ----         -------    ----  ------
"A0":                                       0x188
  .intvec            ro code   0x800'0000   0x188  startup_stm32f40_41xxx.o [2]
                             - 0x800'0188   0x188

"P1":                                       0xe28
  .text              ro code   0x800'0188   0x4fc  main.o [1]
  .text              ro code   0x800'0684    0xfc  stm32f4xx_gpio.o [4]
  .text              ro code   0x800'0780   0x24c  stm32f4xx_tim.o [4]
  .text              ro code   0x800'09cc    0xa8  stm32f4xx_exti.o [4]
  .text              ro code   0x800'0a74    0x40  stm32f4xx_rcc.o [4]
  .text              ro code   0x800'0ab4    0x80  misc.o [4]
  .text              ro code   0x800'0b34   0x124  system_stm32f4xx.o [3]
  .text              ro code   0x800'0c58    0x6c  stm32f4xx_usart.o [4]
  .text              ro code   0x800'0cc4    0x54  uart2.o [1]
  .text              ro code   0x800'0d18    0x38  zero_init3.o [7]
  .text              ro code   0x800'0d50    0x2a  copy_init3.o [7]
  .text              ro code   0x800'0d7a    0x12  stm32f4xx_it.o [3]
  .text              ro code   0x800'0d8c    0x28  data_init.o [7]
  .text              ro code   0x800'0db4    0x22  fpinit_M.o [6]
  .iar.init_table    const     0x800'0dd8    0x24  - Linker created -
  .text              ro code   0x800'0dfc    0x1e  cmain.o [7]
  .text              ro code   0x800'0e1a     0x4  low_level_init.o [5]
  .text              ro code   0x800'0e1e     0x4  exit.o [5]
  .text              ro code   0x800'0e24     0xa  cexit.o [7]
  .text              ro code   0x800'0e30    0x14  exit.o [8]
  .text              ro code   0x800'0e44    0x1c  cstartup_M.o [7]
  Initializer bytes  const     0x800'0e60    0x18  <for P2-1>
  .text              ro code   0x800'0e78    0x10  startup_stm32f40_41xxx.o [2]
  .text              ro code   0x800'0e88     0x4  startup_stm32f40_41xxx.o [2]
  .text              ro code   0x800'0e8c     0x4  startup_stm32f40_41xxx.o [2]
  .text              ro code   0x800'0e90     0x4  startup_stm32f40_41xxx.o [2]
  .text              ro code   0x800'0e94     0x4  startup_stm32f40_41xxx.o [2]
  .text              ro code   0x800'0e98     0x4  startup_stm32f40_41xxx.o [2]
  .text              ro code   0x800'0e9c     0x4  startup_stm32f40_41xxx.o [2]
  .text              ro code   0x800'0ea0     0x4  startup_stm32f40_41xxx.o [2]
  .text              ro code   0x800'0ea4     0x4  startup_stm32f40_41xxx.o [2]
  .text              ro code   0x800'0ea8     0x4  startup_stm32f40_41xxx.o [2]
  .text              ro code   0x800'0eac     0x4  startup_stm32f40_41xxx.o [2]
  .text              ro code   0x800'0eb0     0x4  startup_stm32f40_41xxx.o [2]
  .text              ro code   0x800'0eb4     0x4  startup_stm32f40_41xxx.o [2]
  .text              ro code   0x800'0eb8     0x4  startup_stm32f40_41xxx.o [2]
  .text              ro code   0x800'0ebc     0x4  startup_stm32f40_41xxx.o [2]
  .text              ro code   0x800'0ec0     0x4  startup_stm32f40_41xxx.o [2]
  .text              ro code   0x800'0ec4     0x4  startup_stm32f40_41xxx.o [2]
  .text              ro code   0x800'0ec8     0x4  startup_stm32f40_41xxx.o [2]
  .text              ro code   0x800'0ecc     0x4  startup_stm32f40_41xxx.o [2]
  .text              ro code   0x800'0ed0     0x4  startup_stm32f40_41xxx.o [2]
  .text              ro code   0x800'0ed4     0x4  startup_stm32f40_41xxx.o [2]
  .text              ro code   0x800'0ed8     0x4  startup_stm32f40_41xxx.o [2]
  .text              ro code   0x800'0edc     0x4  startup_stm32f40_41xxx.o [2]
  .text              ro code   0x800'0ee0     0x4  startup_stm32f40_41xxx.o [2]
  .text              ro code   0x800'0ee4     0x4  startup_stm32f40_41xxx.o [2]
  .text              ro code   0x800'0ee8     0x4  startup_stm32f40_41xxx.o [2]
  .text              ro code   0x800'0eec     0x4  startup_stm32f40_41xxx.o [2]
  .text              ro code   0x800'0ef0     0x4  startup_stm32f40_41xxx.o [2]
  .text              ro code   0x800'0ef4     0x4  startup_stm32f40_41xxx.o [2]
  .text              ro code   0x800'0ef8     0x4  startup_stm32f40_41xxx.o [2]
  .text              ro code   0x800'0efc     0x4  startup_stm32f40_41xxx.o [2]
  .text              ro code   0x800'0f00     0x4  startup_stm32f40_41xxx.o [2]
  .text              ro code   0x800'0f04     0x4  startup_stm32f40_41xxx.o [2]
  .text              ro code   0x800'0f08     0x4  startup_stm32f40_41xxx.o [2]
  .text              ro code   0x800'0f0c     0x4  startup_stm32f40_41xxx.o [2]
  .text              ro code   0x800'0f10     0x4  startup_stm32f40_41xxx.o [2]
  .text              ro code   0x800'0f14     0x4  startup_stm32f40_41xxx.o [2]
  .text              ro code   0x800'0f18     0x4  startup_stm32f40_41xxx.o [2]
  .text              ro code   0x800'0f1c     0x4  startup_stm32f40_41xxx.o [2]
  .text              ro code   0x800'0f20     0x4  startup_stm32f40_41xxx.o [2]
  .text              ro code   0x800'0f24     0x4  startup_stm32f40_41xxx.o [2]
  .text              ro code   0x800'0f28     0x4  startup_stm32f40_41xxx.o [2]
  .text              ro code   0x800'0f2c     0x4  startup_stm32f40_41xxx.o [2]
  .text              ro code   0x800'0f30     0x4  startup_stm32f40_41xxx.o [2]
  .text              ro code   0x800'0f34     0x4  startup_stm32f40_41xxx.o [2]
  .text              ro code   0x800'0f38     0x4  startup_stm32f40_41xxx.o [2]
  .text              ro code   0x800'0f3c     0x4  startup_stm32f40_41xxx.o [2]
  .text              ro code   0x800'0f40     0x4  startup_stm32f40_41xxx.o [2]
  .text              ro code   0x800'0f44     0x4  startup_stm32f40_41xxx.o [2]
  .text              ro code   0x800'0f48     0x4  startup_stm32f40_41xxx.o [2]
  .text              ro code   0x800'0f4c     0x4  startup_stm32f40_41xxx.o [2]
  .text              ro code   0x800'0f50     0x4  startup_stm32f40_41xxx.o [2]
  .text              ro code   0x800'0f54     0x4  startup_stm32f40_41xxx.o [2]
  .text              ro code   0x800'0f58     0x4  startup_stm32f40_41xxx.o [2]
  .text              ro code   0x800'0f5c     0x4  startup_stm32f40_41xxx.o [2]
  .text              ro code   0x800'0f60     0x4  startup_stm32f40_41xxx.o [2]
  .text              ro code   0x800'0f64     0x4  startup_stm32f40_41xxx.o [2]
  .text              ro code   0x800'0f68     0x4  startup_stm32f40_41xxx.o [2]
  .text              ro code   0x800'0f6c     0x4  startup_stm32f40_41xxx.o [2]
  .text              ro code   0x800'0f70     0x4  startup_stm32f40_41xxx.o [2]
  .text              ro code   0x800'0f74     0x4  startup_stm32f40_41xxx.o [2]
  .text              ro code   0x800'0f78     0x4  startup_stm32f40_41xxx.o [2]
  .text              ro code   0x800'0f7c     0x4  startup_stm32f40_41xxx.o [2]
  .text              ro code   0x800'0f80     0x4  startup_stm32f40_41xxx.o [2]
  .text              ro code   0x800'0f84     0x4  startup_stm32f40_41xxx.o [2]
  .text              ro code   0x800'0f88     0x4  startup_stm32f40_41xxx.o [2]
  .text              ro code   0x800'0f8c     0x4  startup_stm32f40_41xxx.o [2]
  .text              ro code   0x800'0f90     0x4  startup_stm32f40_41xxx.o [2]
  .text              ro code   0x800'0f94     0x4  startup_stm32f40_41xxx.o [2]
  .text              ro code   0x800'0f98     0x4  startup_stm32f40_41xxx.o [2]
  .text              ro code   0x800'0f9c     0x4  startup_stm32f40_41xxx.o [2]
  .text              ro code   0x800'0fa0     0x4  startup_stm32f40_41xxx.o [2]
  .text              ro code   0x800'0fa4     0x4  startup_stm32f40_41xxx.o [2]
  .text              ro code   0x800'0fa8     0x4  startup_stm32f40_41xxx.o [2]
  .text              ro code   0x800'0fac     0x4  startup_stm32f40_41xxx.o [2]
  .rodata            const     0x800'0fb0     0x0  zero_init3.o [7]
  .rodata            const     0x800'0fb0     0x0  copy_init3.o [7]
                             - 0x800'0fb0   0xe28

"P2", part 1 of 3:                           0x18
  P2-1                        0x2000'0000    0x18  <Init block>
    .data            inited   0x2000'0000    0x14  main.o [1]
    .data            inited   0x2000'0014     0x4  main.o [1]
                            - 0x2000'0018    0x18

"P2", part 2 of 3:                           0x50
  .bss               zero     0x2000'0018    0x34  uart2.o [1]
  .bss               zero     0x2000'004c     0x4  main.o [1]
  .bss               zero     0x2000'0050     0x4  main.o [1]
  .bss               zero     0x2000'0054     0x4  main.o [1]
  .bss               zero     0x2000'0058     0x4  main.o [1]
  .bss               zero     0x2000'005c     0x4  main.o [1]
  .bss               zero     0x2000'0060     0x4  uart2.o [1]
  .bss               zero     0x2000'0064     0x1  uart2.o [1]
                            - 0x2000'0065    0x4d

"P2", part 3 of 3:                         0x2000
  CSTACK                      0x2000'0068  0x2000  <Block>
    CSTACK           uninit   0x2000'0068  0x2000  <Block tail>
                            - 0x2000'2068  0x2000

Unused ranges:

         From           To      Size
         ----           --      ----
   0x800'0fb0   0x80f'ffff  0xf'f050
  0x2000'2068  0x2001'ffff  0x1'df98


*******************************************************************************
*** INIT TABLE
***

          Address      Size
          -------      ----
Zero (__iar_zero_init3)
    1 destination range, total size 0x4d:
          0x2000'0018  0x4d

Copy (__iar_copy_init3)
    1 source range, total size 0x18:
           0x800'0e60  0x18
    1 destination range, total size 0x18:
          0x2000'0000  0x18



*******************************************************************************
*** MODULE SUMMARY
***

    Module                    ro code  ro data  rw data
    ------                    -------  -------  -------
command line/config:
    ---------------------------------------------------
    Total:

C:\Users\IoT21\Documents\iar\0307 sampleUart2_tim10_pwm_dcmotor_counter\Debug\Obj: [1]
    main.o                      1'276       24       44
    uart2.o                        84                57
    ---------------------------------------------------
    Total:                      1'360       24      101

C:\Users\IoT21\Documents\iar\0307 sampleUart2_tim10_pwm_dcmotor_counter\Debug\Obj\CMSIS: [2]
    startup_stm32f40_41xxx.o      704
    ---------------------------------------------------
    Total:                        704

C:\Users\IoT21\Documents\iar\0307 sampleUart2_tim10_pwm_dcmotor_counter\Debug\Obj\COMM: [3]
    stm32f4xx_it.o                 18
    system_stm32f4xx.o            292
    ---------------------------------------------------
    Total:                        310

C:\Users\IoT21\Documents\iar\0307 sampleUart2_tim10_pwm_dcmotor_counter\Debug\Obj\STM32: [4]
    misc.o                        128
    stm32f4xx_exti.o              168
    stm32f4xx_gpio.o              252
    stm32f4xx_rcc.o                64
    stm32f4xx_tim.o               588
    stm32f4xx_usart.o             108
    ---------------------------------------------------
    Total:                      1'308

dl7M_tlf.a: [5]
    exit.o                          4
    low_level_init.o                4
    ---------------------------------------------------
    Total:                          8

m7M_tls.a: [6]
    fpinit_M.o                     34
    ---------------------------------------------------
    Total:                         34

rt7M_tl.a: [7]
    cexit.o                        10
    cmain.o                        30
    copy_init3.o                   42
    cstartup_M.o                   28
    data_init.o                    40
    zero_init3.o                   56
    ---------------------------------------------------
    Total:                        206

shb_l.a: [8]
    exit.o                         20
    ---------------------------------------------------
    Total:                         20

    Gaps                            4        2
    Linker created                          36    8'192
-------------------------------------------------------
    Grand Total:                3'954       62    8'293


*******************************************************************************
*** ENTRY LIST
***

Entry                       Address   Size  Type      Object
-----                       -------   ----  ----      ------
.iar.init_table$$Base    0x800'0dd8          --   Gb  - Linker created -
.iar.init_table$$Limit   0x800'0dfc          --   Gb  - Linker created -
?main                    0x800'0dfd         Code  Gb  cmain.o [7]
ADC_IRQHandler           0x800'0ebd         Code  Wk  startup_stm32f40_41xxx.o [2]
BusFault_Handler         0x800'0d81    0x2  Code  Gb  stm32f4xx_it.o [3]
CAN1_RX0_IRQHandler      0x800'0ec5         Code  Wk  startup_stm32f40_41xxx.o [2]
CAN1_RX1_IRQHandler      0x800'0ec9         Code  Wk  startup_stm32f40_41xxx.o [2]
CAN1_SCE_IRQHandler      0x800'0ecd         Code  Wk  startup_stm32f40_41xxx.o [2]
CAN1_TX_IRQHandler       0x800'0ec1         Code  Wk  startup_stm32f40_41xxx.o [2]
CAN2_RX0_IRQHandler      0x800'0f69         Code  Wk  startup_stm32f40_41xxx.o [2]
CAN2_RX1_IRQHandler      0x800'0f6d         Code  Wk  startup_stm32f40_41xxx.o [2]
CAN2_SCE_IRQHandler      0x800'0f71         Code  Wk  startup_stm32f40_41xxx.o [2]
CAN2_TX_IRQHandler       0x800'0f65         Code  Wk  startup_stm32f40_41xxx.o [2]
CRYP_IRQHandler          0x800'0fa5         Code  Wk  startup_stm32f40_41xxx.o [2]
CSTACK$$Base            0x2000'0068          --   Gb  - Linker created -
CSTACK$$Limit           0x2000'2068          --   Gb  - Linker created -
DCMI_IRQHandler          0x800'0fa1         Code  Wk  startup_stm32f40_41xxx.o [2]
DMA1_Stream0_IRQHandler
                         0x800'0ea1         Code  Wk  startup_stm32f40_41xxx.o [2]
DMA1_Stream1_IRQHandler
                         0x800'0ea5         Code  Wk  startup_stm32f40_41xxx.o [2]
DMA1_Stream2_IRQHandler
                         0x800'0ea9         Code  Wk  startup_stm32f40_41xxx.o [2]
DMA1_Stream3_IRQHandler
                         0x800'0ead         Code  Wk  startup_stm32f40_41xxx.o [2]
DMA1_Stream4_IRQHandler
                         0x800'0eb1         Code  Wk  startup_stm32f40_41xxx.o [2]
DMA1_Stream5_IRQHandler
                         0x800'0eb5         Code  Wk  startup_stm32f40_41xxx.o [2]
DMA1_Stream6_IRQHandler
                         0x800'0eb9         Code  Wk  startup_stm32f40_41xxx.o [2]
DMA1_Stream7_IRQHandler
                         0x800'0f25         Code  Wk  startup_stm32f40_41xxx.o [2]
DMA2_Stream0_IRQHandler
                         0x800'0f49         Code  Wk  startup_stm32f40_41xxx.o [2]
DMA2_Stream1_IRQHandler
                         0x800'0f4d         Code  Wk  startup_stm32f40_41xxx.o [2]
DMA2_Stream2_IRQHandler
                         0x800'0f51         Code  Wk  startup_stm32f40_41xxx.o [2]
DMA2_Stream3_IRQHandler
                         0x800'0f55         Code  Wk  startup_stm32f40_41xxx.o [2]
DMA2_Stream4_IRQHandler
                         0x800'0f59         Code  Wk  startup_stm32f40_41xxx.o [2]
DMA2_Stream5_IRQHandler
                         0x800'0f79         Code  Wk  startup_stm32f40_41xxx.o [2]
DMA2_Stream6_IRQHandler
                         0x800'0f7d         Code  Wk  startup_stm32f40_41xxx.o [2]
DMA2_Stream7_IRQHandler
                         0x800'0f81         Code  Wk  startup_stm32f40_41xxx.o [2]
DebugMon_Handler         0x800'0d87    0x2  Code  Gb  stm32f4xx_it.o [3]
Delay                    0x800'0189   0x20  Code  Lc  main.o [1]
ETH_IRQHandler           0x800'0f5d         Code  Wk  startup_stm32f40_41xxx.o [2]
ETH_WKUP_IRQHandler      0x800'0f61         Code  Wk  startup_stm32f40_41xxx.o [2]
EXTI0_IRQHandler         0x800'02e9   0x2a  Code  Gb  main.o [1]
EXTI15_10_IRQHandler     0x800'0f09         Code  Wk  startup_stm32f40_41xxx.o [2]
EXTI1_IRQHandler         0x800'0313   0x2a  Code  Gb  main.o [1]
EXTI2_IRQHandler         0x800'033d   0x2a  Code  Gb  main.o [1]
EXTI3_IRQHandler         0x800'0367   0x14  Code  Gb  main.o [1]
EXTI4_IRQHandler         0x800'037b   0x22  Code  Gb  main.o [1]
EXTI9_5_IRQHandler       0x800'039d   0x46  Code  Gb  main.o [1]
EXTI_ClearITPendingBit   0x800'0a59    0x6  Code  Gb  stm32f4xx_exti.o [4]
EXTI_GetITStatus         0x800'0a45   0x14  Code  Gb  stm32f4xx_exti.o [4]
EXTI_Init                0x800'09cd   0x78  Code  Gb  stm32f4xx_exti.o [4]
FLASH_IRQHandler         0x800'0e99         Code  Wk  startup_stm32f40_41xxx.o [2]
FPU_IRQHandler           0x800'0fad         Code  Wk  startup_stm32f40_41xxx.o [2]
FSMC_IRQHandler          0x800'0f29         Code  Wk  startup_stm32f40_41xxx.o [2]
Font                    0x2000'0000   0x14  Data  Gb  main.o [1]
GPIO_Init                0x800'0685   0x90  Code  Gb  stm32f4xx_gpio.o [4]
GPIO_PinAFConfig         0x800'0731   0x50  Code  Gb  stm32f4xx_gpio.o [4]
GPIO_ResetBits           0x800'0719    0x4  Code  Gb  stm32f4xx_gpio.o [4]
GPIO_SetBits             0x800'0715    0x4  Code  Gb  stm32f4xx_gpio.o [4]
GPIO_Write               0x800'072b    0x6  Code  Gb  stm32f4xx_gpio.o [4]
GPIO_WriteBit            0x800'071d    0xe  Code  Gb  stm32f4xx_gpio.o [4]
HASH_RNG_IRQHandler      0x800'0fa9         Code  Wk  startup_stm32f40_41xxx.o [2]
HardFault_Handler        0x800'0d7d    0x2  Code  Gb  stm32f4xx_it.o [3]
I2C1_ER_IRQHandler       0x800'0eed         Code  Wk  startup_stm32f40_41xxx.o [2]
I2C1_EV_IRQHandler       0x800'0ee9         Code  Wk  startup_stm32f40_41xxx.o [2]
I2C2_ER_IRQHandler       0x800'0ef5         Code  Wk  startup_stm32f40_41xxx.o [2]
I2C2_EV_IRQHandler       0x800'0ef1         Code  Wk  startup_stm32f40_41xxx.o [2]
I2C3_ER_IRQHandler       0x800'0f8d         Code  Wk  startup_stm32f40_41xxx.o [2]
I2C3_EV_IRQHandler       0x800'0f89         Code  Wk  startup_stm32f40_41xxx.o [2]
LSegment                 0x800'0209   0x60  Code  Gb  main.o [1]
MemManage_Handler        0x800'0d7f    0x2  Code  Gb  stm32f4xx_it.o [3]
NMI_Handler              0x800'0d7b    0x2  Code  Gb  stm32f4xx_it.o [3]
NVIC_Init                0x800'0abf   0x62  Code  Gb  misc.o [4]
NVIC_PriorityGroupConfig
                         0x800'0ab5    0xa  Code  Gb  misc.o [4]
OTG_FS_IRQHandler        0x800'0f75         Code  Wk  startup_stm32f40_41xxx.o [2]
OTG_FS_WKUP_IRQHandler   0x800'0f11         Code  Wk  startup_stm32f40_41xxx.o [2]
OTG_HS_EP1_IN_IRQHandler
                         0x800'0f95         Code  Wk  startup_stm32f40_41xxx.o [2]
OTG_HS_EP1_OUT_IRQHandler
                         0x800'0f91         Code  Wk  startup_stm32f40_41xxx.o [2]
OTG_HS_IRQHandler        0x800'0f9d         Code  Wk  startup_stm32f40_41xxx.o [2]
OTG_HS_WKUP_IRQHandler   0x800'0f99         Code  Wk  startup_stm32f40_41xxx.o [2]
PVD_IRQHandler           0x800'0e8d         Code  Wk  startup_stm32f40_41xxx.o [2]
PendSV_Handler           0x800'0d89    0x2  Code  Gb  stm32f4xx_it.o [3]
RCC_AHB1PeriphClockCmd   0x800'0a75   0x1c  Code  Gb  stm32f4xx_rcc.o [4]
RCC_APB2PeriphClockCmd   0x800'0a91   0x1c  Code  Gb  stm32f4xx_rcc.o [4]
RCC_IRQHandler           0x800'0e9d         Code  Wk  startup_stm32f40_41xxx.o [2]
RSegment                 0x800'01a9   0x60  Code  Gb  main.o [1]
RTC_Alarm_IRQHandler     0x800'0f0d         Code  Wk  startup_stm32f40_41xxx.o [2]
RTC_WKUP_IRQHandler      0x800'0e95         Code  Wk  startup_stm32f40_41xxx.o [2]
Region$$Table$$Base      0x800'0dd8          --   Gb  - Linker created -
Region$$Table$$Limit     0x800'0dfc          --   Gb  - Linker created -
Reset_Handler            0x800'0e79         Code  Wk  startup_stm32f40_41xxx.o [2]
SDIO_IRQHandler          0x800'0f2d         Code  Wk  startup_stm32f40_41xxx.o [2]
SPI1_IRQHandler          0x800'0ef9         Code  Wk  startup_stm32f40_41xxx.o [2]
SPI2_IRQHandler          0x800'0efd         Code  Wk  startup_stm32f40_41xxx.o [2]
SPI3_IRQHandler          0x800'0f35         Code  Wk  startup_stm32f40_41xxx.o [2]
SVC_Handler              0x800'0d85    0x2  Code  Gb  stm32f4xx_it.o [3]
SetSysClock              0x800'0b7b   0xaa  Code  Lc  system_stm32f4xx.o [3]
SysTick_Handler          0x800'0d8b    0x2  Code  Gb  stm32f4xx_it.o [3]
SystemInit               0x800'0b35   0x46  Code  Gb  system_stm32f4xx.o [3]
TAMP_STAMP_IRQHandler    0x800'0e91         Code  Wk  startup_stm32f40_41xxx.o [2]
TI1_Config               0x800'095f   0x34  Code  Lc  stm32f4xx_tim.o [4]
TI2_Config               0x800'0993   0x3a  Code  Lc  stm32f4xx_tim.o [4]
TIM1_BRK_TIM9_IRQHandler
                         0x800'0ed1         Code  Wk  startup_stm32f40_41xxx.o [2]
TIM1_CC_IRQHandler       0x800'0ed9         Code  Wk  startup_stm32f40_41xxx.o [2]
TIM1_TRG_COM_TIM11_IRQHandler
                         0x800'0ed5         Code  Wk  startup_stm32f40_41xxx.o [2]
TIM1_UP_TIM10_IRQHandler
                         0x800'0269   0x80  Code  Gb  main.o [1]
TIM2_IRQHandler          0x800'0edd         Code  Wk  startup_stm32f40_41xxx.o [2]
TIM3_IRQHandler          0x800'0ee1         Code  Wk  startup_stm32f40_41xxx.o [2]
TIM4_IRQHandler          0x800'0ee5         Code  Wk  startup_stm32f40_41xxx.o [2]
TIM5_IRQHandler          0x800'0f31         Code  Wk  startup_stm32f40_41xxx.o [2]
TIM6_DAC_IRQHandler      0x800'0f41         Code  Wk  startup_stm32f40_41xxx.o [2]
TIM7_IRQHandler          0x800'0f45         Code  Wk  startup_stm32f40_41xxx.o [2]
TIM8_BRK_TIM12_IRQHandler
                         0x800'0f15         Code  Wk  startup_stm32f40_41xxx.o [2]
TIM8_CC_IRQHandler       0x800'0f21         Code  Wk  startup_stm32f40_41xxx.o [2]
TIM8_TRG_COM_TIM14_IRQHandler
                         0x800'0f1d         Code  Wk  startup_stm32f40_41xxx.o [2]
TIM8_UP_TIM13_IRQHandler
                         0x800'0f19         Code  Wk  startup_stm32f40_41xxx.o [2]
TIM_ARRPreloadConfig     0x800'07ef   0x1c  Code  Gb  stm32f4xx_tim.o [4]
TIM_ClearITPendingBit    0x800'0909    0x8  Code  Gb  stm32f4xx_tim.o [4]
TIM_Cmd                  0x800'080b   0x1c  Code  Gb  stm32f4xx_tim.o [4]
TIM_GetCounter           0x800'07eb    0x4  Code  Gb  stm32f4xx_tim.o [4]
TIM_GetITStatus          0x800'08e5   0x24  Code  Gb  stm32f4xx_tim.o [4]
TIM_ITConfig             0x800'08cd   0x18  Code  Gb  stm32f4xx_tim.o [4]
TIM_OC1Init              0x800'0827   0x78  Code  Gb  stm32f4xx_tim.o [4]
TIM_OC1PreloadConfig     0x800'08bd   0x10  Code  Gb  stm32f4xx_tim.o [4]
TIM_SelectInputTrigger   0x800'094f   0x10  Code  Gb  stm32f4xx_tim.o [4]
TIM_TIxExternalClockConfig
                         0x800'0911   0x3e  Code  Gb  stm32f4xx_tim.o [4]
TIM_TimeBaseInit         0x800'0781   0x6a  Code  Gb  stm32f4xx_tim.o [4]
UART4_IRQHandler         0x800'0f39         Code  Wk  startup_stm32f40_41xxx.o [2]
UART5_IRQHandler         0x800'0f3d         Code  Wk  startup_stm32f40_41xxx.o [2]
USART1_IRQHandler        0x800'0f01         Code  Wk  startup_stm32f40_41xxx.o [2]
USART2_IRQHandler        0x800'0cc5   0x42  Code  Gb  uart2.o [1]
USART2_IRQHandler{1}{2}::i
                        0x2000'0060    0x4  Data  Lc  uart2.o [1]
USART3_IRQHandler        0x800'0f05         Code  Wk  startup_stm32f40_41xxx.o [2]
USART6_IRQHandler        0x800'0f85         Code  Wk  startup_stm32f40_41xxx.o [2]
USART_GetITStatus        0x800'0c61   0x64  Code  Gb  stm32f4xx_usart.o [4]
USART_ReceiveData        0x800'0c59    0x8  Code  Gb  stm32f4xx_usart.o [4]
UsageFault_Handler       0x800'0d83    0x2  Code  Gb  stm32f4xx_it.o [3]
WWDG_IRQHandler          0x800'0e89         Code  Wk  startup_stm32f40_41xxx.o [2]
__cmain                  0x800'0dfd         Code  Gb  cmain.o [7]
__exit                   0x800'0e31   0x14  Code  Gb  exit.o [8]
__iar_copy_init3         0x800'0d51   0x2a  Code  Gb  copy_init3.o [7]
__iar_data_init3         0x800'0d8d   0x28  Code  Gb  data_init.o [7]
__iar_init_vfp           0x800'0db5         Code  Gb  fpinit_M.o [6]
__iar_program_start      0x800'0e45         Code  Gb  cstartup_M.o [7]
__iar_zero_init3         0x800'0d19   0x38  Code  Gb  zero_init3.o [7]
__low_level_init         0x800'0e1b    0x4  Code  Gb  low_level_init.o [5]
__vector_table           0x800'0000         Data  Gb  startup_stm32f40_41xxx.o [2]
_call_main               0x800'0e09         Code  Gb  cmain.o [7]
_exit                    0x800'0e25         Code  Gb  cexit.o [7]
counter                 0x2000'005c    0x4  Data  Gb  main.o [1]
exit                     0x800'0e1f    0x4  Code  Gb  exit.o [5]
main                     0x800'03e3  0x26c  Code  Gb  main.o [1]
ml_cnt                  0x2000'0058    0x4  Data  Gb  main.o [1]
mr_cnt                  0x2000'0050    0x4  Data  Gb  main.o [1]
pwm                     0x2000'0014    0x4  Data  Gb  main.o [1]
rx2Data                 0x2000'0018   0x34  Data  Gb  uart2.o [1]
rx2Flag                 0x2000'0064    0x1  Data  Gb  uart2.o [1]
tl_cnt                  0x2000'0054    0x4  Data  Gb  main.o [1]
tr_cnt                  0x2000'004c    0x4  Data  Gb  main.o [1]


[1] = C:\Users\IoT21\Documents\iar\0307 sampleUart2_tim10_pwm_dcmotor_counter\Debug\Obj
[2] = C:\Users\IoT21\Documents\iar\0307 sampleUart2_tim10_pwm_dcmotor_counter\Debug\Obj\CMSIS
[3] = C:\Users\IoT21\Documents\iar\0307 sampleUart2_tim10_pwm_dcmotor_counter\Debug\Obj\COMM
[4] = C:\Users\IoT21\Documents\iar\0307 sampleUart2_tim10_pwm_dcmotor_counter\Debug\Obj\STM32
[5] = dl7M_tlf.a
[6] = m7M_tls.a
[7] = rt7M_tl.a
[8] = shb_l.a

  3'954 bytes of readonly  code memory
     62 bytes of readonly  data memory
  8'293 bytes of readwrite data memory

Errors: none
Warnings: none
