###############################################################################
#
# IAR ELF Linker V9.32.1.338/W64 for ARM                  03/Mar/2023  15:37:09
# Copyright 2007-2022 IAR Systems AB.
#
#    Output file  =
#        C:\Users\IoT21\Documents\iar\LCD_Basic_Example\Debug\Exe\sampleUart2.out
#    Map file     =
#        C:\Users\IoT21\Documents\iar\LCD_Basic_Example\Debug\List\sampleUart2.map
#    Command line =
#        -f
#        C:\Users\IoT21\Documents\iar\LCD_Basic_Example\Debug\Exe\sampleUart2.out.rsp
#        (C:\Users\IoT21\Documents\iar\LCD_Basic_Example\Debug\Obj\main.o
#        C:\Users\IoT21\Documents\iar\LCD_Basic_Example\Debug\Obj\STM32\misc.o
#        C:\Users\IoT21\Documents\iar\LCD_Basic_Example\Debug\Obj\CMSIS\startup_stm32f40_41xxx.o
#        C:\Users\IoT21\Documents\iar\LCD_Basic_Example\Debug\Obj\STM32\stm32f4xx_exti.o
#        C:\Users\IoT21\Documents\iar\LCD_Basic_Example\Debug\Obj\STM32\stm32f4xx_gpio.o
#        C:\Users\IoT21\Documents\iar\LCD_Basic_Example\Debug\Obj\COMM\stm32f4xx_it.o
#        C:\Users\IoT21\Documents\iar\LCD_Basic_Example\Debug\Obj\STM32\stm32f4xx_rcc.o
#        C:\Users\IoT21\Documents\iar\LCD_Basic_Example\Debug\Obj\STM32\stm32f4xx_syscfg.o
#        C:\Users\IoT21\Documents\iar\LCD_Basic_Example\Debug\Obj\STM32\stm32f4xx_usart.o
#        C:\Users\IoT21\Documents\iar\LCD_Basic_Example\Debug\Obj\COMM\system_stm32f4xx.o
#        --no_out_extension -o
#        C:\Users\IoT21\Documents\iar\LCD_Basic_Example\Debug\Exe\sampleUart2.out
#        --redirect _Printf=_PrintfFullNoMb --redirect _Scanf=_ScanfFullNoMb
#        --map
#        C:\Users\IoT21\Documents\iar\LCD_Basic_Example\Debug\List\sampleUart2.map
#        --config
#        C:\Users\IoT21\Documents\iar\LCD_Basic_Example\stm32f405xG.icf
#        --semihosting --entry __iar_program_start --vfe --text_out locale
#        --cpu=Cortex-M4 --fpu=VFPv4_sp)
#
###############################################################################

*******************************************************************************
*** RUNTIME MODEL ATTRIBUTES
***

CppFlavor       = *
__CPP_Runtime   = 1
__SystemLibrary = DLib
__dlib_version  = 6


*******************************************************************************
*** HEAP SELECTION
***

The basic heap was selected because --advanced_heap
was not specified and the application did not appear to
be primarily optimized for speed.


*******************************************************************************
*** PLACEMENT SUMMARY
***

"A0":  place at address 0x800'0000 { ro section .intvec };
"P1":  place in [from 0x800'0000 to 0x80f'ffff] { ro };
define block CSTACK with size = 8K, alignment = 8 { };
define block HEAP with size = 8K, alignment = 8 { };
"P2":  place in [from 0x2000'0000 to 0x2001'ffff] {
          rw, block CSTACK, block HEAP };

No sections matched the following patterns:

  rw             in "P2"
  section .sram  in "P3"


  Section   Kind         Address    Size  Object
  -------   ----         -------    ----  ------
"A0":                              0x188
  .intvec   ro code   0x800'0000   0x188  startup_stm32f40_41xxx.o [2]
                    - 0x800'0188   0x188

"P1":                              0x730
  .text     ro code   0x800'0188   0x32c  main.o [1]
  .text     ro code   0x800'04b4    0x20  stm32f4xx_rcc.o [4]
  .text     ro code   0x800'04d4    0x9e  stm32f4xx_gpio.o [4]
  .text     ro code   0x800'0572    0x12  stm32f4xx_it.o [3]
  .text     ro code   0x800'0584   0x124  system_stm32f4xx.o [3]
  .text     ro code   0x800'06a8    0x22  fpinit_M.o [6]
  .text     ro code   0x800'06cc    0x1e  cmain.o [7]
  .text     ro code   0x800'06ea     0x4  low_level_init.o [5]
  .text     ro code   0x800'06ee     0x4  exit.o [5]
  .text     ro code   0x800'06f4     0xa  cexit.o [7]
  .text     ro code   0x800'0700    0x14  exit.o [8]
  .text     ro code   0x800'0714    0x1c  cstartup_M.o [7]
  .rodata   const     0x800'0730    0x10  main.o [1]
  .rodata   const     0x800'0740    0x10  main.o [1]
  .rodata   const     0x800'0750    0x10  main.o [1]
  .text     ro code   0x800'0760    0x10  startup_stm32f40_41xxx.o [2]
  .text     ro code   0x800'0770     0x4  startup_stm32f40_41xxx.o [2]
  .text     ro code   0x800'0774     0x4  startup_stm32f40_41xxx.o [2]
  .text     ro code   0x800'0778     0x4  startup_stm32f40_41xxx.o [2]
  .text     ro code   0x800'077c     0x4  startup_stm32f40_41xxx.o [2]
  .text     ro code   0x800'0780     0x4  startup_stm32f40_41xxx.o [2]
  .text     ro code   0x800'0784     0x4  startup_stm32f40_41xxx.o [2]
  .text     ro code   0x800'0788     0x4  startup_stm32f40_41xxx.o [2]
  .text     ro code   0x800'078c     0x4  startup_stm32f40_41xxx.o [2]
  .text     ro code   0x800'0790     0x4  startup_stm32f40_41xxx.o [2]
  .text     ro code   0x800'0794     0x4  startup_stm32f40_41xxx.o [2]
  .text     ro code   0x800'0798     0x4  startup_stm32f40_41xxx.o [2]
  .text     ro code   0x800'079c     0x4  startup_stm32f40_41xxx.o [2]
  .text     ro code   0x800'07a0     0x4  startup_stm32f40_41xxx.o [2]
  .text     ro code   0x800'07a4     0x4  startup_stm32f40_41xxx.o [2]
  .text     ro code   0x800'07a8     0x4  startup_stm32f40_41xxx.o [2]
  .text     ro code   0x800'07ac     0x4  startup_stm32f40_41xxx.o [2]
  .text     ro code   0x800'07b0     0x4  startup_stm32f40_41xxx.o [2]
  .text     ro code   0x800'07b4     0x4  startup_stm32f40_41xxx.o [2]
  .text     ro code   0x800'07b8     0x4  startup_stm32f40_41xxx.o [2]
  .text     ro code   0x800'07bc     0x4  startup_stm32f40_41xxx.o [2]
  .text     ro code   0x800'07c0     0x4  startup_stm32f40_41xxx.o [2]
  .text     ro code   0x800'07c4     0x4  startup_stm32f40_41xxx.o [2]
  .text     ro code   0x800'07c8     0x4  startup_stm32f40_41xxx.o [2]
  .text     ro code   0x800'07cc     0x4  startup_stm32f40_41xxx.o [2]
  .text     ro code   0x800'07d0     0x4  startup_stm32f40_41xxx.o [2]
  .text     ro code   0x800'07d4     0x4  startup_stm32f40_41xxx.o [2]
  .text     ro code   0x800'07d8     0x4  startup_stm32f40_41xxx.o [2]
  .text     ro code   0x800'07dc     0x4  startup_stm32f40_41xxx.o [2]
  .text     ro code   0x800'07e0     0x4  startup_stm32f40_41xxx.o [2]
  .text     ro code   0x800'07e4     0x4  startup_stm32f40_41xxx.o [2]
  .text     ro code   0x800'07e8     0x4  startup_stm32f40_41xxx.o [2]
  .text     ro code   0x800'07ec     0x4  startup_stm32f40_41xxx.o [2]
  .text     ro code   0x800'07f0     0x4  startup_stm32f40_41xxx.o [2]
  .text     ro code   0x800'07f4     0x4  startup_stm32f40_41xxx.o [2]
  .text     ro code   0x800'07f8     0x4  startup_stm32f40_41xxx.o [2]
  .text     ro code   0x800'07fc     0x4  startup_stm32f40_41xxx.o [2]
  .text     ro code   0x800'0800     0x4  startup_stm32f40_41xxx.o [2]
  .text     ro code   0x800'0804     0x4  startup_stm32f40_41xxx.o [2]
  .text     ro code   0x800'0808     0x4  startup_stm32f40_41xxx.o [2]
  .text     ro code   0x800'080c     0x4  startup_stm32f40_41xxx.o [2]
  .text     ro code   0x800'0810     0x4  startup_stm32f40_41xxx.o [2]
  .text     ro code   0x800'0814     0x4  startup_stm32f40_41xxx.o [2]
  .text     ro code   0x800'0818     0x4  startup_stm32f40_41xxx.o [2]
  .text     ro code   0x800'081c     0x4  startup_stm32f40_41xxx.o [2]
  .text     ro code   0x800'0820     0x4  startup_stm32f40_41xxx.o [2]
  .text     ro code   0x800'0824     0x4  startup_stm32f40_41xxx.o [2]
  .text     ro code   0x800'0828     0x4  startup_stm32f40_41xxx.o [2]
  .text     ro code   0x800'082c     0x4  startup_stm32f40_41xxx.o [2]
  .text     ro code   0x800'0830     0x4  startup_stm32f40_41xxx.o [2]
  .text     ro code   0x800'0834     0x4  startup_stm32f40_41xxx.o [2]
  .text     ro code   0x800'0838     0x4  startup_stm32f40_41xxx.o [2]
  .text     ro code   0x800'083c     0x4  startup_stm32f40_41xxx.o [2]
  .text     ro code   0x800'0840     0x4  startup_stm32f40_41xxx.o [2]
  .text     ro code   0x800'0844     0x4  startup_stm32f40_41xxx.o [2]
  .text     ro code   0x800'0848     0x4  startup_stm32f40_41xxx.o [2]
  .text     ro code   0x800'084c     0x4  startup_stm32f40_41xxx.o [2]
  .text     ro code   0x800'0850     0x4  startup_stm32f40_41xxx.o [2]
  .text     ro code   0x800'0854     0x4  startup_stm32f40_41xxx.o [2]
  .text     ro code   0x800'0858     0x4  startup_stm32f40_41xxx.o [2]
  .text     ro code   0x800'085c     0x4  startup_stm32f40_41xxx.o [2]
  .text     ro code   0x800'0860     0x4  startup_stm32f40_41xxx.o [2]
  .text     ro code   0x800'0864     0x4  startup_stm32f40_41xxx.o [2]
  .text     ro code   0x800'0868     0x4  startup_stm32f40_41xxx.o [2]
  .text     ro code   0x800'086c     0x4  startup_stm32f40_41xxx.o [2]
  .text     ro code   0x800'0870     0x4  startup_stm32f40_41xxx.o [2]
  .text     ro code   0x800'0874     0x4  startup_stm32f40_41xxx.o [2]
  .text     ro code   0x800'0878     0x4  startup_stm32f40_41xxx.o [2]
  .text     ro code   0x800'087c     0x4  startup_stm32f40_41xxx.o [2]
  .text     ro code   0x800'0880     0x4  startup_stm32f40_41xxx.o [2]
  .text     ro code   0x800'0884     0x4  startup_stm32f40_41xxx.o [2]
  .text     ro code   0x800'0888     0x4  startup_stm32f40_41xxx.o [2]
  .text     ro code   0x800'088c     0x4  startup_stm32f40_41xxx.o [2]
  .text     ro code   0x800'0890     0x4  startup_stm32f40_41xxx.o [2]
  .text     ro code   0x800'0894     0x4  startup_stm32f40_41xxx.o [2]
  .text     ro code   0x800'0898     0x4  startup_stm32f40_41xxx.o [2]
  .text     ro code   0x800'089c     0x4  startup_stm32f40_41xxx.o [2]
  .text     ro code   0x800'08a0     0x4  startup_stm32f40_41xxx.o [2]
  .text     ro code   0x800'08a4     0x4  startup_stm32f40_41xxx.o [2]
  .text     ro code   0x800'08a8     0x4  startup_stm32f40_41xxx.o [2]
  .text     ro code   0x800'08ac     0x4  startup_stm32f40_41xxx.o [2]
  .text     ro code   0x800'08b0     0x4  startup_stm32f40_41xxx.o [2]
  .text     ro code   0x800'08b4     0x4  startup_stm32f40_41xxx.o [2]
                    - 0x800'08b8   0x730

"P2":                             0x2000
  CSTACK             0x2000'0000  0x2000  <Block>
    CSTACK  uninit   0x2000'0000  0x2000  <Block tail>
                   - 0x2000'2000  0x2000

Unused ranges:

         From           To      Size
         ----           --      ----
   0x800'08b8   0x80f'ffff  0xf'f748
  0x2000'2000  0x2001'ffff  0x1'e000



*******************************************************************************
*** MODULE SUMMARY
***

    Module                    ro code  ro data  rw data
    ------                    -------  -------  -------
command line/config:
    ---------------------------------------------------
    Total:

C:\Users\IoT21\Documents\iar\LCD_Basic_Example\Debug\Obj: [1]
    main.o                        812       48
    ---------------------------------------------------
    Total:                        812       48

C:\Users\IoT21\Documents\iar\LCD_Basic_Example\Debug\Obj\CMSIS: [2]
    startup_stm32f40_41xxx.o      736
    ---------------------------------------------------
    Total:                        736

C:\Users\IoT21\Documents\iar\LCD_Basic_Example\Debug\Obj\COMM: [3]
    stm32f4xx_it.o                 18
    system_stm32f4xx.o            292
    ---------------------------------------------------
    Total:                        310

C:\Users\IoT21\Documents\iar\LCD_Basic_Example\Debug\Obj\STM32: [4]
    stm32f4xx_gpio.o              158
    stm32f4xx_rcc.o                32
    ---------------------------------------------------
    Total:                        190

dl7M_tln.a: [5]
    exit.o                          4
    low_level_init.o                4
    ---------------------------------------------------
    Total:                          8

m7M_tls.a: [6]
    fpinit_M.o                     34
    ---------------------------------------------------
    Total:                         34

rt7M_tl.a: [7]
    cexit.o                        10
    cmain.o                        30
    cstartup_M.o                   28
    ---------------------------------------------------
    Total:                         68

shb_l.a: [8]
    exit.o                         20
    ---------------------------------------------------
    Total:                         20

    Gaps                            6
    Linker created                                8'192
-------------------------------------------------------
    Grand Total:                2'184       48    8'192


*******************************************************************************
*** ENTRY LIST
***

Entry                       Address  Size  Type      Object
-----                       -------  ----  ----      ------
?main                    0x800'06cd        Code  Gb  cmain.o [7]
ADC_IRQHandler           0x800'07b9        Code  Wk  startup_stm32f40_41xxx.o [2]
BusFault_Handler         0x800'0579   0x2  Code  Gb  stm32f4xx_it.o [3]
CAN1_RX0_IRQHandler      0x800'07c1        Code  Wk  startup_stm32f40_41xxx.o [2]
CAN1_RX1_IRQHandler      0x800'07c5        Code  Wk  startup_stm32f40_41xxx.o [2]
CAN1_SCE_IRQHandler      0x800'07c9        Code  Wk  startup_stm32f40_41xxx.o [2]
CAN1_TX_IRQHandler       0x800'07bd        Code  Wk  startup_stm32f40_41xxx.o [2]
CAN2_RX0_IRQHandler      0x800'0871        Code  Wk  startup_stm32f40_41xxx.o [2]
CAN2_RX1_IRQHandler      0x800'0875        Code  Wk  startup_stm32f40_41xxx.o [2]
CAN2_SCE_IRQHandler      0x800'0879        Code  Wk  startup_stm32f40_41xxx.o [2]
CAN2_TX_IRQHandler       0x800'086d        Code  Wk  startup_stm32f40_41xxx.o [2]
CRYP_IRQHandler          0x800'08ad        Code  Wk  startup_stm32f40_41xxx.o [2]
CSTACK$$Base            0x2000'0000         --   Gb  - Linker created -
CSTACK$$Limit           0x2000'2000         --   Gb  - Linker created -
DCMI_IRQHandler          0x800'08a9        Code  Wk  startup_stm32f40_41xxx.o [2]
DMA1_Stream0_IRQHandler
                         0x800'079d        Code  Wk  startup_stm32f40_41xxx.o [2]
DMA1_Stream1_IRQHandler
                         0x800'07a1        Code  Wk  startup_stm32f40_41xxx.o [2]
DMA1_Stream2_IRQHandler
                         0x800'07a5        Code  Wk  startup_stm32f40_41xxx.o [2]
DMA1_Stream3_IRQHandler
                         0x800'07a9        Code  Wk  startup_stm32f40_41xxx.o [2]
DMA1_Stream4_IRQHandler
                         0x800'07ad        Code  Wk  startup_stm32f40_41xxx.o [2]
DMA1_Stream5_IRQHandler
                         0x800'07b1        Code  Wk  startup_stm32f40_41xxx.o [2]
DMA1_Stream6_IRQHandler
                         0x800'07b5        Code  Wk  startup_stm32f40_41xxx.o [2]
DMA1_Stream7_IRQHandler
                         0x800'082d        Code  Wk  startup_stm32f40_41xxx.o [2]
DMA2_Stream0_IRQHandler
                         0x800'0851        Code  Wk  startup_stm32f40_41xxx.o [2]
DMA2_Stream1_IRQHandler
                         0x800'0855        Code  Wk  startup_stm32f40_41xxx.o [2]
DMA2_Stream2_IRQHandler
                         0x800'0859        Code  Wk  startup_stm32f40_41xxx.o [2]
DMA2_Stream3_IRQHandler
                         0x800'085d        Code  Wk  startup_stm32f40_41xxx.o [2]
DMA2_Stream4_IRQHandler
                         0x800'0861        Code  Wk  startup_stm32f40_41xxx.o [2]
DMA2_Stream5_IRQHandler
                         0x800'0881        Code  Wk  startup_stm32f40_41xxx.o [2]
DMA2_Stream6_IRQHandler
                         0x800'0885        Code  Wk  startup_stm32f40_41xxx.o [2]
DMA2_Stream7_IRQHandler
                         0x800'0889        Code  Wk  startup_stm32f40_41xxx.o [2]
DebugMon_Handler         0x800'057f   0x2  Code  Gb  stm32f4xx_it.o [3]
Delay                    0x800'0189  0x20  Code  Lc  main.o [1]
Delay_us                 0x800'01a9  0x1c  Code  Lc  main.o [1]
ETH_IRQHandler           0x800'0865        Code  Wk  startup_stm32f40_41xxx.o [2]
ETH_WKUP_IRQHandler      0x800'0869        Code  Wk  startup_stm32f40_41xxx.o [2]
EXTI0_IRQHandler         0x800'0789        Code  Wk  startup_stm32f40_41xxx.o [2]
EXTI15_10_IRQHandler     0x800'0811        Code  Wk  startup_stm32f40_41xxx.o [2]
EXTI1_IRQHandler         0x800'078d        Code  Wk  startup_stm32f40_41xxx.o [2]
EXTI2_IRQHandler         0x800'0791        Code  Wk  startup_stm32f40_41xxx.o [2]
EXTI3_IRQHandler         0x800'0795        Code  Wk  startup_stm32f40_41xxx.o [2]
EXTI4_IRQHandler         0x800'0799        Code  Wk  startup_stm32f40_41xxx.o [2]
EXTI9_5_IRQHandler       0x800'07cd        Code  Wk  startup_stm32f40_41xxx.o [2]
E_Pulse                  0x800'0201  0x1c  Code  Gb  main.o [1]
FLASH_IRQHandler         0x800'0781        Code  Wk  startup_stm32f40_41xxx.o [2]
FPU_IRQHandler           0x800'08b5        Code  Wk  startup_stm32f40_41xxx.o [2]
FSMC_IRQHandler          0x800'0831        Code  Wk  startup_stm32f40_41xxx.o [2]
Func_Set                 0x800'021d  0x22  Code  Gb  main.o [1]
GPIO_Init                0x800'04d5  0x90  Code  Gb  stm32f4xx_gpio.o [4]
GPIO_ResetBits           0x800'0569   0x4  Code  Gb  stm32f4xx_gpio.o [4]
GPIO_SetBits             0x800'0565   0x4  Code  Gb  stm32f4xx_gpio.o [4]
GPIO_Write               0x800'056d   0x6  Code  Gb  stm32f4xx_gpio.o [4]
HASH_RNG_IRQHandler      0x800'08b1        Code  Wk  startup_stm32f40_41xxx.o [2]
HardFault_Handler        0x800'0575   0x2  Code  Gb  stm32f4xx_it.o [3]
I2C1_ER_IRQHandler       0x800'07f1        Code  Wk  startup_stm32f40_41xxx.o [2]
I2C1_EV_IRQHandler       0x800'07ed        Code  Wk  startup_stm32f40_41xxx.o [2]
I2C2_ER_IRQHandler       0x800'07f9        Code  Wk  startup_stm32f40_41xxx.o [2]
I2C2_EV_IRQHandler       0x800'07f5        Code  Wk  startup_stm32f40_41xxx.o [2]
I2C3_ER_IRQHandler       0x800'0895        Code  Wk  startup_stm32f40_41xxx.o [2]
I2C3_EV_IRQHandler       0x800'0891        Code  Wk  startup_stm32f40_41xxx.o [2]
Init_LCD                 0x800'023f  0x50  Code  Gb  main.o [1]
MemManage_Handler        0x800'0577   0x2  Code  Gb  stm32f4xx_it.o [3]
NMI_Handler              0x800'0573   0x2  Code  Gb  stm32f4xx_it.o [3]
OTG_FS_IRQHandler        0x800'087d        Code  Wk  startup_stm32f40_41xxx.o [2]
OTG_FS_WKUP_IRQHandler   0x800'0819        Code  Wk  startup_stm32f40_41xxx.o [2]
OTG_HS_EP1_IN_IRQHandler
                         0x800'089d        Code  Wk  startup_stm32f40_41xxx.o [2]
OTG_HS_EP1_OUT_IRQHandler
                         0x800'0899        Code  Wk  startup_stm32f40_41xxx.o [2]
OTG_HS_IRQHandler        0x800'08a5        Code  Wk  startup_stm32f40_41xxx.o [2]
OTG_HS_WKUP_IRQHandler   0x800'08a1        Code  Wk  startup_stm32f40_41xxx.o [2]
PVD_IRQHandler           0x800'0775        Code  Wk  startup_stm32f40_41xxx.o [2]
PendSV_Handler           0x800'0581   0x2  Code  Gb  stm32f4xx_it.o [3]
Port_Init                0x800'01c5  0x3c  Code  Gb  main.o [1]
RCC_AHB1PeriphClockCmd   0x800'04b5  0x1c  Code  Gb  stm32f4xx_rcc.o [4]
RCC_IRQHandler           0x800'0785        Code  Wk  startup_stm32f40_41xxx.o [2]
RTC_Alarm_IRQHandler     0x800'0815        Code  Wk  startup_stm32f40_41xxx.o [2]
RTC_WKUP_IRQHandler      0x800'077d        Code  Wk  startup_stm32f40_41xxx.o [2]
Region$$Table$$Base             0x0         --   Gb  - Linker created -
Region$$Table$$Limit            0x0         --   Gb  - Linker created -
Reset_Handler            0x800'0761        Code  Wk  startup_stm32f40_41xxx.o [2]
SDIO_IRQHandler          0x800'0835        Code  Wk  startup_stm32f40_41xxx.o [2]
SPI1_IRQHandler          0x800'07fd        Code  Wk  startup_stm32f40_41xxx.o [2]
SPI2_IRQHandler          0x800'0801        Code  Wk  startup_stm32f40_41xxx.o [2]
SPI3_IRQHandler          0x800'083d        Code  Wk  startup_stm32f40_41xxx.o [2]
SVC_Handler              0x800'057d   0x2  Code  Gb  stm32f4xx_it.o [3]
SetSysClock              0x800'05cb  0xaa  Code  Lc  system_stm32f4xx.o [3]
SysTick_Handler          0x800'0583   0x2  Code  Gb  stm32f4xx_it.o [3]
SystemInit               0x800'0585  0x46  Code  Gb  system_stm32f4xx.o [3]
TAMP_STAMP_IRQHandler    0x800'0779        Code  Wk  startup_stm32f40_41xxx.o [2]
TIM1_BRK_TIM9_IRQHandler
                         0x800'07d1        Code  Wk  startup_stm32f40_41xxx.o [2]
TIM1_CC_IRQHandler       0x800'07dd        Code  Wk  startup_stm32f40_41xxx.o [2]
TIM1_TRG_COM_TIM11_IRQHandler
                         0x800'07d9        Code  Wk  startup_stm32f40_41xxx.o [2]
TIM1_UP_TIM10_IRQHandler
                         0x800'07d5        Code  Wk  startup_stm32f40_41xxx.o [2]
TIM2_IRQHandler          0x800'07e1        Code  Wk  startup_stm32f40_41xxx.o [2]
TIM3_IRQHandler          0x800'07e5        Code  Wk  startup_stm32f40_41xxx.o [2]
TIM4_IRQHandler          0x800'07e9        Code  Wk  startup_stm32f40_41xxx.o [2]
TIM5_IRQHandler          0x800'0839        Code  Wk  startup_stm32f40_41xxx.o [2]
TIM6_DAC_IRQHandler      0x800'0849        Code  Wk  startup_stm32f40_41xxx.o [2]
TIM7_IRQHandler          0x800'084d        Code  Wk  startup_stm32f40_41xxx.o [2]
TIM8_BRK_TIM12_IRQHandler
                         0x800'081d        Code  Wk  startup_stm32f40_41xxx.o [2]
TIM8_CC_IRQHandler       0x800'0829        Code  Wk  startup_stm32f40_41xxx.o [2]
TIM8_TRG_COM_TIM14_IRQHandler
                         0x800'0825        Code  Wk  startup_stm32f40_41xxx.o [2]
TIM8_UP_TIM13_IRQHandler
                         0x800'0821        Code  Wk  startup_stm32f40_41xxx.o [2]
UART4_IRQHandler         0x800'0841        Code  Wk  startup_stm32f40_41xxx.o [2]
UART5_IRQHandler         0x800'0845        Code  Wk  startup_stm32f40_41xxx.o [2]
USART1_IRQHandler        0x800'0805        Code  Wk  startup_stm32f40_41xxx.o [2]
USART2_IRQHandler        0x800'0809        Code  Wk  startup_stm32f40_41xxx.o [2]
USART3_IRQHandler        0x800'080d        Code  Wk  startup_stm32f40_41xxx.o [2]
USART6_IRQHandler        0x800'088d        Code  Wk  startup_stm32f40_41xxx.o [2]
UsageFault_Handler       0x800'057b   0x2  Code  Gb  stm32f4xx_it.o [3]
WWDG_IRQHandler          0x800'0771        Code  Wk  startup_stm32f40_41xxx.o [2]
__cmain                  0x800'06cd        Code  Gb  cmain.o [7]
__exit                   0x800'0701  0x14  Code  Gb  exit.o [8]
__iar_init_vfp           0x800'06a9        Code  Gb  fpinit_M.o [6]
__iar_program_start      0x800'0715        Code  Gb  cstartup_M.o [7]
__low_level_init         0x800'06eb   0x4  Code  Gb  low_level_init.o [5]
__vector_table           0x800'0000        Data  Gb  startup_stm32f40_41xxx.o [2]
_call_main               0x800'06d9        Code  Gb  cmain.o [7]
_exit                    0x800'06f5        Code  Gb  cexit.o [7]
clrscr                   0x800'0395  0x28  Code  Gb  main.o [1]
disp_ON_OFF              0x800'0333  0x62  Code  Gb  main.o [1]
exit                     0x800'06ef   0x4  Code  Gb  exit.o [5]
lcd                      0x800'03bd  0x1e  Code  Gb  main.o [1]
lcd_char                 0x800'028f  0x1e  Code  Gb  main.o [1]
lcd_disp                 0x800'02ad  0x4a  Code  Gb  main.o [1]
main                     0x800'03db  0xc2  Code  Gb  main.o [1]
move_disp                0x800'02f7  0x3c  Code  Gb  main.o [1]


[1] = C:\Users\IoT21\Documents\iar\LCD_Basic_Example\Debug\Obj
[2] = C:\Users\IoT21\Documents\iar\LCD_Basic_Example\Debug\Obj\CMSIS
[3] = C:\Users\IoT21\Documents\iar\LCD_Basic_Example\Debug\Obj\COMM
[4] = C:\Users\IoT21\Documents\iar\LCD_Basic_Example\Debug\Obj\STM32
[5] = dl7M_tln.a
[6] = m7M_tls.a
[7] = rt7M_tl.a
[8] = shb_l.a

  2'184 bytes of readonly  code memory
     48 bytes of readonly  data memory
  8'192 bytes of readwrite data memory

Errors: none
Warnings: none
