###############################################################################
#
# IAR ELF Linker V9.32.1.338/W64 for ARM                  14/Feb/2023  13:19:54
# Copyright 2007-2022 IAR Systems AB.
#
#    Output file  =
#        C:\Users\IoT07\Documents\iar\uart1Test_strtok_printf_portA910\Debug\Exe\uart1Test_strtok.out
#    Map file     =
#        C:\Users\IoT07\Documents\iar\uart1Test_strtok_printf_portA910\Debug\List\uart1Test_strtok.map
#    Command line =
#        -f
#        C:\Users\IoT07\Documents\iar\uart1Test_strtok_printf_portA910\Debug\Exe\uart1Test_strtok.out.rsp
#        (C:\Users\IoT07\Documents\iar\uart1Test_strtok_printf_portA910\Debug\Obj\main.o
#        C:\Users\IoT07\Documents\iar\uart1Test_strtok_printf_portA910\Debug\Obj\STM32\misc.o
#        C:\Users\IoT07\Documents\iar\uart1Test_strtok_printf_portA910\Debug\Obj\CMSIS\startup_stm32f40_41xxx.o
#        C:\Users\IoT07\Documents\iar\uart1Test_strtok_printf_portA910\Debug\Obj\STM32\stm32f4xx_gpio.o
#        C:\Users\IoT07\Documents\iar\uart1Test_strtok_printf_portA910\Debug\Obj\COMM\stm32f4xx_it.o
#        C:\Users\IoT07\Documents\iar\uart1Test_strtok_printf_portA910\Debug\Obj\STM32\stm32f4xx_rcc.o
#        C:\Users\IoT07\Documents\iar\uart1Test_strtok_printf_portA910\Debug\Obj\STM32\stm32f4xx_usart.o
#        C:\Users\IoT07\Documents\iar\uart1Test_strtok_printf_portA910\Debug\Obj\COMM\system_stm32f4xx.o
#        --no_out_extension -o
#        C:\Users\IoT07\Documents\iar\uart1Test_strtok_printf_portA910\Debug\Exe\uart1Test_strtok.out
#        --redirect _Printf=_PrintfFullNoMb --redirect _Scanf=_ScanfFullNoMb
#        --map
#        C:\Users\IoT07\Documents\iar\uart1Test_strtok_printf_portA910\Debug\List\uart1Test_strtok.map
#        --config
#        C:\Users\IoT07\Documents\iar\uart1Test_strtok_printf_portA910\stm32f405xG.icf
#        --semihosting --entry __iar_program_start --vfe --text_out locale
#        --cpu=Cortex-M4 --fpu=VFPv4_sp)
#
###############################################################################

*******************************************************************************
*** RUNTIME MODEL ATTRIBUTES
***

CppFlavor       = *
__CPP_Runtime   = 1
__SystemLibrary = DLib
__dlib_version  = 6


*******************************************************************************
*** HEAP SELECTION
***

The basic heap was selected because --advanced_heap
was not specified and the application did not appear to
be primarily optimized for speed.


*******************************************************************************
*** PLACEMENT SUMMARY
***

"A0":  place at address 0x800'0000 { ro section .intvec };
"P1":  place in [from 0x800'0000 to 0x80f'ffff] { ro };
define block CSTACK with size = 8K, alignment = 8 { };
define block HEAP with size = 8K, alignment = 8 { };
"P2":  place in [from 0x2000'0000 to 0x2001'ffff] {
          rw, block CSTACK, block HEAP };
initialize by copy { rw };

No sections matched the following patterns:

  section .sram  in "P3"


  Section            Kind         Address    Size  Object
  -------            ----         -------    ----  ------
"A0":                                       0x188
  .intvec            ro code   0x800'0000   0x188  startup_stm32f40_41xxx.o [2]
                             - 0x800'0188   0x188

"P1":                                      0x2abb
  .text              ro code   0x800'0188   0xeca  xprintffull_nomb.o [5]
  .text              ro code   0x800'1052    0x7e  lz77_init_single.o [7]
  .text              ro code   0x800'10d0    0x16  strchr.o [7]
  .text              ro code   0x800'10e6    0x12  stm32f4xx_it.o [3]
  .text              ro code   0x800'10f8    0x40  xfail_s.o [5]
  .text              ro code   0x800'1138    0x36  strlen.o [7]
  .rodata            const     0x800'116e     0x2  xlocale_c.o [5]
  .text              ro code   0x800'1170    0x58  memchr.o [7]
  .text              ro code   0x800'11c8    0xa6  ABImemcpy.o [7]
  .rodata            const     0x800'126e     0x2  xlocale_c.o [5]
  .text              ro code   0x800'1270    0x70  frexp.o [6]
  .text              ro code   0x800'12e0    0x34  DblCmpLe.o [6]
  .text              ro code   0x800'1314    0x34  DblCmpGe.o [6]
  .text              ro code   0x800'1348   0x13a  ldexp.o [6]
  .rodata            const     0x800'1482     0x1  xlocale_c.o [5]
  .text              ro code   0x800'1484    0x36  DblToS32.o [6]
  .text              ro code   0x800'14bc    0x22  S32ToDbl.o [6]
  .text              ro code   0x800'14e0   0x25e  DblAddSub.o [6]
  .text              ro code   0x800'1740   0x246  DblDiv.o [6]
  .text              ro code   0x800'1988    0x22  DblToU32.o [6]
  .text              ro code   0x800'19ac    0x1c  U32ToDbl.o [6]
  .text              ro code   0x800'19c8   0x1aa  DblMul.o [6]
  .text              ro code   0x800'1b74    0x3c  xlocale_c.o [5]
  .text              ro code   0x800'1bb0   0x230  I64DivMod.o [7]
  .text              ro code   0x800'1de0     0x6  abort.o [5]
  .text              ro code   0x800'1de8     0x2  I64DivZer.o [7]
  .text              ro code   0x800'1dec    0x14  exit.o [8]
  .text              ro code   0x800'1e00   0x30c  main.o [1]
  .text              ro code   0x800'210c   0x110  stm32f4xx_rcc.o [4]
  .text              ro code   0x800'221c    0xe8  stm32f4xx_gpio.o [4]
  .text              ro code   0x800'2304    0x80  misc.o [4]
  .text              ro code   0x800'2384   0x1c6  stm32f4xx_usart.o [4]
  .text              ro code   0x800'254c     0x6  ABImemclr4.o [7]
  .text              ro code   0x800'2554    0x66  ABImemset.o [7]
  .text              ro code   0x800'25bc    0x18  strcpy.o [7]
  .text              ro code   0x800'25d4    0x28  printf.o [5]
  .text              ro code   0x800'25fc    0x4c  strtok.o [5]
  .text              ro code   0x800'2648    0x12  strcmp.o [7]
  .text              ro code   0x800'265c   0x14e  iar_Stoulx.o [5]
  .text              ro code   0x800'27ac    0x32  ABImemset48.o [7]
  .text              ro code   0x800'27de    0x22  strspn.o [5]
  .text              ro code   0x800'2800    0x22  strcspn.o [5]
  .text              ro code   0x800'2822    0x14  isspace.o [5]
  .text              ro code   0x800'2836    0x14  tolower.o [5]
  .text              ro code   0x800'284c   0x124  system_stm32f4xx.o [3]
  .rodata            const     0x800'2970    0x50  iar_Stoulx.o [5]
  .text              ro code   0x800'29c0    0x28  data_init.o [7]
  .text              ro code   0x800'29e8    0x22  fpinit_M.o [6]
  .iar.init_table    const     0x800'2a0c    0x10  - Linker created -
  .text              ro code   0x800'2a1c    0x1e  cmain.o [7]
  .text              ro code   0x800'2a3a     0x4  low_level_init.o [5]
  .text              ro code   0x800'2a3e     0x4  exit.o [5]
  .text              ro code   0x800'2a44     0xa  cexit.o [7]
  .text              ro code   0x800'2a50    0x1c  cstartup_M.o [7]
  .text              ro code   0x800'2a6c    0x16  xprout.o [5]
  .rodata            const     0x800'2a84    0x10  main.o [1]
  .text              ro code   0x800'2a94    0x10  startup_stm32f40_41xxx.o [2]
  .rodata            const     0x800'2aa4     0xc  main.o [1]
  .rodata            const     0x800'2ab0     0xc  main.o [1]
  .text              ro code   0x800'2abc     0x4  startup_stm32f40_41xxx.o [2]
  .text              ro code   0x800'2ac0     0x4  startup_stm32f40_41xxx.o [2]
  .text              ro code   0x800'2ac4     0x4  startup_stm32f40_41xxx.o [2]
  .text              ro code   0x800'2ac8     0x4  startup_stm32f40_41xxx.o [2]
  .text              ro code   0x800'2acc     0x4  startup_stm32f40_41xxx.o [2]
  .text              ro code   0x800'2ad0     0x4  startup_stm32f40_41xxx.o [2]
  .text              ro code   0x800'2ad4     0x4  startup_stm32f40_41xxx.o [2]
  .text              ro code   0x800'2ad8     0x4  startup_stm32f40_41xxx.o [2]
  .text              ro code   0x800'2adc     0x4  startup_stm32f40_41xxx.o [2]
  .text              ro code   0x800'2ae0     0x4  startup_stm32f40_41xxx.o [2]
  .text              ro code   0x800'2ae4     0x4  startup_stm32f40_41xxx.o [2]
  .text              ro code   0x800'2ae8     0x4  startup_stm32f40_41xxx.o [2]
  .text              ro code   0x800'2aec     0x4  startup_stm32f40_41xxx.o [2]
  .text              ro code   0x800'2af0     0x4  startup_stm32f40_41xxx.o [2]
  .text              ro code   0x800'2af4     0x4  startup_stm32f40_41xxx.o [2]
  .text              ro code   0x800'2af8     0x4  startup_stm32f40_41xxx.o [2]
  .text              ro code   0x800'2afc     0x4  startup_stm32f40_41xxx.o [2]
  .text              ro code   0x800'2b00     0x4  startup_stm32f40_41xxx.o [2]
  .text              ro code   0x800'2b04     0x4  startup_stm32f40_41xxx.o [2]
  .text              ro code   0x800'2b08     0x4  startup_stm32f40_41xxx.o [2]
  .text              ro code   0x800'2b0c     0x4  startup_stm32f40_41xxx.o [2]
  .text              ro code   0x800'2b10     0x4  startup_stm32f40_41xxx.o [2]
  .text              ro code   0x800'2b14     0x4  startup_stm32f40_41xxx.o [2]
  .text              ro code   0x800'2b18     0x4  startup_stm32f40_41xxx.o [2]
  .text              ro code   0x800'2b1c     0x4  startup_stm32f40_41xxx.o [2]
  .text              ro code   0x800'2b20     0x4  startup_stm32f40_41xxx.o [2]
  .text              ro code   0x800'2b24     0x4  startup_stm32f40_41xxx.o [2]
  .text              ro code   0x800'2b28     0x4  startup_stm32f40_41xxx.o [2]
  .text              ro code   0x800'2b2c     0x4  startup_stm32f40_41xxx.o [2]
  .text              ro code   0x800'2b30     0x4  startup_stm32f40_41xxx.o [2]
  .text              ro code   0x800'2b34     0x4  startup_stm32f40_41xxx.o [2]
  .text              ro code   0x800'2b38     0x4  startup_stm32f40_41xxx.o [2]
  .text              ro code   0x800'2b3c     0x4  startup_stm32f40_41xxx.o [2]
  .text              ro code   0x800'2b40     0x4  startup_stm32f40_41xxx.o [2]
  .text              ro code   0x800'2b44     0x4  startup_stm32f40_41xxx.o [2]
  .text              ro code   0x800'2b48     0x4  startup_stm32f40_41xxx.o [2]
  .text              ro code   0x800'2b4c     0x4  startup_stm32f40_41xxx.o [2]
  .text              ro code   0x800'2b50     0x4  startup_stm32f40_41xxx.o [2]
  .text              ro code   0x800'2b54     0x4  startup_stm32f40_41xxx.o [2]
  .text              ro code   0x800'2b58     0x4  startup_stm32f40_41xxx.o [2]
  .text              ro code   0x800'2b5c     0x4  startup_stm32f40_41xxx.o [2]
  .text              ro code   0x800'2b60     0x4  startup_stm32f40_41xxx.o [2]
  .text              ro code   0x800'2b64     0x4  startup_stm32f40_41xxx.o [2]
  .text              ro code   0x800'2b68     0x4  startup_stm32f40_41xxx.o [2]
  .text              ro code   0x800'2b6c     0x4  startup_stm32f40_41xxx.o [2]
  .text              ro code   0x800'2b70     0x4  startup_stm32f40_41xxx.o [2]
  .text              ro code   0x800'2b74     0x4  startup_stm32f40_41xxx.o [2]
  .text              ro code   0x800'2b78     0x4  startup_stm32f40_41xxx.o [2]
  .text              ro code   0x800'2b7c     0x4  startup_stm32f40_41xxx.o [2]
  .text              ro code   0x800'2b80     0x4  startup_stm32f40_41xxx.o [2]
  .text              ro code   0x800'2b84     0x4  startup_stm32f40_41xxx.o [2]
  .text              ro code   0x800'2b88     0x4  startup_stm32f40_41xxx.o [2]
  .text              ro code   0x800'2b8c     0x4  startup_stm32f40_41xxx.o [2]
  .text              ro code   0x800'2b90     0x4  startup_stm32f40_41xxx.o [2]
  .text              ro code   0x800'2b94     0x4  startup_stm32f40_41xxx.o [2]
  .text              ro code   0x800'2b98     0x4  startup_stm32f40_41xxx.o [2]
  .text              ro code   0x800'2b9c     0x4  startup_stm32f40_41xxx.o [2]
  .text              ro code   0x800'2ba0     0x4  startup_stm32f40_41xxx.o [2]
  .text              ro code   0x800'2ba4     0x4  startup_stm32f40_41xxx.o [2]
  .text              ro code   0x800'2ba8     0x4  startup_stm32f40_41xxx.o [2]
  .text              ro code   0x800'2bac     0x4  startup_stm32f40_41xxx.o [2]
  .text              ro code   0x800'2bb0     0x4  startup_stm32f40_41xxx.o [2]
  .text              ro code   0x800'2bb4     0x4  startup_stm32f40_41xxx.o [2]
  .text              ro code   0x800'2bb8     0x4  startup_stm32f40_41xxx.o [2]
  .text              ro code   0x800'2bbc     0x4  startup_stm32f40_41xxx.o [2]
  .text              ro code   0x800'2bc0     0x4  startup_stm32f40_41xxx.o [2]
  .text              ro code   0x800'2bc4     0x4  startup_stm32f40_41xxx.o [2]
  .text              ro code   0x800'2bc8     0x4  startup_stm32f40_41xxx.o [2]
  .text              ro code   0x800'2bcc     0x4  startup_stm32f40_41xxx.o [2]
  .text              ro code   0x800'2bd0     0x4  startup_stm32f40_41xxx.o [2]
  .text              ro code   0x800'2bd4     0x4  startup_stm32f40_41xxx.o [2]
  .text              ro code   0x800'2bd8     0x4  startup_stm32f40_41xxx.o [2]
  .text              ro code   0x800'2bdc     0x4  startup_stm32f40_41xxx.o [2]
  .text              ro code   0x800'2be0     0x4  startup_stm32f40_41xxx.o [2]
  .text              ro code   0x800'2be4     0x4  startup_stm32f40_41xxx.o [2]
  .text              ro code   0x800'2be8     0x4  startup_stm32f40_41xxx.o [2]
  .text              ro code   0x800'2bec     0x4  startup_stm32f40_41xxx.o [2]
  .text              ro code   0x800'2bf0     0x4  startup_stm32f40_41xxx.o [2]
  .text              ro code   0x800'2bf4     0x4  startup_stm32f40_41xxx.o [2]
  .text              ro code   0x800'2bf8     0x4  startup_stm32f40_41xxx.o [2]
  .text              ro code   0x800'2bfc     0x4  startup_stm32f40_41xxx.o [2]
  .rodata            const     0x800'2c00     0x0  lz77_init_single.o [7]
  Initializer bytes  const     0x800'2c00    0x43  <for P2-1>
                             - 0x800'2c43  0x2abb

"P2", part 1 of 2:                           0xd1
  P2-1                        0x2000'0000    0xd1  <Init block>
    .data            inited   0x2000'0000    0x10  stm32f4xx_rcc.o [4]
    .data            inited   0x2000'0010    0x38  xlocale_c.o [5]
    .data            inited   0x2000'0048    0x48  xlocale_c.o [5]
    .bss             inited   0x2000'0090    0x34  main.o [1]
    .bss             inited   0x2000'00c4     0x4  main.o [1]
    .bss             inited   0x2000'00c8     0x4  strtok.o [5]
    .bss             inited   0x2000'00cc     0x4  xfail_s.o [5]
    .bss             inited   0x2000'00d0     0x1  main.o [1]
                            - 0x2000'00d1    0xd1

"P2", part 2 of 2:                         0x2000
  CSTACK                      0x2000'00d8  0x2000  <Block>
    CSTACK           uninit   0x2000'00d8  0x2000  <Block tail>
                            - 0x2000'20d8  0x2000

Unused ranges:

         From           To      Size
         ----           --      ----
   0x800'2c43   0x80f'ffff  0xf'd3bd
  0x2000'00d1  0x2000'00d7       0x7
  0x2000'20d8  0x2001'ffff  0x1'df28


*******************************************************************************
*** INIT TABLE
***

          Address      Size
          -------      ----
Copy/lz77 (__iar_lz77_init_single3)
    1 source range, total size 0x43 (32% of destination):
           0x800'2c00  0x43
    1 destination range, total size 0xd1:
          0x2000'0000  0xd1



*******************************************************************************
*** MODULE SUMMARY
***

    Module                    ro code  ro data  rw data
    ------                    -------  -------  -------
command line/config:
    ---------------------------------------------------
    Total:

C:\Users\IoT07\Documents\iar\uart1Test_strtok_printf_portA910\Debug\Obj: [1]
    main.o                        780       59       57
    ---------------------------------------------------
    Total:                        780       59       57

C:\Users\IoT07\Documents\iar\uart1Test_strtok_printf_portA910\Debug\Obj\CMSIS: [2]
    startup_stm32f40_41xxx.o      732
    ---------------------------------------------------
    Total:                        732

C:\Users\IoT07\Documents\iar\uart1Test_strtok_printf_portA910\Debug\Obj\COMM: [3]
    stm32f4xx_it.o                 18
    system_stm32f4xx.o            292
    ---------------------------------------------------
    Total:                        310

C:\Users\IoT07\Documents\iar\uart1Test_strtok_printf_portA910\Debug\Obj\STM32: [4]
    misc.o                        128
    stm32f4xx_gpio.o              232
    stm32f4xx_rcc.o               272        5       16
    stm32f4xx_usart.o             454
    ---------------------------------------------------
    Total:                      1'086        5       16

dl7M_tlf.a: [5]
    abort.o                         6
    exit.o                          4
    iar_Stoulx.o                  334       80
    isspace.o                      20
    low_level_init.o                4
    printf.o                       40
    strcspn.o                      34
    strspn.o                       34
    strtok.o                       76        1        4
    tolower.o                      20
    xfail_s.o                      64        1        4
    xlocale_c.o                    60       46      128
    xprintffull_nomb.o          3'786
    xprout.o                       22
    ---------------------------------------------------
    Total:                      4'504      128      136

m7M_tls.a: [6]
    DblAddSub.o                   606
    DblCmpGe.o                     52
    DblCmpLe.o                     52
    DblDiv.o                      582
    DblMul.o                      426
    DblToS32.o                     54
    DblToU32.o                     34
    S32ToDbl.o                     34
    U32ToDbl.o                     28
    fpinit_M.o                     34
    frexp.o                       112
    ldexp.o                       314
    ---------------------------------------------------
    Total:                      2'328

rt7M_tl.a: [7]
    ABImemclr4.o                    6
    ABImemcpy.o                   166
    ABImemset.o                   102
    ABImemset48.o                  50
    I64DivMod.o                   560
    I64DivZer.o                     2
    cexit.o                        10
    cmain.o                        30
    cstartup_M.o                   28
    data_init.o                    40
    lz77_init_single.o            126
    memchr.o                       88
    strchr.o                       22
    strcmp.o                       18
    strcpy.o                       24
    strlen.o                       54
    ---------------------------------------------------
    Total:                      1'326

shb_l.a: [8]
    exit.o                         20
    ---------------------------------------------------
    Total:                         20

    Gaps                           33        4
    Linker created                          16    8'192
-------------------------------------------------------
    Grand Total:               11'119      212    8'401


*******************************************************************************
*** ENTRY LIST
***

Entry                       Address   Size  Type      Object
-----                       -------   ----  ----      ------
.iar.init_table$$Base    0x800'2a0c          --   Gb  - Linker created -
.iar.init_table$$Limit   0x800'2a1c          --   Gb  - Linker created -
?main                    0x800'2a1d         Code  Gb  cmain.o [7]
ADC_IRQHandler           0x800'2b05         Code  Wk  startup_stm32f40_41xxx.o [2]
APBAHBPrescTable        0x2000'0000   0x10  Data  Lc  stm32f4xx_rcc.o [4]
BusFault_Handler         0x800'10ed    0x2  Code  Gb  stm32f4xx_it.o [3]
CAN1_RX0_IRQHandler      0x800'2b0d         Code  Wk  startup_stm32f40_41xxx.o [2]
CAN1_RX1_IRQHandler      0x800'2b11         Code  Wk  startup_stm32f40_41xxx.o [2]
CAN1_SCE_IRQHandler      0x800'2b15         Code  Wk  startup_stm32f40_41xxx.o [2]
CAN1_TX_IRQHandler       0x800'2b09         Code  Wk  startup_stm32f40_41xxx.o [2]
CAN2_RX0_IRQHandler      0x800'2bb9         Code  Wk  startup_stm32f40_41xxx.o [2]
CAN2_RX1_IRQHandler      0x800'2bbd         Code  Wk  startup_stm32f40_41xxx.o [2]
CAN2_SCE_IRQHandler      0x800'2bc1         Code  Wk  startup_stm32f40_41xxx.o [2]
CAN2_TX_IRQHandler       0x800'2bb5         Code  Wk  startup_stm32f40_41xxx.o [2]
CRYP_IRQHandler          0x800'2bf5         Code  Wk  startup_stm32f40_41xxx.o [2]
CSTACK$$Base            0x2000'00d8          --   Gb  - Linker created -
CSTACK$$Limit           0x2000'20d8          --   Gb  - Linker created -
DCMI_IRQHandler          0x800'2bf1         Code  Wk  startup_stm32f40_41xxx.o [2]
DMA1_Stream0_IRQHandler
                         0x800'2ae9         Code  Wk  startup_stm32f40_41xxx.o [2]
DMA1_Stream1_IRQHandler
                         0x800'2aed         Code  Wk  startup_stm32f40_41xxx.o [2]
DMA1_Stream2_IRQHandler
                         0x800'2af1         Code  Wk  startup_stm32f40_41xxx.o [2]
DMA1_Stream3_IRQHandler
                         0x800'2af5         Code  Wk  startup_stm32f40_41xxx.o [2]
DMA1_Stream4_IRQHandler
                         0x800'2af9         Code  Wk  startup_stm32f40_41xxx.o [2]
DMA1_Stream5_IRQHandler
                         0x800'2afd         Code  Wk  startup_stm32f40_41xxx.o [2]
DMA1_Stream6_IRQHandler
                         0x800'2b01         Code  Wk  startup_stm32f40_41xxx.o [2]
DMA1_Stream7_IRQHandler
                         0x800'2b75         Code  Wk  startup_stm32f40_41xxx.o [2]
DMA2_Stream0_IRQHandler
                         0x800'2b99         Code  Wk  startup_stm32f40_41xxx.o [2]
DMA2_Stream1_IRQHandler
                         0x800'2b9d         Code  Wk  startup_stm32f40_41xxx.o [2]
DMA2_Stream2_IRQHandler
                         0x800'2ba1         Code  Wk  startup_stm32f40_41xxx.o [2]
DMA2_Stream3_IRQHandler
                         0x800'2ba5         Code  Wk  startup_stm32f40_41xxx.o [2]
DMA2_Stream4_IRQHandler
                         0x800'2ba9         Code  Wk  startup_stm32f40_41xxx.o [2]
DMA2_Stream5_IRQHandler
                         0x800'2bc9         Code  Wk  startup_stm32f40_41xxx.o [2]
DMA2_Stream6_IRQHandler
                         0x800'2bcd         Code  Wk  startup_stm32f40_41xxx.o [2]
DMA2_Stream7_IRQHandler
                         0x800'2bd1         Code  Wk  startup_stm32f40_41xxx.o [2]
DebugMon_Handler         0x800'10f3    0x2  Code  Gb  stm32f4xx_it.o [3]
ETH_IRQHandler           0x800'2bad         Code  Wk  startup_stm32f40_41xxx.o [2]
ETH_WKUP_IRQHandler      0x800'2bb1         Code  Wk  startup_stm32f40_41xxx.o [2]
EXTI0_IRQHandler         0x800'2ad5         Code  Wk  startup_stm32f40_41xxx.o [2]
EXTI15_10_IRQHandler     0x800'2b59         Code  Wk  startup_stm32f40_41xxx.o [2]
EXTI1_IRQHandler         0x800'2ad9         Code  Wk  startup_stm32f40_41xxx.o [2]
EXTI2_IRQHandler         0x800'2add         Code  Wk  startup_stm32f40_41xxx.o [2]
EXTI3_IRQHandler         0x800'2ae1         Code  Wk  startup_stm32f40_41xxx.o [2]
EXTI4_IRQHandler         0x800'2ae5         Code  Wk  startup_stm32f40_41xxx.o [2]
EXTI9_5_IRQHandler       0x800'2b19         Code  Wk  startup_stm32f40_41xxx.o [2]
FLASH_IRQHandler         0x800'2acd         Code  Wk  startup_stm32f40_41xxx.o [2]
FPU_IRQHandler           0x800'2bfd         Code  Wk  startup_stm32f40_41xxx.o [2]
FSMC_IRQHandler          0x800'2b79         Code  Wk  startup_stm32f40_41xxx.o [2]
GPIO_Init                0x800'221d   0x90  Code  Gb  stm32f4xx_gpio.o [4]
GPIO_PinAFConfig         0x800'22b5   0x50  Code  Gb  stm32f4xx_gpio.o [4]
GPIO_ResetBits           0x800'22b1    0x4  Code  Gb  stm32f4xx_gpio.o [4]
GPIO_SetBits             0x800'22ad    0x4  Code  Gb  stm32f4xx_gpio.o [4]
HASH_RNG_IRQHandler      0x800'2bf9         Code  Wk  startup_stm32f40_41xxx.o [2]
HardFault_Handler        0x800'10e9    0x2  Code  Gb  stm32f4xx_it.o [3]
I2C1_ER_IRQHandler       0x800'2b3d         Code  Wk  startup_stm32f40_41xxx.o [2]
I2C1_EV_IRQHandler       0x800'2b39         Code  Wk  startup_stm32f40_41xxx.o [2]
I2C2_ER_IRQHandler       0x800'2b45         Code  Wk  startup_stm32f40_41xxx.o [2]
I2C2_EV_IRQHandler       0x800'2b41         Code  Wk  startup_stm32f40_41xxx.o [2]
I2C3_ER_IRQHandler       0x800'2bdd         Code  Wk  startup_stm32f40_41xxx.o [2]
I2C3_EV_IRQHandler       0x800'2bd9         Code  Wk  startup_stm32f40_41xxx.o [2]
MemManage_Handler        0x800'10eb    0x2  Code  Gb  stm32f4xx_it.o [3]
NMI_Handler              0x800'10e7    0x2  Code  Gb  stm32f4xx_it.o [3]
NVIC_Init                0x800'230f   0x62  Code  Gb  misc.o [4]
NVIC_PriorityGroupConfig
                         0x800'2305    0xa  Code  Gb  misc.o [4]
OTG_FS_IRQHandler        0x800'2bc5         Code  Wk  startup_stm32f40_41xxx.o [2]
OTG_FS_WKUP_IRQHandler   0x800'2b61         Code  Wk  startup_stm32f40_41xxx.o [2]
OTG_HS_EP1_IN_IRQHandler
                         0x800'2be5         Code  Wk  startup_stm32f40_41xxx.o [2]
OTG_HS_EP1_OUT_IRQHandler
                         0x800'2be1         Code  Wk  startup_stm32f40_41xxx.o [2]
OTG_HS_IRQHandler        0x800'2bed         Code  Wk  startup_stm32f40_41xxx.o [2]
OTG_HS_WKUP_IRQHandler   0x800'2be9         Code  Wk  startup_stm32f40_41xxx.o [2]
PVD_IRQHandler           0x800'2ac1         Code  Wk  startup_stm32f40_41xxx.o [2]
PendSV_Handler           0x800'10f5    0x2  Code  Gb  stm32f4xx_it.o [3]
RCC_AHB1PeriphClockCmd   0x800'21c9   0x1c  Code  Gb  stm32f4xx_rcc.o [4]
RCC_APB2PeriphClockCmd   0x800'21e5   0x1c  Code  Gb  stm32f4xx_rcc.o [4]
RCC_GetClocksFreq        0x800'210d   0xbc  Code  Gb  stm32f4xx_rcc.o [4]
RCC_IRQHandler           0x800'2ad1         Code  Wk  startup_stm32f40_41xxx.o [2]
RTC_Alarm_IRQHandler     0x800'2b5d         Code  Wk  startup_stm32f40_41xxx.o [2]
RTC_WKUP_IRQHandler      0x800'2ac9         Code  Wk  startup_stm32f40_41xxx.o [2]
Region$$Table$$Base      0x800'2a0c          --   Gb  - Linker created -
Region$$Table$$Limit     0x800'2a1c          --   Gb  - Linker created -
Reset_Handler            0x800'2a95         Code  Wk  startup_stm32f40_41xxx.o [2]
SDIO_IRQHandler          0x800'2b7d         Code  Wk  startup_stm32f40_41xxx.o [2]
SPI1_IRQHandler          0x800'2b49         Code  Wk  startup_stm32f40_41xxx.o [2]
SPI2_IRQHandler          0x800'2b4d         Code  Wk  startup_stm32f40_41xxx.o [2]
SPI3_IRQHandler          0x800'2b85         Code  Wk  startup_stm32f40_41xxx.o [2]
SVC_Handler              0x800'10f1    0x2  Code  Gb  stm32f4xx_it.o [3]
Serial_Event             0x800'1ef9   0xc6  Code  Gb  main.o [1]
Serial_Send              0x800'1fbf   0x1e  Code  Gb  main.o [1]
Serial_Send_String       0x800'1fdd   0x16  Code  Gb  main.o [1]
SetSysClock              0x800'2893   0xaa  Code  Lc  system_stm32f4xx.o [3]
SysTick_Handler          0x800'10f7    0x2  Code  Gb  stm32f4xx_it.o [3]
SystemInit               0x800'284d   0x46  Code  Gb  system_stm32f4xx.o [3]
TAMP_STAMP_IRQHandler    0x800'2ac5         Code  Wk  startup_stm32f40_41xxx.o [2]
TIM1_BRK_TIM9_IRQHandler
                         0x800'2b1d         Code  Wk  startup_stm32f40_41xxx.o [2]
TIM1_CC_IRQHandler       0x800'2b29         Code  Wk  startup_stm32f40_41xxx.o [2]
TIM1_TRG_COM_TIM11_IRQHandler
                         0x800'2b25         Code  Wk  startup_stm32f40_41xxx.o [2]
TIM1_UP_TIM10_IRQHandler
                         0x800'2b21         Code  Wk  startup_stm32f40_41xxx.o [2]
TIM2_IRQHandler          0x800'2b2d         Code  Wk  startup_stm32f40_41xxx.o [2]
TIM3_IRQHandler          0x800'2b31         Code  Wk  startup_stm32f40_41xxx.o [2]
TIM4_IRQHandler          0x800'2b35         Code  Wk  startup_stm32f40_41xxx.o [2]
TIM5_IRQHandler          0x800'2b81         Code  Wk  startup_stm32f40_41xxx.o [2]
TIM6_DAC_IRQHandler      0x800'2b91         Code  Wk  startup_stm32f40_41xxx.o [2]
TIM7_IRQHandler          0x800'2b95         Code  Wk  startup_stm32f40_41xxx.o [2]
TIM8_BRK_TIM12_IRQHandler
                         0x800'2b65         Code  Wk  startup_stm32f40_41xxx.o [2]
TIM8_CC_IRQHandler       0x800'2b71         Code  Wk  startup_stm32f40_41xxx.o [2]
TIM8_TRG_COM_TIM14_IRQHandler
                         0x800'2b6d         Code  Wk  startup_stm32f40_41xxx.o [2]
TIM8_UP_TIM13_IRQHandler
                         0x800'2b69         Code  Wk  startup_stm32f40_41xxx.o [2]
UART4_IRQHandler         0x800'2b89         Code  Wk  startup_stm32f40_41xxx.o [2]
UART5_IRQHandler         0x800'2b8d         Code  Wk  startup_stm32f40_41xxx.o [2]
USART1_IRQHandler        0x800'2015   0x42  Code  Gb  main.o [1]
USART1_IRQHandler{1}{2}::i
                        0x2000'00c4    0x4  Data  Lc  main.o [1]
USART2_IRQHandler        0x800'2b51         Code  Wk  startup_stm32f40_41xxx.o [2]
USART3_IRQHandler        0x800'2b55         Code  Wk  startup_stm32f40_41xxx.o [2]
USART6_IRQHandler        0x800'2bd5         Code  Wk  startup_stm32f40_41xxx.o [2]
USART_Cmd                0x800'244d   0x1c  Code  Gb  stm32f4xx_usart.o [4]
USART_GetFlagStatus      0x800'24cd   0x1a  Code  Gb  stm32f4xx_usart.o [4]
USART_GetITStatus        0x800'24e7   0x64  Code  Gb  stm32f4xx_usart.o [4]
USART_ITConfig           0x800'2479   0x54  Code  Gb  stm32f4xx_usart.o [4]
USART_Init               0x800'2385   0xba  Code  Gb  stm32f4xx_usart.o [4]
USART_ReceiveData        0x800'2471    0x8  Code  Gb  stm32f4xx_usart.o [4]
USART_SendData           0x800'2469    0x8  Code  Gb  stm32f4xx_usart.o [4]
UsageFault_Handler       0x800'10ef    0x2  Code  Gb  stm32f4xx_it.o [3]
WWDG_IRQHandler          0x800'2abd         Code  Wk  startup_stm32f40_41xxx.o [2]
_LC                      0x800'0189    0x6  Code  Lc  xprintffull_nomb.o [5]
_LitobFullNoMb           0x800'0e71  0x114  Code  Lc  xprintffull_nomb.o [5]
_LocaleC_isspace         0x800'1b81   0x14  Code  Gb  xlocale_c.o [5]
_LocaleC_isupper         0x800'1b75    0x2  Code  Gb  xlocale_c.o [5]
_LocaleC_tolower         0x800'1b95    0xc  Code  Gb  xlocale_c.o [5]
_Locale_lconv           0x2000'0010   0x38  Data  Lc  xlocale_c.o [5]
_PrintfFullNoMb          0x800'018f  0xcb4  Code  Gb  xprintffull_nomb.o [5]
_Prout                   0x800'2a6d   0x16  Code  Gb  xprout.o [5]
_PutcharsFullNoMb        0x800'0fdd   0x2e  Code  Lc  xprintffull_nomb.o [5]
_Strtok_ssave           0x2000'00c8    0x4  Data  Lc  strtok.o [5]
__aeabi_cdcmple          0x800'12e1         Code  Gb  DblCmpLe.o [6]
__aeabi_cdrcmple         0x800'1315         Code  Gb  DblCmpGe.o [6]
__aeabi_d2iz             0x800'1485         Code  Gb  DblToS32.o [6]
__aeabi_d2uiz            0x800'1989         Code  Gb  DblToU32.o [6]
__aeabi_dadd             0x800'14e1         Code  Gb  DblAddSub.o [6]
__aeabi_ddiv             0x800'1741         Code  Gb  DblDiv.o [6]
__aeabi_dmul             0x800'19c9         Code  Gb  DblMul.o [6]
__aeabi_dsub             0x800'165d         Code  Gb  DblAddSub.o [6]
__aeabi_i2d              0x800'14bd         Code  Gb  S32ToDbl.o [6]
__aeabi_ldiv0            0x800'1de9         Code  Gb  I64DivZer.o [7]
__aeabi_memclr4          0x800'254d         Code  Gb  ABImemclr4.o [7]
__aeabi_memcpy           0x800'11c9         Code  Gb  ABImemcpy.o [7]
__aeabi_memcpy4          0x800'11e9         Code  Gb  ABImemcpy.o [7]
__aeabi_memcpy8          0x800'11e9         Code  Gb  ABImemcpy.o [7]
__aeabi_memset           0x800'2555         Code  Gb  ABImemset.o [7]
__aeabi_ui2d             0x800'19ad         Code  Gb  U32ToDbl.o [6]
__aeabi_uldivmod         0x800'1bb1         Code  Gb  I64DivMod.o [7]
__cmain                  0x800'2a1d         Code  Gb  cmain.o [7]
__exit                   0x800'1ded   0x14  Code  Gb  exit.o [8]
__iar_Fail_s             0x800'10f9   0x1c  Code  Gb  xfail_s.o [5]
__iar_Memchr             0x800'1171         Code  Gb  memchr.o [7]
__iar_Memset             0x800'2555         Code  Gb  ABImemset.o [7]
__iar_Memset4_word       0x800'27ad         Code  Gb  ABImemset48.o [7]
__iar_Memset8_word       0x800'27ad         Code  Gb  ABImemset48.o [7]
__iar_Memset_word        0x800'255d         Code  Gb  ABImemset.o [7]
__iar_Stoul              0x800'279d    0x2  Code  Gb  iar_Stoulx.o [5]
__iar_Stoulx             0x800'265d  0x13a  Code  Gb  iar_Stoulx.o [5]
__iar_Strchr             0x800'10d1         Code  Gb  strchr.o [7]
__iar_data_init3         0x800'29c1   0x28  Code  Gb  data_init.o [7]
__iar_frexp              0x800'127d         Code  Gb  frexp.o [6]
__iar_frexpl             0x800'127d         Code  Gb  frexp.o [6]
__iar_globLocale        0x2000'0048   0x48  Data  Lc  xlocale_c.o [5]
__iar_global_Locale      0x800'1ba1    0x4  Code  Gb  xlocale_c.o [5]
__iar_init_vfp           0x800'29e9         Code  Gb  fpinit_M.o [6]
__iar_ldexp64            0x800'1349         Code  Gb  ldexp.o [6]
__iar_lz77_init_single3
                         0x800'1053   0x7e  Code  Gb  lz77_init_single.o [7]
__iar_program_start      0x800'2a51         Code  Gb  cstartup_M.o [7]
__iar_scalbln64          0x800'1349         Code  Gb  ldexp.o [6]
__iar_scalbn64           0x800'1349         Code  Gb  ldexp.o [6]
__iar_softfp___iar_frexp64
                         0x800'1271         Code  Gb  frexp.o [6]
__iar_softfp_frexp       0x800'1271         Code  Gb  frexp.o [6]
__iar_softfp_frexpl      0x800'1271         Code  Gb  frexp.o [6]
__low_level_init         0x800'2a3b    0x4  Code  Gb  low_level_init.o [5]
__vector_table           0x800'0000         Data  Gb  startup_stm32f40_41xxx.o [2]
_call_main               0x800'2a29         Code  Gb  cmain.o [7]
_exit                    0x800'2a45         Code  Gb  cexit.o [7]
abort                    0x800'1de1    0x6  Code  Gb  abort.o [5]
atoi                     0x800'279f    0x2  Code  Gb  iar_Stoulx.o [5]
digits                   0x800'2998   0x28  Data  Lc  iar_Stoulx.o [5]
exit                     0x800'2a3f    0x4  Code  Gb  exit.o [5]
isspace                  0x800'2823   0x14  Code  Gb  isspace.o [5]
ldexp                    0x800'1349         Code  Gb  ldexp.o [6]
ldexpl                   0x800'1349         Code  Gb  ldexp.o [6]
localeconv               0x800'1ba5    0x4  Code  Gb  xlocale_c.o [5]
main                     0x800'1e01   0xf8  Code  Gb  main.o [1]
memchr                   0x800'1171         Code  Gb  memchr.o [7]
ndigs                    0x800'2970   0x28  Data  Lc  iar_Stoulx.o [5]
print_2d1                0x800'2057   0x68  Code  Gb  main.o [1]
printf                   0x800'25d5   0x28  Code  Gb  printf.o [5]
putchar                  0x800'1ff3   0x22  Code  Gb  main.o [1]
rx1Data                 0x2000'0090   0x34  Data  Gb  main.o [1]
rx1Flag                 0x2000'00d0    0x1  Data  Gb  main.o [1]
scalbln                  0x800'1349         Code  Gb  ldexp.o [6]
scalblnl                 0x800'1349         Code  Gb  ldexp.o [6]
scalbn                   0x800'1349         Code  Gb  ldexp.o [6]
scalbnl                  0x800'1349         Code  Gb  ldexp.o [6]
scale                    0x800'0f85   0x46  Code  Lc  xprintffull_nomb.o [5]
sec_hand                0x2000'00cc    0x4  Data  Lc  xfail_s.o [5]
strchr                   0x800'10d1         Code  Gb  strchr.o [7]
strcmp                   0x800'2649         Code  Gb  strcmp.o [7]
strcpy                   0x800'25bd         Code  Gb  strcpy.o [7]
strcspn                  0x800'2801   0x22  Code  Gb  strcspn.o [5]
strlen                   0x800'1139         Code  Gb  strlen.o [7]
strspn                   0x800'27df   0x22  Code  Gb  strspn.o [5]
strtok                   0x800'25fd   0x4c  Code  Gb  strtok.o [5]
tolower                  0x800'2837   0x14  Code  Gb  tolower.o [5]


[1] = C:\Users\IoT07\Documents\iar\uart1Test_strtok_printf_portA910\Debug\Obj
[2] = C:\Users\IoT07\Documents\iar\uart1Test_strtok_printf_portA910\Debug\Obj\CMSIS
[3] = C:\Users\IoT07\Documents\iar\uart1Test_strtok_printf_portA910\Debug\Obj\COMM
[4] = C:\Users\IoT07\Documents\iar\uart1Test_strtok_printf_portA910\Debug\Obj\STM32
[5] = dl7M_tlf.a
[6] = m7M_tls.a
[7] = rt7M_tl.a
[8] = shb_l.a

  11'119 bytes of readonly  code memory
     212 bytes of readonly  data memory
   8'401 bytes of readwrite data memory

Errors: none
Warnings: none
