###############################################################################
#
# IAR ELF Linker V9.32.1.338/W64 for ARM                  06/Mar/2023  16:10:20
# Copyright 2007-2022 IAR Systems AB.
#
#    Output file  =
#        C:\Users\IoT21\Documents\iar\0306
#        timer_LED_Color\Debug\Exe\sampleUart2.out
#    Map file     =
#        C:\Users\IoT21\Documents\iar\0306
#        timer_LED_Color\Debug\List\sampleUart2.map
#    Command line =
#        -f "C:\Users\IoT21\Documents\iar\0306
#        timer_LED_Color\Debug\Exe\sampleUart2.out.rsp"
#        ("C:\Users\IoT21\Documents\iar\0306 timer_LED_Color\Debug\Obj\main.o"
#        "C:\Users\IoT21\Documents\iar\0306
#        timer_LED_Color\Debug\Obj\STM32\misc.o"
#        "C:\Users\IoT21\Documents\iar\0306
#        timer_LED_Color\Debug\Obj\CMSIS\startup_stm32f40_41xxx.o"
#        "C:\Users\IoT21\Documents\iar\0306
#        timer_LED_Color\Debug\Obj\STM32\stm32f4xx_exti.o"
#        "C:\Users\IoT21\Documents\iar\0306
#        timer_LED_Color\Debug\Obj\STM32\stm32f4xx_gpio.o"
#        "C:\Users\IoT21\Documents\iar\0306
#        timer_LED_Color\Debug\Obj\COMM\stm32f4xx_it.o"
#        "C:\Users\IoT21\Documents\iar\0306
#        timer_LED_Color\Debug\Obj\STM32\stm32f4xx_rcc.o"
#        "C:\Users\IoT21\Documents\iar\0306
#        timer_LED_Color\Debug\Obj\STM32\stm32f4xx_tim.o"
#        "C:\Users\IoT21\Documents\iar\0306
#        timer_LED_Color\Debug\Obj\STM32\stm32f4xx_usart.o"
#        "C:\Users\IoT21\Documents\iar\0306
#        timer_LED_Color\Debug\Obj\COMM\system_stm32f4xx.o"
#        "C:\Users\IoT21\Documents\iar\0306 timer_LED_Color\Debug\Obj\uart2.o"
#        --no_out_extension -o "C:\Users\IoT21\Documents\iar\0306
#        timer_LED_Color\Debug\Exe\sampleUart2.out" --redirect
#        _Printf=_PrintfFullNoMb --redirect _Scanf=_ScanfFullNoMb --map
#        "C:\Users\IoT21\Documents\iar\0306
#        timer_LED_Color\Debug\List\sampleUart2.map" --config
#        "C:\Users\IoT21\Documents\iar\0306 timer_LED_Color\stm32f405xG.icf"
#        --semihosting --entry __iar_program_start --vfe --text_out locale
#        --cpu=Cortex-M4 --fpu=VFPv4_sp)
#
###############################################################################

*******************************************************************************
*** RUNTIME MODEL ATTRIBUTES
***

CppFlavor       = *
__CPP_Runtime   = 1
__SystemLibrary = DLib
__dlib_version  = 6


*******************************************************************************
*** HEAP SELECTION
***

The basic heap was selected because --advanced_heap
was not specified and the application did not appear to
be primarily optimized for speed.


*******************************************************************************
*** PLACEMENT SUMMARY
***

"A0":  place at address 0x800'0000 { ro section .intvec };
"P1":  place in [from 0x800'0000 to 0x80f'ffff] { ro };
define block CSTACK with size = 8K, alignment = 8 { };
define block HEAP with size = 8K, alignment = 8 { };
"P2":  place in [from 0x2000'0000 to 0x2001'ffff] {
          rw, block CSTACK, block HEAP };
initialize by copy { rw };

No sections matched the following patterns:

  section .sram  in "P3"


  Section            Kind         Address    Size  Object
  -------            ----         -------    ----  ------
"A0":                                       0x188
  .intvec            ro code   0x800'0000   0x188  startup_stm32f40_41xxx.o [2]
                             - 0x800'0188   0x188

"P1":                                       0x964
  .text              ro code   0x800'0188   0x27e  stm32f4xx_tim.o [4]
  .text              ro code   0x800'0406    0x3a  packbits_init_single.o [7]
  .text              ro code   0x800'0440   0x14c  main.o [1]
  .text              ro code   0x800'058c    0x40  stm32f4xx_rcc.o [4]
  .text              ro code   0x800'05cc    0xe0  stm32f4xx_gpio.o [4]
  .text              ro code   0x800'06ac   0x124  system_stm32f4xx.o [3]
  .text              ro code   0x800'07d0    0x6c  stm32f4xx_usart.o [4]
  .text              ro code   0x800'083c    0x54  uart2.o [1]
  .text              ro code   0x800'0890    0x28  data_init.o [7]
  .text              ro code   0x800'08b8    0x22  fpinit_M.o [6]
  .iar.init_table    const     0x800'08dc    0x10  - Linker created -
  .text              ro code   0x800'08ec    0x12  stm32f4xx_it.o [3]
  .text              ro code   0x800'0900    0x1e  cmain.o [7]
  .text              ro code   0x800'091e     0x4  low_level_init.o [5]
  .text              ro code   0x800'0922     0x4  exit.o [5]
  .text              ro code   0x800'0928     0xa  cexit.o [7]
  .text              ro code   0x800'0934    0x14  exit.o [8]
  .text              ro code   0x800'0948    0x1c  cstartup_M.o [7]
  .text              ro code   0x800'0964    0x10  startup_stm32f40_41xxx.o [2]
  .text              ro code   0x800'0974     0x4  startup_stm32f40_41xxx.o [2]
  .text              ro code   0x800'0978     0x4  startup_stm32f40_41xxx.o [2]
  .text              ro code   0x800'097c     0x4  startup_stm32f40_41xxx.o [2]
  .text              ro code   0x800'0980     0x4  startup_stm32f40_41xxx.o [2]
  .text              ro code   0x800'0984     0x4  startup_stm32f40_41xxx.o [2]
  .text              ro code   0x800'0988     0x4  startup_stm32f40_41xxx.o [2]
  .text              ro code   0x800'098c     0x4  startup_stm32f40_41xxx.o [2]
  .text              ro code   0x800'0990     0x4  startup_stm32f40_41xxx.o [2]
  .text              ro code   0x800'0994     0x4  startup_stm32f40_41xxx.o [2]
  .text              ro code   0x800'0998     0x4  startup_stm32f40_41xxx.o [2]
  .text              ro code   0x800'099c     0x4  startup_stm32f40_41xxx.o [2]
  .text              ro code   0x800'09a0     0x4  startup_stm32f40_41xxx.o [2]
  .text              ro code   0x800'09a4     0x4  startup_stm32f40_41xxx.o [2]
  .text              ro code   0x800'09a8     0x4  startup_stm32f40_41xxx.o [2]
  .text              ro code   0x800'09ac     0x4  startup_stm32f40_41xxx.o [2]
  .text              ro code   0x800'09b0     0x4  startup_stm32f40_41xxx.o [2]
  .text              ro code   0x800'09b4     0x4  startup_stm32f40_41xxx.o [2]
  .text              ro code   0x800'09b8     0x4  startup_stm32f40_41xxx.o [2]
  .text              ro code   0x800'09bc     0x4  startup_stm32f40_41xxx.o [2]
  .text              ro code   0x800'09c0     0x4  startup_stm32f40_41xxx.o [2]
  .text              ro code   0x800'09c4     0x4  startup_stm32f40_41xxx.o [2]
  .text              ro code   0x800'09c8     0x4  startup_stm32f40_41xxx.o [2]
  .text              ro code   0x800'09cc     0x4  startup_stm32f40_41xxx.o [2]
  .text              ro code   0x800'09d0     0x4  startup_stm32f40_41xxx.o [2]
  .text              ro code   0x800'09d4     0x4  startup_stm32f40_41xxx.o [2]
  .text              ro code   0x800'09d8     0x4  startup_stm32f40_41xxx.o [2]
  .text              ro code   0x800'09dc     0x4  startup_stm32f40_41xxx.o [2]
  .text              ro code   0x800'09e0     0x4  startup_stm32f40_41xxx.o [2]
  .text              ro code   0x800'09e4     0x4  startup_stm32f40_41xxx.o [2]
  .text              ro code   0x800'09e8     0x4  startup_stm32f40_41xxx.o [2]
  .text              ro code   0x800'09ec     0x4  startup_stm32f40_41xxx.o [2]
  .text              ro code   0x800'09f0     0x4  startup_stm32f40_41xxx.o [2]
  .text              ro code   0x800'09f4     0x4  startup_stm32f40_41xxx.o [2]
  .text              ro code   0x800'09f8     0x4  startup_stm32f40_41xxx.o [2]
  .text              ro code   0x800'09fc     0x4  startup_stm32f40_41xxx.o [2]
  .text              ro code   0x800'0a00     0x4  startup_stm32f40_41xxx.o [2]
  .text              ro code   0x800'0a04     0x4  startup_stm32f40_41xxx.o [2]
  .text              ro code   0x800'0a08     0x4  startup_stm32f40_41xxx.o [2]
  .text              ro code   0x800'0a0c     0x4  startup_stm32f40_41xxx.o [2]
  .text              ro code   0x800'0a10     0x4  startup_stm32f40_41xxx.o [2]
  .text              ro code   0x800'0a14     0x4  startup_stm32f40_41xxx.o [2]
  .text              ro code   0x800'0a18     0x4  startup_stm32f40_41xxx.o [2]
  .text              ro code   0x800'0a1c     0x4  startup_stm32f40_41xxx.o [2]
  .text              ro code   0x800'0a20     0x4  startup_stm32f40_41xxx.o [2]
  .text              ro code   0x800'0a24     0x4  startup_stm32f40_41xxx.o [2]
  .text              ro code   0x800'0a28     0x4  startup_stm32f40_41xxx.o [2]
  .text              ro code   0x800'0a2c     0x4  startup_stm32f40_41xxx.o [2]
  .text              ro code   0x800'0a30     0x4  startup_stm32f40_41xxx.o [2]
  .text              ro code   0x800'0a34     0x4  startup_stm32f40_41xxx.o [2]
  .text              ro code   0x800'0a38     0x4  startup_stm32f40_41xxx.o [2]
  .text              ro code   0x800'0a3c     0x4  startup_stm32f40_41xxx.o [2]
  .text              ro code   0x800'0a40     0x4  startup_stm32f40_41xxx.o [2]
  .text              ro code   0x800'0a44     0x4  startup_stm32f40_41xxx.o [2]
  .text              ro code   0x800'0a48     0x4  startup_stm32f40_41xxx.o [2]
  .text              ro code   0x800'0a4c     0x4  startup_stm32f40_41xxx.o [2]
  .text              ro code   0x800'0a50     0x4  startup_stm32f40_41xxx.o [2]
  .text              ro code   0x800'0a54     0x4  startup_stm32f40_41xxx.o [2]
  .text              ro code   0x800'0a58     0x4  startup_stm32f40_41xxx.o [2]
  .text              ro code   0x800'0a5c     0x4  startup_stm32f40_41xxx.o [2]
  .text              ro code   0x800'0a60     0x4  startup_stm32f40_41xxx.o [2]
  .text              ro code   0x800'0a64     0x4  startup_stm32f40_41xxx.o [2]
  .text              ro code   0x800'0a68     0x4  startup_stm32f40_41xxx.o [2]
  .text              ro code   0x800'0a6c     0x4  startup_stm32f40_41xxx.o [2]
  .text              ro code   0x800'0a70     0x4  startup_stm32f40_41xxx.o [2]
  .text              ro code   0x800'0a74     0x4  startup_stm32f40_41xxx.o [2]
  .text              ro code   0x800'0a78     0x4  startup_stm32f40_41xxx.o [2]
  .text              ro code   0x800'0a7c     0x4  startup_stm32f40_41xxx.o [2]
  .text              ro code   0x800'0a80     0x4  startup_stm32f40_41xxx.o [2]
  .text              ro code   0x800'0a84     0x4  startup_stm32f40_41xxx.o [2]
  .text              ro code   0x800'0a88     0x4  startup_stm32f40_41xxx.o [2]
  .text              ro code   0x800'0a8c     0x4  startup_stm32f40_41xxx.o [2]
  .text              ro code   0x800'0a90     0x4  startup_stm32f40_41xxx.o [2]
  .text              ro code   0x800'0a94     0x4  startup_stm32f40_41xxx.o [2]
  .text              ro code   0x800'0a98     0x4  startup_stm32f40_41xxx.o [2]
  .text              ro code   0x800'0a9c     0x4  startup_stm32f40_41xxx.o [2]
  .text              ro code   0x800'0aa0     0x4  startup_stm32f40_41xxx.o [2]
  .text              ro code   0x800'0aa4     0x4  startup_stm32f40_41xxx.o [2]
  .text              ro code   0x800'0aa8     0x4  startup_stm32f40_41xxx.o [2]
  .text              ro code   0x800'0aac     0x4  startup_stm32f40_41xxx.o [2]
  .text              ro code   0x800'0ab0     0x4  startup_stm32f40_41xxx.o [2]
  .text              ro code   0x800'0ab4     0x4  startup_stm32f40_41xxx.o [2]
  .rodata            const     0x800'0ab8     0x0  packbits_init_single.o [7]
  Initializer bytes  const     0x800'0ab8    0x34  <for P2-1>
                             - 0x800'0aec   0x964

"P2", part 1 of 2:                           0x75
  P2-1                        0x2000'0000    0x75  <Init block>
    .data            inited   0x2000'0000    0x3c  main.o [1]
    .bss             inited   0x2000'003c    0x34  uart2.o [1]
    .bss             inited   0x2000'0070     0x4  uart2.o [1]
    .bss             inited   0x2000'0074     0x1  uart2.o [1]
                            - 0x2000'0075    0x75

"P2", part 2 of 2:                         0x2000
  CSTACK                      0x2000'0078  0x2000  <Block>
    CSTACK           uninit   0x2000'0078  0x2000  <Block tail>
                            - 0x2000'2078  0x2000

Unused ranges:

         From           To      Size
         ----           --      ----
   0x800'0aec   0x80f'ffff  0xf'f514
  0x2000'0075  0x2000'0077       0x3
  0x2000'2078  0x2001'ffff  0x1'df88


*******************************************************************************
*** INIT TABLE
***

          Address      Size
          -------      ----
Copy/packbits (__iar_packbits_init_single3)
    1 source range, total size 0x34 (44% of destination):
           0x800'0ab8  0x34
    1 destination range, total size 0x75:
          0x2000'0000  0x75



*******************************************************************************
*** MODULE SUMMARY
***

    Module                    ro code  ro data  rw data
    ------                    -------  -------  -------
command line/config:
    ---------------------------------------------------
    Total:

C:\Users\IoT21\Documents\iar\0306 timer_LED_Color\Debug\Obj: [1]
    main.o                        332       26       60
    uart2.o                        84       26       57
    ---------------------------------------------------
    Total:                        416       52      117

C:\Users\IoT21\Documents\iar\0306 timer_LED_Color\Debug\Obj\CMSIS: [2]
    startup_stm32f40_41xxx.o      732
    ---------------------------------------------------
    Total:                        732

C:\Users\IoT21\Documents\iar\0306 timer_LED_Color\Debug\Obj\COMM: [3]
    stm32f4xx_it.o                 18
    system_stm32f4xx.o            292
    ---------------------------------------------------
    Total:                        310

C:\Users\IoT21\Documents\iar\0306 timer_LED_Color\Debug\Obj\STM32: [4]
    stm32f4xx_gpio.o              224
    stm32f4xx_rcc.o                64
    stm32f4xx_tim.o               638
    stm32f4xx_usart.o             108
    ---------------------------------------------------
    Total:                      1'034

dl7M_tln.a: [5]
    exit.o                          4
    low_level_init.o                4
    ---------------------------------------------------
    Total:                          8

m7M_tls.a: [6]
    fpinit_M.o                     34
    ---------------------------------------------------
    Total:                         34

rt7M_tl.a: [7]
    cexit.o                        10
    cmain.o                        30
    cstartup_M.o                   28
    data_init.o                    40
    packbits_init_single.o         58
    ---------------------------------------------------
    Total:                        166

shb_l.a: [8]
    exit.o                         20
    ---------------------------------------------------
    Total:                         20

    Gaps                            6        2
    Linker created                          16    8'192
-------------------------------------------------------
    Grand Total:                2'726       70    8'309


*******************************************************************************
*** ENTRY LIST
***

Entry                       Address   Size  Type      Object
-----                       -------   ----  ----      ------
.iar.init_table$$Base    0x800'08dc          --   Gb  - Linker created -
.iar.init_table$$Limit   0x800'08ec          --   Gb  - Linker created -
?main                    0x800'0901         Code  Gb  cmain.o [7]
ADC_IRQHandler           0x800'09bd         Code  Wk  startup_stm32f40_41xxx.o [2]
BusFault_Handler         0x800'08f3    0x2  Code  Gb  stm32f4xx_it.o [3]
CAN1_RX0_IRQHandler      0x800'09c5         Code  Wk  startup_stm32f40_41xxx.o [2]
CAN1_RX1_IRQHandler      0x800'09c9         Code  Wk  startup_stm32f40_41xxx.o [2]
CAN1_SCE_IRQHandler      0x800'09cd         Code  Wk  startup_stm32f40_41xxx.o [2]
CAN1_TX_IRQHandler       0x800'09c1         Code  Wk  startup_stm32f40_41xxx.o [2]
CAN2_RX0_IRQHandler      0x800'0a71         Code  Wk  startup_stm32f40_41xxx.o [2]
CAN2_RX1_IRQHandler      0x800'0a75         Code  Wk  startup_stm32f40_41xxx.o [2]
CAN2_SCE_IRQHandler      0x800'0a79         Code  Wk  startup_stm32f40_41xxx.o [2]
CAN2_TX_IRQHandler       0x800'0a6d         Code  Wk  startup_stm32f40_41xxx.o [2]
CRYP_IRQHandler          0x800'0aad         Code  Wk  startup_stm32f40_41xxx.o [2]
CSTACK$$Base            0x2000'0078          --   Gb  - Linker created -
CSTACK$$Limit           0x2000'2078          --   Gb  - Linker created -
DCMI_IRQHandler          0x800'0aa9         Code  Wk  startup_stm32f40_41xxx.o [2]
DMA1_Stream0_IRQHandler
                         0x800'09a1         Code  Wk  startup_stm32f40_41xxx.o [2]
DMA1_Stream1_IRQHandler
                         0x800'09a5         Code  Wk  startup_stm32f40_41xxx.o [2]
DMA1_Stream2_IRQHandler
                         0x800'09a9         Code  Wk  startup_stm32f40_41xxx.o [2]
DMA1_Stream3_IRQHandler
                         0x800'09ad         Code  Wk  startup_stm32f40_41xxx.o [2]
DMA1_Stream4_IRQHandler
                         0x800'09b1         Code  Wk  startup_stm32f40_41xxx.o [2]
DMA1_Stream5_IRQHandler
                         0x800'09b5         Code  Wk  startup_stm32f40_41xxx.o [2]
DMA1_Stream6_IRQHandler
                         0x800'09b9         Code  Wk  startup_stm32f40_41xxx.o [2]
DMA1_Stream7_IRQHandler
                         0x800'0a2d         Code  Wk  startup_stm32f40_41xxx.o [2]
DMA2_Stream0_IRQHandler
                         0x800'0a51         Code  Wk  startup_stm32f40_41xxx.o [2]
DMA2_Stream1_IRQHandler
                         0x800'0a55         Code  Wk  startup_stm32f40_41xxx.o [2]
DMA2_Stream2_IRQHandler
                         0x800'0a59         Code  Wk  startup_stm32f40_41xxx.o [2]
DMA2_Stream3_IRQHandler
                         0x800'0a5d         Code  Wk  startup_stm32f40_41xxx.o [2]
DMA2_Stream4_IRQHandler
                         0x800'0a61         Code  Wk  startup_stm32f40_41xxx.o [2]
DMA2_Stream5_IRQHandler
                         0x800'0a81         Code  Wk  startup_stm32f40_41xxx.o [2]
DMA2_Stream6_IRQHandler
                         0x800'0a85         Code  Wk  startup_stm32f40_41xxx.o [2]
DMA2_Stream7_IRQHandler
                         0x800'0a89         Code  Wk  startup_stm32f40_41xxx.o [2]
DebugMon_Handler         0x800'08f9    0x2  Code  Gb  stm32f4xx_it.o [3]
Delay                    0x800'0441   0x20  Code  Lc  main.o [1]
ETH_IRQHandler           0x800'0a65         Code  Wk  startup_stm32f40_41xxx.o [2]
ETH_WKUP_IRQHandler      0x800'0a69         Code  Wk  startup_stm32f40_41xxx.o [2]
EXTI0_IRQHandler         0x800'098d         Code  Wk  startup_stm32f40_41xxx.o [2]
EXTI15_10_IRQHandler     0x800'0a11         Code  Wk  startup_stm32f40_41xxx.o [2]
EXTI1_IRQHandler         0x800'0991         Code  Wk  startup_stm32f40_41xxx.o [2]
EXTI2_IRQHandler         0x800'0995         Code  Wk  startup_stm32f40_41xxx.o [2]
EXTI3_IRQHandler         0x800'0999         Code  Wk  startup_stm32f40_41xxx.o [2]
EXTI4_IRQHandler         0x800'099d         Code  Wk  startup_stm32f40_41xxx.o [2]
EXTI9_5_IRQHandler       0x800'09d1         Code  Wk  startup_stm32f40_41xxx.o [2]
FLASH_IRQHandler         0x800'0985         Code  Wk  startup_stm32f40_41xxx.o [2]
FPU_IRQHandler           0x800'0ab5         Code  Wk  startup_stm32f40_41xxx.o [2]
FSMC_IRQHandler          0x800'0a31         Code  Wk  startup_stm32f40_41xxx.o [2]
GPIO_Init                0x800'05cd   0x90  Code  Gb  stm32f4xx_gpio.o [4]
GPIO_PinAFConfig         0x800'065d   0x50  Code  Gb  stm32f4xx_gpio.o [4]
HASH_RNG_IRQHandler      0x800'0ab1         Code  Wk  startup_stm32f40_41xxx.o [2]
HardFault_Handler        0x800'08ef    0x2  Code  Gb  stm32f4xx_it.o [3]
I2C1_ER_IRQHandler       0x800'09f5         Code  Wk  startup_stm32f40_41xxx.o [2]
I2C1_EV_IRQHandler       0x800'09f1         Code  Wk  startup_stm32f40_41xxx.o [2]
I2C2_ER_IRQHandler       0x800'09fd         Code  Wk  startup_stm32f40_41xxx.o [2]
I2C2_EV_IRQHandler       0x800'09f9         Code  Wk  startup_stm32f40_41xxx.o [2]
I2C3_ER_IRQHandler       0x800'0a95         Code  Wk  startup_stm32f40_41xxx.o [2]
I2C3_EV_IRQHandler       0x800'0a91         Code  Wk  startup_stm32f40_41xxx.o [2]
MemManage_Handler        0x800'08f1    0x2  Code  Gb  stm32f4xx_it.o [3]
NMI_Handler              0x800'08ed    0x2  Code  Gb  stm32f4xx_it.o [3]
OTG_FS_IRQHandler        0x800'0a7d         Code  Wk  startup_stm32f40_41xxx.o [2]
OTG_FS_WKUP_IRQHandler   0x800'0a19         Code  Wk  startup_stm32f40_41xxx.o [2]
OTG_HS_EP1_IN_IRQHandler
                         0x800'0a9d         Code  Wk  startup_stm32f40_41xxx.o [2]
OTG_HS_EP1_OUT_IRQHandler
                         0x800'0a99         Code  Wk  startup_stm32f40_41xxx.o [2]
OTG_HS_IRQHandler        0x800'0aa5         Code  Wk  startup_stm32f40_41xxx.o [2]
OTG_HS_WKUP_IRQHandler   0x800'0aa1         Code  Wk  startup_stm32f40_41xxx.o [2]
PVD_IRQHandler           0x800'0979         Code  Wk  startup_stm32f40_41xxx.o [2]
PendSV_Handler           0x800'08fb    0x2  Code  Gb  stm32f4xx_it.o [3]
RCC_AHB1PeriphClockCmd   0x800'058d   0x1c  Code  Gb  stm32f4xx_rcc.o [4]
RCC_APB1PeriphClockCmd   0x800'05a9   0x1c  Code  Gb  stm32f4xx_rcc.o [4]
RCC_IRQHandler           0x800'0989         Code  Wk  startup_stm32f40_41xxx.o [2]
RGB_Table               0x2000'0000   0x3c  Data  Gb  main.o [1]
RTC_Alarm_IRQHandler     0x800'0a15         Code  Wk  startup_stm32f40_41xxx.o [2]
RTC_WKUP_IRQHandler      0x800'0981         Code  Wk  startup_stm32f40_41xxx.o [2]
Region$$Table$$Base      0x800'08dc          --   Gb  - Linker created -
Region$$Table$$Limit     0x800'08ec          --   Gb  - Linker created -
Reset_Handler            0x800'0965         Code  Wk  startup_stm32f40_41xxx.o [2]
SDIO_IRQHandler          0x800'0a35         Code  Wk  startup_stm32f40_41xxx.o [2]
SPI1_IRQHandler          0x800'0a01         Code  Wk  startup_stm32f40_41xxx.o [2]
SPI2_IRQHandler          0x800'0a05         Code  Wk  startup_stm32f40_41xxx.o [2]
SPI3_IRQHandler          0x800'0a3d         Code  Wk  startup_stm32f40_41xxx.o [2]
SVC_Handler              0x800'08f7    0x2  Code  Gb  stm32f4xx_it.o [3]
SetSysClock              0x800'06f3   0xaa  Code  Lc  system_stm32f4xx.o [3]
SysTick_Handler          0x800'08fd    0x2  Code  Gb  stm32f4xx_it.o [3]
SystemInit               0x800'06ad   0x46  Code  Gb  system_stm32f4xx.o [3]
TAMP_STAMP_IRQHandler    0x800'097d         Code  Wk  startup_stm32f40_41xxx.o [2]
TIM1_BRK_TIM9_IRQHandler
                         0x800'09d5         Code  Wk  startup_stm32f40_41xxx.o [2]
TIM1_CC_IRQHandler       0x800'09e1         Code  Wk  startup_stm32f40_41xxx.o [2]
TIM1_TRG_COM_TIM11_IRQHandler
                         0x800'09dd         Code  Wk  startup_stm32f40_41xxx.o [2]
TIM1_UP_TIM10_IRQHandler
                         0x800'09d9         Code  Wk  startup_stm32f40_41xxx.o [2]
TIM2_IRQHandler          0x800'09e5         Code  Wk  startup_stm32f40_41xxx.o [2]
TIM3_IRQHandler          0x800'09e9         Code  Wk  startup_stm32f40_41xxx.o [2]
TIM4_IRQHandler          0x800'09ed         Code  Wk  startup_stm32f40_41xxx.o [2]
TIM5_IRQHandler          0x800'0a39         Code  Wk  startup_stm32f40_41xxx.o [2]
TIM6_DAC_IRQHandler      0x800'0a49         Code  Wk  startup_stm32f40_41xxx.o [2]
TIM7_IRQHandler          0x800'0a4d         Code  Wk  startup_stm32f40_41xxx.o [2]
TIM8_BRK_TIM12_IRQHandler
                         0x800'0a1d         Code  Wk  startup_stm32f40_41xxx.o [2]
TIM8_CC_IRQHandler       0x800'0a29         Code  Wk  startup_stm32f40_41xxx.o [2]
TIM8_TRG_COM_TIM14_IRQHandler
                         0x800'0a25         Code  Wk  startup_stm32f40_41xxx.o [2]
TIM8_UP_TIM13_IRQHandler
                         0x800'0a21         Code  Wk  startup_stm32f40_41xxx.o [2]
TIM_ARRPreloadConfig     0x800'01f3   0x1c  Code  Gb  stm32f4xx_tim.o [4]
TIM_Cmd                  0x800'020f   0x1c  Code  Gb  stm32f4xx_tim.o [4]
TIM_OC1Init              0x800'022b   0x78  Code  Gb  stm32f4xx_tim.o [4]
TIM_OC1PreloadConfig     0x800'03d5   0x10  Code  Gb  stm32f4xx_tim.o [4]
TIM_OC2Init              0x800'02a3   0x86  Code  Gb  stm32f4xx_tim.o [4]
TIM_OC2PreloadConfig     0x800'03e5   0x12  Code  Gb  stm32f4xx_tim.o [4]
TIM_OC3Init              0x800'0329   0x84  Code  Gb  stm32f4xx_tim.o [4]
TIM_OC3PreloadConfig     0x800'03f7   0x10  Code  Gb  stm32f4xx_tim.o [4]
TIM_SetCompare1          0x800'03c9    0x4  Code  Gb  stm32f4xx_tim.o [4]
TIM_SetCompare2          0x800'03cd    0x4  Code  Gb  stm32f4xx_tim.o [4]
TIM_SetCompare3          0x800'03d1    0x4  Code  Gb  stm32f4xx_tim.o [4]
TIM_TimeBaseInit         0x800'0189   0x6a  Code  Gb  stm32f4xx_tim.o [4]
UART4_IRQHandler         0x800'0a41         Code  Wk  startup_stm32f40_41xxx.o [2]
UART5_IRQHandler         0x800'0a45         Code  Wk  startup_stm32f40_41xxx.o [2]
USART1_IRQHandler        0x800'0a09         Code  Wk  startup_stm32f40_41xxx.o [2]
USART2_IRQHandler        0x800'083d   0x42  Code  Gb  uart2.o [1]
USART2_IRQHandler{1}{2}::i
                        0x2000'0070    0x4  Data  Lc  uart2.o [1]
USART3_IRQHandler        0x800'0a0d         Code  Wk  startup_stm32f40_41xxx.o [2]
USART6_IRQHandler        0x800'0a8d         Code  Wk  startup_stm32f40_41xxx.o [2]
USART_GetITStatus        0x800'07d9   0x64  Code  Gb  stm32f4xx_usart.o [4]
USART_ReceiveData        0x800'07d1    0x8  Code  Gb  stm32f4xx_usart.o [4]
UsageFault_Handler       0x800'08f5    0x2  Code  Gb  stm32f4xx_it.o [3]
WWDG_IRQHandler          0x800'0975         Code  Wk  startup_stm32f40_41xxx.o [2]
__cmain                  0x800'0901         Code  Gb  cmain.o [7]
__exit                   0x800'0935   0x14  Code  Gb  exit.o [8]
__iar_data_init3         0x800'0891   0x28  Code  Gb  data_init.o [7]
__iar_init_vfp           0x800'08b9         Code  Gb  fpinit_M.o [6]
__iar_packbits_init_single3
                         0x800'0407   0x3a  Code  Gb  packbits_init_single.o [7]
__iar_program_start      0x800'0949         Code  Gb  cstartup_M.o [7]
__low_level_init         0x800'091f    0x4  Code  Gb  low_level_init.o [5]
__vector_table           0x800'0000         Data  Gb  startup_stm32f40_41xxx.o [2]
_call_main               0x800'090d         Code  Gb  cmain.o [7]
_exit                    0x800'0929         Code  Gb  cexit.o [7]
exit                     0x800'0923    0x4  Code  Gb  exit.o [5]
main                     0x800'0461  0x11e  Code  Gb  main.o [1]
rx2Data                 0x2000'003c   0x34  Data  Gb  uart2.o [1]
rx2Flag                 0x2000'0074    0x1  Data  Gb  uart2.o [1]


[1] = C:\Users\IoT21\Documents\iar\0306 timer_LED_Color\Debug\Obj
[2] = C:\Users\IoT21\Documents\iar\0306 timer_LED_Color\Debug\Obj\CMSIS
[3] = C:\Users\IoT21\Documents\iar\0306 timer_LED_Color\Debug\Obj\COMM
[4] = C:\Users\IoT21\Documents\iar\0306 timer_LED_Color\Debug\Obj\STM32
[5] = dl7M_tln.a
[6] = m7M_tls.a
[7] = rt7M_tl.a
[8] = shb_l.a

  2'726 bytes of readonly  code memory
     70 bytes of readonly  data memory
  8'309 bytes of readwrite data memory

Errors: none
Warnings: none
